05-17 10:40:39.204  2383  2383 D RIL_IccCardProxy-(0): getState: set mPhoneId=0 mExternalState=READY
05-17 10:40:39.204  2383  2383 D RIL_IccCardProxy-(0): getState: set mPhoneId=0 mExternalState=READY
05-17 10:40:39.204  2383  2383 D RIL_IccCardProxy-(0): getState: set mPhoneId=0 mExternalState=READY
05-17 10:40:39.204  2383  2383 D RIL_IccCardProxy-(0): getState: set mPhoneId=0 mExternalState=READY
05-17 10:40:39.205  2383 11348 D ImsManager: getWfcMode - setting=2
05-17 10:40:39.801  2383 11348 D ImsManager: getWfcMode - setting=2
05-17 10:40:42.402  2383  8314 D SubscriptionController: [getPhoneId] asked for default subId=1
05-17 10:40:42.431  4100  4100 D ImsManager: [getNetworkSwitchProp] NETWORK_SWITCH : 0
05-17 10:40:42.431  4100  4100 D ImsManager: [getNetworkSwitchProp] NETWORK_SWITCH : 0
05-17 10:40:42.434  4100  4100 D ACCCustomizationManager: simMccMnc= 23433 spn=  gid1= 0000 SubId= 1
05-17 10:40:42.434  4100  4100 D ImsManager: [isWfcEnabledByPlatform] htc sense qctEnabled: true, movialEnabled: false, isWfcEnalbefalse
05-17 10:40:42.436  4100  4100 D ImsManager: [getNetworkSwitchProp] NETWORK_SWITCH : 0
05-17 10:40:42.436  4100  4100 D ImsManager: [getNetworkSwitchProp] NETWORK_SWITCH : 0
05-17 10:40:42.438  4100  4100 D ACCCustomizationManager: simMccMnc= 23433 spn=  gid1= 0000 SubId= 1
05-17 10:40:42.438  4100  4100 D ImsManager: [isWfcEnabledByPlatform] htc sense qctEnabled: true, movialEnabled: false, isWfcEnalbefalse
05-17 10:40:42.457  4100  4100 D ImsManager: [getNetworkSwitchProp] NETWORK_SWITCH : 0
05-17 10:40:42.457  4100  4100 D ImsManager: [getNetworkSwitchProp] NETWORK_SWITCH : 0
05-17 10:40:42.461  4100  4100 D ACCCustomizationManager: simMccMnc= 23433 spn=  gid1= 0000 SubId= 1
05-17 10:40:42.461  4100  4100 D ImsManager: [isWfcEnabledByPlatform] htc sense qctEnabled: true, movialEnabled: false, isWfcEnalbefalse
05-17 10:40:42.581  4100  4100 D ImsManager: [getNetworkSwitchProp] NETWORK_SWITCH : 0
05-17 10:40:42.581  4100  4100 D ImsManager: [getNetworkSwitchProp] NETWORK_SWITCH : 0
05-17 10:40:42.583  4100  4100 D ACCCustomizationManager: simMccMnc= 23433 spn=  gid1= 0000 SubId= 1
05-17 10:40:42.584  4100  4100 D ImsManager: [isWfcEnabledByPlatform] htc sense qctEnabled: true, movialEnabled: false, isWfcEnalbefalse
05-17 10:40:42.592  4100  4100 D PhoneNumberUtils: slotId:0 subId:1 country:null emergencyNumbers: 999,112,9999,1122,141999,141112,911
05-17 10:40:42.732  4100  4100 D ImsManager: [getNetworkSwitchProp] NETWORK_SWITCH : 0
05-17 10:40:42.732  4100  4100 D ImsManager: [getNetworkSwitchProp] NETWORK_SWITCH : 0
05-17 10:40:42.735  4100  4100 D ACCCustomizationManager: simMccMnc= 23433 spn=  gid1= 0000 SubId= 1
05-17 10:40:42.735  4100  4100 D ImsManager: [isWfcEnabledByPlatform] htc sense qctEnabled: true, movialEnabled: false, isWfcEnalbefalse
05-17 10:40:42.742  4100  4100 D PhoneNumberUtils: slotId:0 subId:1 country:null emergencyNumbers: 999,112,9999,1122,141999,141112,911
05-17 10:40:43.567  4100  4100 D ImsManager: [getNetworkSwitchProp] NETWORK_SWITCH : 0
05-17 10:40:43.567  4100  4100 D ImsManager: [getNetworkSwitchProp] NETWORK_SWITCH : 0
05-17 10:40:43.571  4100  4100 D ACCCustomizationManager: simMccMnc= 23433 spn=  gid1= 0000 SubId= 1
05-17 10:40:43.571  4100  4100 D ImsManager: [isWfcEnabledByPlatform] htc sense qctEnabled: true, movialEnabled: false, isWfcEnalbefalse
05-17 10:40:43.572  4100  4100 D ImsManager: [getNetworkSwitchProp] NETWORK_SWITCH : 0
05-17 10:40:43.572  4100  4100 D ImsManager: [getNetworkSwitchProp] NETWORK_SWITCH : 0
05-17 10:40:43.574  4100  4100 D ACCCustomizationManager: simMccMnc= 23433 spn=  gid1= 0000 SubId= 1
05-17 10:40:43.574  4100  4100 D ImsManager: [isWfcEnabledByPlatform] htc sense qctEnabled: true, movialEnabled: false, isWfcEnalbefalse
05-17 10:40:43.857  4100  4100 D ImsManager: [getNetworkSwitchProp] NETWORK_SWITCH : 0
05-17 10:40:43.857  4100  4100 D ImsManager: [getNetworkSwitchProp] NETWORK_SWITCH : 0
05-17 10:40:43.863  4100  4100 D ACCCustomizationManager: simMccMnc= 23433 spn=  gid1= 0000 SubId= 1
05-17 10:40:43.863  4100  4100 D ImsManager: [isWfcEnabledByPlatform] htc sense qctEnabled: true, movialEnabled: false, isWfcEnalbefalse
05-17 10:40:43.864  4100  4100 D ImsManager: [getNetworkSwitchProp] NETWORK_SWITCH : 0
05-17 10:40:43.864  4100  4100 D ImsManager: [getNetworkSwitchProp] NETWORK_SWITCH : 0
05-17 10:40:43.867  4100  4100 D ACCCustomizationManager: simMccMnc= 23433 spn=  gid1= 0000 SubId= 1
05-17 10:40:43.867  4100  4100 D ImsManager: [isWfcEnabledByPlatform] htc sense qctEnabled: true, movialEnabled: false, isWfcEnalbefalse
05-17 10:40:44.197  4100  4100 D ImsManager: [getNetworkSwitchProp] NETWORK_SWITCH : 0
05-17 10:40:44.197  4100  4100 D ImsManager: [getNetworkSwitchProp] NETWORK_SWITCH : 0
05-17 10:40:44.201  4100  4100 D ACCCustomizationManager: simMccMnc= 23433 spn=  gid1= 0000 SubId= 1
05-17 10:40:44.201  4100  4100 D ImsManager: [isWfcEnabledByPlatform] htc sense qctEnabled: true, movialEnabled: false, isWfcEnalbefalse
05-17 10:40:44.202  4100  4100 D ImsManager: [getNetworkSwitchProp] NETWORK_SWITCH : 0
05-17 10:40:44.202  4100  4100 D ImsManager: [getNetworkSwitchProp] NETWORK_SWITCH : 0
05-17 10:40:44.204  4100  4100 D ACCCustomizationManager: simMccMnc= 23433 spn=  gid1= 0000 SubId= 1
05-17 10:40:44.204  4100  4100 D ImsManager: [isWfcEnabledByPlatform] htc sense qctEnabled: true, movialEnabled: false, isWfcEnalbefalse
05-17 10:40:44.898  2383  2824 D SmsApplication: defaultApplication=com.htc.sense.mms
05-17 10:40:44.919  2383  2865 D SmsApplication: defaultApplication=com.htc.sense.mms
05-17 10:40:47.086  4100  4100 D ImsManager: [getNetworkSwitchProp] NETWORK_SWITCH : 0
05-17 10:40:47.086  4100  4100 D ImsManager: [getNetworkSwitchProp] NETWORK_SWITCH : 0
05-17 10:40:47.091  4100  4100 D ACCCustomizationManager: simMccMnc= 23433 spn=  gid1= 0000 SubId= 1
05-17 10:40:47.091  4100  4100 D ImsManager: [isWfcEnabledByPlatform] htc sense qctEnabled: true, movialEnabled: false, isWfcEnalbefalse
05-17 10:40:47.092  4100  4100 D PhoneNumberUtils: slotId:0 subId:1 country:null emergencyNumbers: 999,112,9999,1122,141999,141112,911
05-17 10:40:47.103  2383  2396 D PhoneNumberUtils: slotId:0 subId:1 country:null emergencyNumbers: 999,112,9999,1122,141999,141112,911
05-17 10:40:47.112  2383  2383 D PhoneNumberUtils: slotId:0 subId:1 country:null emergencyNumbers: 999,112,9999,1122,141999,141112,911
05-17 10:40:47.123  2383  2383 D PhoneNumberUtils: slotId:0 subId:1 country:GB emergencyNumbers: 999,112,9999,1122,141999,141112,911
05-17 10:40:47.125  2383  2383 D PhoneNumberUtils: slotId:0 subId:1 country:null emergencyNumbers: 999,112,9999,1122,141999,141112,911
05-17 10:40:47.138  2383  2383 D PhoneNumberUtils: slotId:0 subId:1 country:null emergencyNumbers: 999,112,9999,1122,141999,141112,911
05-17 10:40:47.140  2383  2383 D PhoneNumberUtils: slotId:0 subId:1 country:null emergencyNumbers: 999,112,9999,1122,141999,141112,911
05-17 10:40:47.140  2383  2383 D Phone   : isWifiCallingEnabled =true
05-17 10:40:47.143  2695  2695 D ImsManager: [getNetworkSwitchProp] NETWORK_SWITCH : 0
05-17 10:40:47.143  2695  2695 D ImsManager: [getNetworkSwitchProp] NETWORK_SWITCH : 0
05-17 10:40:47.150  2695  2695 D ACCCustomizationManager: simMccMnc= 23433 spn=  gid1= 0000 SubId= 1
05-17 10:40:47.150  2695  2695 D ImsManager: [isVolteEnabledByPlatform] Volte Enable : false, support_volte : true
05-17 10:40:47.156  1603  8649 D PhoneNumberUtils: slotId:0 subId:1 country:GB emergencyNumbers: 999,112,9999,1122,141999,141112,911
05-17 10:40:47.170  1603  1603 D PhoneNumberUtils: slotId:0 subId:1 country:GB emergencyNumbers: 999,112,9999,1122,141999,141112,911
05-17 10:40:47.183  1603  1603 D PhoneNumberUtils: slotId:0 subId:1 country:GB emergencyNumbers: 999,112,9999,1122,141999,141112,911
05-17 10:40:47.217  4100  4100 D ImsManager: [getNetworkSwitchProp] NETWORK_SWITCH : 0
05-17 10:40:47.217  4100  4100 D ImsManager: [getNetworkSwitchProp] NETWORK_SWITCH : 0
05-17 10:40:47.229  4100  4100 D ACCCustomizationManager: simMccMnc= 23433 spn=  gid1= 0000 SubId= 1
05-17 10:40:47.229  4100  4100 D ImsManager: [isWfcEnabledByPlatform] htc sense qctEnabled: true, movialEnabled: false, isWfcEnalbefalse
05-17 10:40:47.230  4100  4100 D ImsManager: [getNetworkSwitchProp] NETWORK_SWITCH : 0
05-17 10:40:47.230  4100  4100 D ImsManager: [getNetworkSwitchProp] NETWORK_SWITCH : 0
05-17 10:40:47.234  4100  4100 D ACCCustomizationManager: simMccMnc= 23433 spn=  gid1= 0000 SubId= 1
05-17 10:40:47.234  4100  4100 D ImsManager: [isWfcEnabledByPlatform] htc sense qctEnabled: true, movialEnabled: false, isWfcEnalbefalse
05-17 10:40:47.235  1603  1603 D PhoneNumberUtils: slotId:0 subId:1 country:GB emergencyNumbers: 999,112,9999,1122,141999,141112,911
05-17 10:40:47.245  1603  1603 D PhoneNumberUtils: slotId:0 subId:1 country:GB emergencyNumbers: 999,112,9999,1122,141999,141112,911
05-17 10:40:47.246  2383  7895 D GsmCdmaPhone(0): [GsmCdmaPhone] getvoicemail ,mccmnc:23433 ,isRoaming:false
05-17 10:40:47.269  4100  4100 D ImsManager: [getNetworkSwitchProp] NETWORK_SWITCH : 0
05-17 10:40:47.269  4100  4100 D ImsManager: [getNetworkSwitchProp] NETWORK_SWITCH : 0
05-17 10:40:47.286  4100  4100 D ACCCustomizationManager: simMccMnc= 23433 spn=  gid1= 0000 SubId= 1
05-17 10:40:47.287  4100  4100 D ImsManager: [isWfcEnabledByPlatform] htc sense qctEnabled: true, movialEnabled: false, isWfcEnalbefalse
05-17 10:40:47.293  2383  2383 D PhoneNumberUtils: slotId:0 subId:1 country:null emergencyNumbers: 999,112,9999,1122,141999,141112,911
05-17 10:40:47.294  1603  1603 D PhoneNumberUtils: slotId:0 subId:1 country:null emergencyNumbers: 999,112,9999,1122,141999,141112,911
05-17 10:40:47.295  2383  2383 D GsmCdmaPhone(0): [GsmCdmaPhone] getvoicemail ,mccmnc:23433 ,isRoaming:false
05-17 10:40:47.332  2383  2383 D PhoneNumberUtils: slotId:0 subId:1 country:GB emergencyNumbers: 999,112,9999,1122,141999,141112,911
05-17 10:40:47.332  3249 11410 D PhoneNumberUtils: slotId:0 subId:1 country:null emergencyNumbers: 999,112,9999,1122,141999,141112,911
05-17 10:40:47.333  1603  1603 D PhoneNumberUtils: slotId:0 subId:1 country:null emergencyNumbers: 999,112,9999,1122,141999,141112,911
05-17 10:40:47.333  2383  2383 D GsmCdmaPhone(0): [GsmCdmaPhone] getvoicemail ,mccmnc:23433 ,isRoaming:false
05-17 10:40:47.354  1603  1603 D PhoneNumberUtils: slotId:0 subId:1 country:GB emergencyNumbers: 999,112,9999,1122,141999,141112,911
05-17 10:40:47.368  2695  2695 D PhoneNumberUtils: slotId:0 subId:1 country:null emergencyNumbers: 999,112,9999,1122,141999,141112,911
05-17 10:40:47.384  2383  2566 D GsmCdmaPhone(0): [GsmCdmaPhone] getvoicemail ,mccmnc:23433 ,isRoaming:false
05-17 10:40:47.386  2695  2695 D PhoneNumberUtils: slotId:0 subId:1 country:null emergencyNumbers: 999,112,9999,1122,141999,141112,911
05-17 10:40:47.390  2383  2383 D PhoneNumberUtils: slotId:0 subId:1 country:GB emergencyNumbers: 999,112,9999,1122,141999,141112,911
05-17 10:40:47.393  2695  2695 D PhoneNumberUtils: slotId:0 subId:1 country:GB emergencyNumbers: 999,112,9999,1122,141999,141112,911
05-17 10:40:47.395  2383  2396 D GsmCdmaPhone(0): [GsmCdmaPhone] getvoicemail ,mccmnc:23433 ,isRoaming:false
05-17 10:40:47.409  2383  2383 D PhoneNumberUtils: slotId:0 subId:1 country:GB emergencyNumbers: 999,112,9999,1122,141999,141112,911
05-17 10:40:47.410  2383  2383 D Phone   : setTempCLIR: 0
05-17 10:40:47.419  2383  2383 D PhoneNumberUtils: slotId:0 subId:1 country:null emergencyNumbers: 999,112,9999,1122,141999,141112,911
05-17 10:40:47.423  2383  2383 D ImsManager: [getNetworkSwitchProp] NETWORK_SWITCH : 0
05-17 10:40:47.423  2383  2383 D ImsManager: [getNetworkSwitchProp] NETWORK_SWITCH : 0
05-17 10:40:47.426  2383  2383 D ACCCustomizationManager: simMccMnc= 23433 spn=  gid1= 0000 SubId= 1
05-17 10:40:47.426  2383  2383 D ImsManager: [isVolteEnabledByPlatform] Volte Enable : false, support_volte : true
05-17 10:40:47.432  2383  2383 D ImsManager: [getNetworkSwitchProp] NETWORK_SWITCH : 0
05-17 10:40:47.432  2383  2383 D ImsManager: [getNetworkSwitchProp] NETWORK_SWITCH : 0
05-17 10:40:47.440  2383  2383 D ACCCustomizationManager: simMccMnc= 23433 spn=  gid1= 0000 SubId= 1
05-17 10:40:47.440  2383  2383 D ImsManager: [isVolteEnabledByPlatform] Volte Enable : false, support_volte : true
05-17 10:40:47.442  2383  2383 D ImsManager: Mccmnc :23433
05-17 10:40:47.442  2383  2383 D ImsManager: [getNetworkSwitchProp] NETWORK_SWITCH : 0
05-17 10:40:47.446  2383  2383 D ACCCustomizationManager: simMccMnc= 23433 spn=  gid1= 0000 SubId= 1
05-17 10:40:47.446  2383  2383 D ImsManager: [getNetworkSwitchProp] NETWORK_SWITCH : 0
05-17 10:40:47.446  2383  2383 D ImsManager: [getNetworkSwitchProp] NETWORK_SWITCH : 0
05-17 10:40:47.454  2383  2383 D ACCCustomizationManager: simMccMnc= 23433 spn=  gid1= 0000 SubId= 1
05-17 10:40:47.454  2383  2383 D ImsManager: [isWfcEnabledByPlatform] htc sense qctEnabled: true, movialEnabled: false, isWfcEnalbefalse
//05-17 10:40:47.459  2383  2383 D Phone   : isVolteEnabledByPlatform: true, isEnhanced4gLteModeSettingEnabledByUser:true, isWfcEnabledByPlatform: true, isWfcSettingsEnabledByUser: false
05-17 10:40:47.459  2383  2383 D ImsManager: [getNetworkSwitchProp] NETWORK_SWITCH : 0
05-17 10:40:47.459  2383  2383 D ImsManager: [getNetworkSwitchProp] NETWORK_SWITCH : 0
05-17 10:40:47.467  2383  2383 D ACCCustomizationManager: simMccMnc= 23433 spn=  gid1= 0000 SubId= 1
05-17 10:40:47.468  2383  2383 D ImsManager: [isVolteEnabledByPlatform] Volte Enable : false, support_volte : true
05-17 10:40:47.469  2383  2383 D ImsManager: [getNetworkSwitchProp] NETWORK_SWITCH : 0
05-17 10:40:47.469  2383  2383 D ImsManager: [getNetworkSwitchProp] NETWORK_SWITCH : 0
05-17 10:40:47.473  2383  2383 D ACCCustomizationManager: simMccMnc= 23433 spn=  gid1= 0000 SubId= 1
05-17 10:40:47.473  2383  2383 D ImsManager: [isVolteEnabledByPlatform] Volte Enable : false, support_volte : true
05-17 10:40:47.475  2383  2383 D ImsManager: Mccmnc :23433
05-17 10:40:47.475  2383  2383 D ImsManager: [getNetworkSwitchProp] NETWORK_SWITCH : 0
05-17 10:40:47.480  2383  2383 D ACCCustomizationManager: simMccMnc= 23433 spn=  gid1= 0000 SubId= 1
05-17 10:40:47.481  2383  2383 D GsmCdmaPhone(0): [GsmCdmaPhone] Mccmnc 23433,spn ,gid1:0000
05-17 10:40:47.481  2383  2383 D GsmCdmaPhone(0): [GsmCdmaPhone] imphone STATE_IN_SERVICE
05-17 10:40:47.481  2383  2383 D GsmCdmaPhone(0): [GsmCdmaPhone] imsUseEnabled=true, useImsForEmergency=false, useImsForUt=false, imsPhone=Handler (com.android.internal.telephony.imsphone.ImsPhone) {128232a}, imsPhone.isVolteEnabled()=false, imsPhone.isVowifiEnabled()=true, imsPhone.isVideoEnabled()=false, imsPhone.getServiceState().getState()=0
05-17 10:40:47.481  2383  2383 D GsmCdmaPhone(0): dialFromCsDomain:false
05-17 10:40:47.481  2383  2383 D GsmCdmaPhone(0): mState:IDLE
05-17 10:40:47.481  2383  2383 D GsmCdmaPhone(0): [GsmCdmaPhone] Trying IMS PS call
05-17 10:40:47.481  2383  2383 D ImsPhone: dialInternal isConferenceUri: false
05-17 10:40:47.482  2383  2383 D ImsPhoneMmiCode: isTwoDigitShortCode
05-17 10:40:47.493  2383  2383 D PhoneNumberUtils: slotId:0 subId:1 country:GB emergencyNumbers: 999,112,9999,1122,141999,141112,911
05-17 10:40:47.493  2383  2383 D ImsPhone: dialing w/ mmi 'null'...
05-17 10:40:47.507  2383  2383 D PhoneNumberUtils: slotId:0 subId:1 country:null emergencyNumbers: 999,112,9999,1122,141999,141112,911
05-17 10:40:47.507  2383  2383 D ImsPhoneCallTracker: [ImsPhoneCallTracker] dial clirMode=0
05-17 10:40:47.507  2383  2383 D ImsPhoneCallTracker: [ImsPhoneCallTracker] clearDisconnected
05-17 10:40:47.507  2383  2383 D ImsPhoneCallTracker: [ImsPhoneCallTracker] updatePhoneState pendingMo = null, fg= IDLE(0), bg= IDLE(0)
05-17 10:40:47.507  2383  2383 D ImsPhoneCallTracker: [ImsPhoneCallTracker] updatePhoneState oldState=IDLE, newState=IDLE
05-17 10:40:47.519  2383  2383 D ImsPhoneCallTracker: canDial(): 
05-17 10:40:47.519  2383  2383 D ImsPhoneCallTracker: serviceState = 0
05-17 10:40:47.519  2383  2383 D ImsPhoneCallTracker: pendingMO == null::=true
05-17 10:40:47.519  2383  2383 D ImsPhoneCallTracker: ringingCall: IDLE
05-17 10:40:47.519  2383  2383 D ImsPhoneCallTracker: disableCall = false
05-17 10:40:47.519  2383  2383 D ImsPhoneCallTracker: foregndCall: IDLE
05-17 10:40:47.519  2383  2383 D ImsPhoneCallTracker: backgndCall: IDLE
05-17 10:40:47.520  2383  2383 D ImsPhoneConnection: acquireWakeLock
05-17 10:40:47.521  2383  2383 V ImsPhoneCall: attach : FG state = DIALING
05-17 10:40:47.521  2383  2383 V ImsPhoneCall: attach : FG conn = [ImsPhoneConnection objId: 192991831 telecomCallID: null address: [cXsvPYgWgwVJCXkIwTThcpxRZUI] ImsCall: null]
05-17 10:40:47.531  2383  2383 D PhoneNumberUtils: slotId:0 subId:1 country:null emergencyNumbers: 999,112,9999,1122,141999,141112,911
05-17 10:40:47.533  2383  2383 D ImsManager: makeCall :: serviceId=1, profile={ serviceType=1, callType=2, restrictCause=0, mediaProfile={ audioQuality=0, audioDirection=3, videoQuality=0, videoDirection=-1 } }
05-17 10:40:47.541  2383  2383 D QImsService: ImsCallSessionListenerProxy : Constructor: start handler thread for callbacks.
05-17 10:40:47.541  2383  2383 I QImsService: ImsCallSessionImpl : updateFeatureCapabilities video false voice true
05-17 10:40:47.542  2383  2383 D QImsService: VideoCall_MediaController : onCallSessionAdded callSession= callid= -1 mediaId=-1 mState= 0 mDc=null mCallProfile={ serviceType=1, callType=2, restrictCause=0, mediaProfile={ audioQuality=0, audioDirection=3, videoQuality=0, videoDirection=-1 } } mLocalCallProfile={ serviceType=1, callType=7, restrictCause=0, mediaProfile={ audioQuality=0, audioDirection=3, videoQuality=0, videoDirection=-1 } } mRemoteCallProfile={ serviceType=1, callType=7, restrictCause=0, mediaProfile={ audioQuality=0, audioDirection=3, videoQuality=0, videoDirection=-1 } }
05-17 10:40:47.560  2383  2383 D QImsService: VideoCall_ImsMedia : init called error = 0
05-17 10:40:47.560  2383  2383 D QImsService: VideoCall_ImsMedia : Registering for Media Callback Events
05-17 10:40:47.561  2383  2383 D QImsService: VideoCall_LowBattery : onCallSessionAdded callSession =  callid= -1 mediaId=-1 mState= 0 mDc=null mCallProfile={ serviceType=1, callType=2, restrictCause=0, mediaProfile={ audioQuality=0, audioDirection=3, videoQuality=0, videoDirection=-1 } } mLocalCallProfile={ serviceType=1, callType=7, restrictCause=0, mediaProfile={ audioQuality=0, audioDirection=3, videoQuality=0, videoDirection=-1 } } mRemoteCallProfile={ serviceType=1, callType=7, restrictCause=0, mediaProfile={ audioQuality=0, audioDirection=3, videoQuality=0, videoDirection=-1 } }
05-17 10:40:47.562  2383  2383 I ImsCall : start(1) :: session=[ImsCallSession objId:205144388 state:IDLE callId:-1], callee=(no security flag) ImsCall=[ImsCall objId:55095853 onHold:N mute:N tech: updateRequest:NONE merging:N merge action pending:N merged:N multiParty:N confHost:N buried term:N wasVideo: N session:null transientSession:null]
05-17 10:40:47.564  2383  2383 I QImsService: ImsCallSessionImpl : Packing extra string: (no security flag)
05-17 10:40:47.564  2383  2383 I QImsService: ImsCallSessionImpl : Packing extra string: (no security flag)
05-17 10:40:47.565  2383  2383 I QImsService: ImsCallSessionImpl : Packing extra string: (no security flag)
05-17 10:40:47.565  2383  2383 I QImsService: ImsCallSessionImpl : Packing extra string: (no security flag)
05-17 10:40:47.565  2383  2383 I QImsService: ImsCallSessionImpl : Packing extra string: (no security flag)
05-17 10:40:47.565  2383  2383 I QImsService: ImsCallSessionImpl : Packing extra string: (no security flag)
05-17 10:40:47.565  2383  2383 I QImsService: ImsCallSessionImpl : Packing extra string: (no security flag)
05-17 10:40:47.565  2383  2383 I QImsService: ImsCallSessionImpl : Packing extra string: (no security flag)
05-17 10:40:47.565  2383  2383 I QImsService: ImsCallSessionImpl : Packing extra string: (no security flag)
05-17 10:40:47.565  2383  2383 I QImsService: ImsCallSessionImpl : Packing extra string: (no security flag)
05-17 10:40:47.565  2383  2383 I QImsService: ImsCallSessionImpl : Packing extra string: (no security flag)
05-17 10:40:47.565  2383  2383 I QImsService: ImsCallSessionImpl : Packing extra string: (no security flag)
05-17 10:40:47.565  2383  2383 I QImsService: ImsCallSessionImpl : Packing extra string: (no security flag)
05-17 10:40:47.565  2383  2383 I QImsService: ImsCallSessionImpl : Packing extra string: (no security flag)
05-17 10:40:47.565  2383  2383 I QImsService: ImsCallSessionImpl : Packing extra string: (no security flag)
05-17 10:40:47.565  2383  2383 I QImsService: ImsCallSessionImpl : Packing extra string: (no security flag)
05-17 10:40:47.565  2383  2383 I QImsService: ImsCallSessionImpl : Packing extra string: (no security flag)
05-17 10:40:47.586  2383  2383 D SubscriptionController: [getActiveSubscriptionInfoForSimSlotIndex]+ slotIdx=0 subId={id=1, iccId=8944122575514501688 simSlotIndex=0 displayName=CARD 1 carrierName=EE nameSource=0 iconTint=-16746133 dataRoaming=1 iconBitmap=android.graphics.Bitmap@2563cf3 mcc 234 mnc 33}
05-17 10:40:47.588  2383  2383 V QImsService: ImsSenderRxr : dial address= (no security flag)clirMode= 0 callDetails=  0 3 (no security flag) callSubState 0 videoPauseState2 mediaId-1 Local Ability  Peer Ability  Cause code 0 isEncrypted= false[SUB0]
05-17 10:40:47.588  2383  2383 V QImsService: ImsSenderRxr : process dial isConfererenceUri = false,isCallPull = false[SUB0]
05-17 10:40:47.588  2383  2383 V QImsService: ImsSenderRxr : Packing extra string 'android.intent.extra.PHONE_NUMBER=170'[SUB0]
05-17 10:40:47.588  2383  2383 V QImsService: ImsSenderRxr : Packing extra string 'is_multi_conference=false'[SUB0]
05-17 10:40:47.588  2383  2383 V QImsService: ImsSenderRxr : Packing extra string 'fromLite=false'[SUB0]
05-17 10:40:47.588  2383  2383 V QImsService: ImsSenderRxr : Packing extra string 'number=170'[SUB0]
05-17 10:40:47.588  2383  2383 V QImsService: ImsSenderRxr : Packing extra string 'com.htc.telecom.extra.EXTRA_AVAILABLE_ROUTES=9'[SUB0]
05-17 10:40:47.588  2383  2383 V QImsService: ImsSenderRxr : Packing extra string 'android.telecom.extra.START_CALL_WITH_VIDEO_STATE=0'[SUB0]
05-17 10:40:47.588  2383  2383 V QImsService: ImsSenderRxr : Packing extra string 'FromTelephony=true'[SUB0]
05-17 10:40:47.588  2383  2383 V QImsService: ImsSenderRxr : Packing extra string 'com.htc.telecom.extra.EXTRA_INITIATING_USER_ID=0'[SUB0]
05-17 10:40:47.588  2383  2383 V QImsService: ImsSenderRxr : Packing extra string 'com.htc.service.telephony.extra.ORIGINAL_DIAL_STRING=170'[SUB0]
05-17 10:40:47.588  2383  2383 V QImsService: ImsSenderRxr : Packing extra string 'is_add_participant=false'[SUB0]
05-17 10:40:47.588  2383  2383 V QImsService: ImsSenderRxr : Packing extra string 'org.codeaurora.extra.DIAL_CONFERENCE_URI=false'[SUB0]
05-17 10:40:47.588  2383  2383 V QImsService: ImsSenderRxr : Packing extra string 'com.htc.calendar.event_uri='[SUB0]
05-17 10:40:47.588  2383  2383 V QImsService: ImsSenderRxr : Packing extra string 'android.telecom.extra.CALL_TELECOM_ROUTING_END_TIME_MILLIS=419564'[SUB0]
05-17 10:40:47.588  2383  2383 V QImsService: ImsSenderRxr : Packing extra string 'android.phone.extra.CALL_DOMAIN=1'[SUB0]
05-17 10:40:47.588  2383  2383 V QImsService: ImsSenderRxr : Packing extra string 'android.telecom.extra.START_CALL_WITH_SPEAKERPHONE=false'[SUB0]
05-17 10:40:47.588  2383  2383 V QImsService: ImsSenderRxr : Packing extra string 'android.telecom.extra.CALL_TELECOM_ROUTING_START_TIME_MILLIS=419564'[SUB0]
//05-17 10:40:47.589  2383  2383 I QImsService: ImsSenderRxr : [0020]> DIAL[SUB0]
05-17 10:40:47.589  2383  2383 I QImsService: ImsSenderRxr : Message data: [0, 0, 2, -63, 11, 13, 20, 0, 0, 0, 16, 1, 24, 2, 32, 0, 10, 3, 49, 55, 48, 21, 0, 0, 0, 0, 26, -92, 5, 8, 0, 16, 3, 34, 37, 97, 110, 100, 114, 111, 105, 100, 46, 105, 110, 116, 101, 110, 116, 46, 101, 120, 116, 114, 97, 46, 80, 72, 79, 78, 69, 95, 78, 85, 77, 66, 69, 82, 61, 49, 55, 48, 34, 25, 105, 115, 95, 109, 117, 108, 116, 105, 95, 99, 111, 110, 102, 101, 114, 101, 110, 99, 101, 61, 102, 97, 108, 115, 101, 34, 14, 102, 114, 111, 109, 76, 105, 116, 101, 61, 102, 97, 108, 115, 101, 34, 10, 110, 117, 109, 98, 101, 114, 61, 49, 55, 48, 34, 46, 99, 111, 109, 46, 104, 116, 99, 46, 116, 101, 108, 101, 99, 111, 109, 46, 101, 120, 116, 114, 97, 46, 69, 88, 84, 82, 65, 95, 65, 86, 65, 73, 76, 65, 66, 76, 69, 95, 82, 79, 85, 84, 69, 83, 61, 57, 34, 51, 97, 110, 100, 114, 111, 105, 100, 46, 116, 101, 108, 101, 99, 111, 109, 46, 101, 120, 116, 114, 97, 46, 83, 84, 65, 82, 84, 95, 67, 65, 76, 76, 95, 87, 73, 84, 72, 95, 86, 73, 68, 69, 79, 95, 83, 84, 65, 84, 69, 61, 48, 34, 18, 70, 114, 111, 109, 84, 101, 108, 101, 112, 104, 111, 110, 121, 61, 116, 114, 117, 101, 34, 48, 99, 111, 109, 46, 104, 116, 99, 46, 116, 101, 108, 101, 99, 111, 109, 46, 101, 120, 116, 114, 97, 46, 69, 88, 84, 82, 65, 95, 73, 78, 73, 84, 73, 65, 84, 73, 78, 71, 95, 85, 83, 69, 82, 95, 73, 68, 61, 48, 34, 56, 99, 111, 109, 46, 104, 116, 99, 46, 115, 101, 114, 118, 105, 99, 101, 46, 116, 101, 108, 101, 112, 104, 111, 110, 121, 46, 101, 120, 116, 114, 97, 46, 79, 82, 73, 71, 73, 78, 65, 76, 95, 68, 73, 65, 76, 95, 83, 84, 82, 73, 78, 71, 61, 49, 55, 48, 34, 24, 105, 115, 95, 97, 100, 100, 95, 112, 97, 114, 116, 105, 99, 105, 112, 97, 110, 116, 61, 102, 97, 108, 115, 101, 34, 46, 111, 114, 103, 46, 99, 111, 100, 101, 97, 117, 114, 111, 114, 97, 46, 101, 120, 116, 114, 97, 46, 68, 73, 65, 76, 95, 67, 79, 78, 70, 69, 82, 69, 78, 67, 69, 95, 85, 82, 73, 61, 102, 97, 108, 115, 101, 34, 27, 99, 111, 109, 46, 104, 116, 99, 46, 99, 97, 108, 101, 110, 100, 97, 114, 46, 101, 118, 101, 110, 116, 95, 117, 114, 105, 61, 34, 65, 97, 110, 100, 114, 111, 105, 100, 46, 116, 101, 108, 101, 99, 111, 109, 46, 101, 120, 116, 114, 97, 46, 67, 65, 76, 76, 95, 84, 69, 76, 69, 67, 79, 77, 95, 82, 79, 85, 84, 73, 78, 71, 95, 69, 78, 68, 95, 84, 73, 77, 69, 95, 77, 73, 76, 76, 73, 83, 61, 52, 49, 57, 53, 54, 52, 34, 33, 97, 110, 100, 114, 111, 105, 100, 46, 112, 104, 111, 110, 101, 46, 101, 120, 116, 114, 97, 46, 67, 65, 76, 76, 95, 68, 79, 77, 65, 73, 78, 61, 49, 34, 56, 97, 110, 100, 114, 111, 105, 100, 46, 116, 101, 108, 101, 99, 111, 109, 46, 101, 120, 116, 114, 97, 46, 83, 84, 65, 82, 84, 95, 67, 65, 76, 76, 95, 87, 73, 84, 72, 95, 83, 80, 69, 65, 75, 69, 82, 80, 72, 79, 78, 69, 61, 102, 97, 108, 115, 101, 34, 67, 97, 110, 100, 114, 111, 105, 100, 46, 116, 101, 108, 101, 99, 111, 109, 46, 101, 120, 116, 114, 97, 46, 67, 65, 76, 76, 95, 84, 69, 76, 69, 67, 79, 77, 95, 82, 79, 85, 84, 73, 78, 71, 95, 83, 84, 65, 82, 84, 95, 84, 73, 77, 69, 95, 77, 73, 76, 76, 73, 83, 61, 52, 49, 57, 53, 54, 52, 34, 15, 102, 114, 111, 109, 68, 105, 97, 108, 101, 114, 61, 116, 114, 117, 101, 32, 0, 56, 0][SUB0]
05-17 10:40:47.591  2383  2383 I QImsService: ImsCallSessionImpl : getVideoCallProvider: Video call provider is null
05-17 10:40:47.591  2383  2383 D ImsPhoneCallTracker: [ImsPhoneCallTracker] updatePhoneState pendingMo = DIALING, fg= DIALING(1), bg= IDLE(0)
05-17 10:40:47.591  2383  2383 D ImsPhoneCallTracker: [ImsPhoneCallTracker] updatePhoneState oldState=IDLE, newState=OFFHOOK
05-17 10:40:47.592  1131  1251 E RILQ    : (0/1131): RIL[0][main] get_ecc_property_name: ecc list name : ril.ecclist.
05-17 10:40:47.601  2383  2383 D PhoneNumberUtils: slotId:0 subId:1 country:null emergencyNumbers: 999,112,9999,1122,141999,141112,911
05-17 10:40:47.604  2383  2383 D PhoneNumberUtils: slotId:0 subId:1 country:null emergencyNumbers: 999,112,9999,1122,141999,141112,911
05-17 10:40:47.605  2383  2731 V QImsService: IFMsg_Rxr : Read packet: 80 bytes
05-17 10:40:47.605  2383  2731 V QImsService: ImsSenderRxr : processResponse[SUB0]
05-17 10:40:47.605  2383  2731 I QImsService: ImsSenderRxr : Response data: [12, 13, -1, -1, -1, -1, 16, 3, 24, -55, 1, 32, 0, 18, 65, 8, 2, 21, 1, 0, 0, 0, 29, -127, 0, 0, 0, 32, 0, 40, 0, 53, 0, 0, 0, 0, 56, 1, 64, 0, 74, 3, 49, 55, 48, 85, 0, 0, 0, 0, 101, 2, 0, 0, 0, 106, 11, 8, 0, 16, 3, 56, 0, 69, 2, 0, 0, 0, 114, 8, 8, -1, -1, 3, 18, 2, 49, 54, 120, 0][SUB0]
05-17 10:40:47.605  2383  2731 I QImsService: ImsSenderRxr :  Tag -1 3 201 0[SUB0]
05-17 10:40:47.606  2383  2731 V QImsService: ImsSenderRxr : Call Details =  0 3 (no security flag) callSubState 0 videoPauseState2 mediaId2 Local Ability  Peer Ability  Cause code 0
05-17 10:40:47.606  2383  2731 I QImsService: ImsSenderRxr : Call fail cause= 65535[SUB0]
05-17 10:40:47.606  2383  2731 I QImsService: ImsSenderRxr : InCall VoicePrivacy is disabled[SUB0]
05-17 10:40:47.606  2383  2731 I QImsService: ImsSenderRxr : [UNSL]< UNSOL_RESPONSE_CALL_STATE_CHANGED  [id=1,DIALING,toa=129,norm,mo,0,voc,noevp,,cli=1,,3Call Details = 0 3 (no security flag) callSubState 0 videoPauseState2 mediaId2 Local Ability  Peer Ability  Cause code 0,CallFailCause Code= 0,CallFailCause String= 16, ECT mask: 0, isEncrypted=false, historyInfo=null, Conf. Support=0] [SUB0]
05-17 10:40:47.610  2383  2532 D RILJ    : Oem ID in RIL_UNSOL_OEM_HOOK_RAW is QOEMHOOK
05-17 10:40:47.610  2383  2532 D RILJ    : OEM ID check Passed
05-17 10:40:47.610  2383  2532 D RILJ    : Response ID in RIL_UNSOL_OEM_HOOK_RAW is 525303
05-17 10:40:47.610  2383  2532 D RILJ    : Response ID 525303 is not served in this process.
05-17 10:40:47.613  2383  2532 D RILJ    : Oem ID in RIL_UNSOL_OEM_HOOK_RAW is QOEMHOOK
05-17 10:40:47.613  2383  2532 D RILJ    : OEM ID check Passed
05-17 10:40:47.613  2383  2532 D RILJ    : Response ID in RIL_UNSOL_OEM_HOOK_RAW is 525303
05-17 10:40:47.613  2383  2532 D RILJ    : Response ID 525303 is not served in this process.
05-17 10:40:47.620  2383  2731 V QImsService: IFMsg_Rxr : Read packet: 12 bytes
05-17 10:40:47.620  2383  2731 V QImsService: ImsSenderRxr : processResponse[SUB0]
05-17 10:40:47.620  2383  2731 I QImsService: ImsSenderRxr : Response data: [11, 13, 20, 0, 0, 0, 16, 2, 24, 2, 32, 0][SUB0]
05-17 10:40:47.620  2383  2731 I QImsService: ImsSenderRxr :  Tag 20 2 2 0[SUB0]
05-17 10:40:47.620  2383  2731 I QImsService: ImsSenderRxr : [0020]< DIAL [SUB0]
//05-17 10:40:47.625  2383  2532 D RILJ    : Oem ID in RIL_UNSOL_OEM_HOOK_RAW is QOEMHOOK
05-17 10:40:47.625  2383  2532 D RILJ    : OEM ID check Passed
05-17 10:40:47.625  2383  2532 D RILJ    : Response ID in RIL_UNSOL_OEM_HOOK_RAW is 525303
05-17 10:40:47.625  2383  2532 D RILJ    : Response ID 525303 is not served in this process.
05-17 10:40:47.626  2383  2383 D CallManager: State Change: isDisconnect= false ,isUnknown= false ;;phoneType= 1 ,ring:bg:fg= 000 ,isAudioOn= true ;;phoneType= 5 ,ring:bg:fg= 001 ,isAudioOn= true ;;currentRingIndex=  ,currectActiveIndex=  ,PendHold-false-false
05-17 10:40:47.627  2383  2731 V QImsService: IFMsg_Rxr : Read packet: 83 bytes
05-17 10:40:47.627  2383  2731 V QImsService: ImsSenderRxr : processResponse[SUB0]
05-17 10:40:47.627  2383  2731 I QImsService: ImsSenderRxr : Response data: [12, 13, -1, -1, -1, -1, 16, 3, 24, -55, 1, 32, 0, 18, 68, 8, 2, 21, 1, 0, 0, 0, 29, -127, 0, 0, 0, 32, 0, 40, 0, 53, 0, 0, 0, 0, 56, 1, 64, 0, 74, 3, 49, 55, 48, 85, 0, 0, 0, 0, 101, 2, 0, 0, 0, 106, 11, 8, 0, 16, 3, 56, 0, 69, 2, 0, 0, 0, 114, 11, 8, -1, -1, 3, 18, 5, 54, 53, 53, 51, 53, 120, 0][SUB0]
05-17 10:40:47.627  2383  2731 I QImsService: ImsSenderRxr :  Tag -1 3 201 0[SUB0]
05-17 10:40:47.627  2383  2731 V QImsService: ImsSenderRxr : Call Details =  0 3 (no security flag) callSubState 0 videoPauseState2 mediaId2 Local Ability  Peer Ability  Cause code 0
05-17 10:40:47.627  2383  2731 I QImsService: ImsSenderRxr : Call fail cause= 65535[SUB0]
05-17 10:40:47.627  2383  2731 I QImsService: ImsSenderRxr : InCall VoicePrivacy is disabled[SUB0]
05-17 10:40:47.627  2383  2731 I QImsService: ImsSenderRxr : [UNSL]< UNSOL_RESPONSE_CALL_STATE_CHANGED  [id=1,DIALING,toa=129,norm,mo,0,voc,noevp,,cli=1,,3Call Details = 0 3 (no security flag) callSubState 0 videoPauseState2 mediaId2 Local Ability  Peer Ability  Cause code 0,CallFailCause Code= 0,CallFailCause String= 65535, ECT mask: 0, isEncrypted=false, historyInfo=null, Conf. Support=0] [SUB0]
05-17 10:40:47.634  2383  2383 D CallManager: State Change: isDisconnect= false ,isUnknown= false ;;phoneType= 1 ,ring:bg:fg= 000 ,isAudioOn= false ;;phoneType= 5 ,ring:bg:fg= 001 ,isAudioOn= true ;;currentRingIndex=  ,currectActiveIndex= 1 ,PendHold-false-false
05-17 10:40:47.635  2383  2383 I QImsService: ImsServiceSubHandler : Message received: what = 1
05-17 10:40:47.635  2383  2383 D QImsService: ImsCepUtils : cache driver calls
05-17 10:40:47.635  2383  2383 I QImsService: ImsServiceSub : >handleCalls
05-17 10:40:47.636  2383  2383 I QImsService: ImsServiceSub : handleCalls: dc = id=1,DIALING,toa=129,norm,mo,0,voc,noevp,,cli=1,,3Call Details = 0 3 (no security flag) callSubState 0 videoPauseState2 mediaId2 Local Ability  Peer Ability  Cause code 0,CallFailCause Code= 0,CallFailCause String= 16, ECT mask: 0, isEncrypted=false, historyInfo=null, Conf. Support=0
05-17 10:40:47.636  2383  2383 E QImsService: ImsServiceClassTracker : convertMTAddress:dc.isMT=false
05-17 10:40:47.637  2383  2383 E QImsService: ImsServiceClassTracker : convertMTAddress:tm.isNetworkRoaming()=false
05-17 10:40:47.637  2383  2383 I QImsService: ImsServiceClassTracker : Found match call session in temp list, s =  callid= -1 mediaId=-1 mState= 1 mDc=null mCallProfile={ serviceType=1, callType=2, restrictCause=0, mediaProfile={ audioQuality=0, audioDirection=3, videoQuality=0, videoDirection=-1 } } mLocalCallProfile={ serviceType=1, callType=7, restrictCause=0, mediaProfile={ audioQuality=0, audioDirection=3, videoQuality=0, videoDirection=-1 } } mRemoteCallProfile={ serviceType=1, callType=7, restrictCause=0, mediaProfile={ audioQuality=0, audioDirection=3, videoQuality=0, videoDirection=-1 } }
05-17 10:40:47.637  2383  2383 I QImsService: ImsServiceClassTracker : Index in call list is 1
05-17 10:40:47.637  2383  2383 I QImsService: ImsServiceClassTracker : SRVCC mNeedIgnoreCalls = false
05-17 10:40:47.637  2383  2383 I QImsService: ImsCallSessionImpl : updateCall for id=1,DIALING,toa=129,norm,mo,0,voc,noevp,,cli=1,,3Call Details = 0 3 (no security flag) callSubState 0 videoPauseState2 mediaId2 Local Ability  Peer Ability  Cause code 0,CallFailCause Code= 0,CallFailCause String= 16, ECT mask: 0, isEncrypted=false, historyInfo=null, Conf. Support=0
05-17 10:40:47.637  2383  2383 I QImsService: ImsCallSessionImpl : updateImsCallProfile :: Packing encryption=false in mCallProfile's extras.
05-17 10:40:47.648  2383  2383 D SubscriptionController: [getActiveSubscriptionInfoForSimSlotIndex]+ slotIdx=0 subId={id=1, iccId=8944122575514501688 simSlotIndex=0 displayName=CARD 1 carrierName=EE nameSource=0 iconTint=-16746133 dataRoaming=1 iconBitmap=android.graphics.Bitmap@5158a86 mcc 234 mnc 33}
05-17 10:40:47.651  2383  2383 V QImsService: ImsCallSessionImpl : maybeUpdateLowBatteryStatus isLowBattery: false mIsLowBattery: false
05-17 10:40:47.651  2383  2383 I QImsService: ImsCallSessionImpl : MO Dialing call!
05-17 10:40:47.651  2383  2383 I QImsService: ImsCallSessionListenerProxy : posting to handler
05-17 10:40:47.652  2383  2383 I QImsService: ImsCallSessionImpl : updateLocalDc is true
05-17 10:40:47.652  2383  2383 I QImsService: ImsCallSessionImplHandler : Message received: what = 1
05-17 10:40:47.652  2383  2383 I QImsService: ImsServiceSubHandler : Message received: what = 1
05-17 10:40:47.652  2383  2383 D QImsService: ImsCepUtils : cache driver calls
05-17 10:40:47.652  2383  2383 I QImsService: ImsServiceSub : >handleCalls
05-17 10:40:47.652  2383  2383 I QImsService: ImsServiceSub : handleCalls: dc = id=1,DIALING,toa=129,norm,mo,0,voc,noevp,,cli=1,,3Call Details = 0 3 (no security flag) callSubState 0 videoPauseState2 mediaId2 Local Ability  Peer Ability  Cause code 0,CallFailCause Code= 0,CallFailCause String= 65535, ECT mask: 0, isEncrypted=false, historyInfo=null, Conf. Support=0
05-17 10:40:47.653  2383  2383 E QImsService: ImsServiceClassTracker : convertMTAddress:dc.isMT=false
05-17 10:40:47.653  2383  2383 E QImsService: ImsServiceClassTracker : convertMTAddress:tm.isNetworkRoaming()=false
05-17 10:40:47.653  2383  2383 I QImsService: ImsServiceClassTracker : SRVCC mNeedIgnoreCalls = false
05-17 10:40:47.653  2383  2383 I QImsService: ImsCallSessionImpl : updateCall for id=1,DIALING,toa=129,norm,mo,0,voc,noevp,,cli=1,,3Call Details = 0 3 (no security flag) callSubState 0 videoPauseState2 mediaId2 Local Ability  Peer Ability  Cause code 0,CallFailCause Code= 0,CallFailCause String= 65535, ECT mask: 0, isEncrypted=false, historyInfo=null, Conf. Support=0
05-17 10:40:47.653  2383  2383 I QImsService: ImsCallSessionImpl : updateImsCallProfile :: Packing encryption=false in mCallProfile's extras.
05-17 10:40:47.665  2383  2383 D SubscriptionController: [getActiveSubscriptionInfoForSimSlotIndex]+ slotIdx=0 subId={id=1, iccId=8944122575514501688 simSlotIndex=0 displayName=CARD 1 carrierName=EE nameSource=0 iconTint=-16746133 dataRoaming=1 iconBitmap=android.graphics.Bitmap@3d28374 mcc 234 mnc 33}
05-17 10:40:47.670  2383  2383 V QImsService: ImsCallSessionImpl : maybeUpdateLowBatteryStatus isLowBattery: false mIsLowBattery: false
05-17 10:40:47.670  2383  2383 I QImsService: ImsCallSessionImpl : updateLocalDc is true
05-17 10:40:47.670  2383  2383 D QImsService: ImsCallSessionImpl : Call details updated. currentCallDetails=  0 3 (no security flag) callSubState 0 videoPauseState2 mediaId2 Local Ability  Peer Ability  Cause code 0 to newCallDetails=  0 3 (no security flag) callSubState 0 videoPauseState2 mediaId2 Local Ability  Peer Ability  Cause code 0
05-17 10:40:47.670  2383  2383 I QImsService: ImsCallSessionListenerProxy : posting to handler
05-17 10:40:47.719  2383  2383 D PhoneNumberUtils: slotId:0 subId:1 country:null emergencyNumbers: 999,112,9999,1122,141999,141112,911
05-17 10:40:47.720  2383  2383 D GsmCdmaPhone(0): [GsmCdmaPhone] getvoicemail ,mccmnc:23433 ,isRoaming:false
05-17 10:40:47.729  2383  2865 D RIL_IccCardProxy-(0): getState: set mPhoneId=0 mExternalState=READY
05-17 10:40:47.752  2383  2383 D PhoneNumberUtils: slotId:0 subId:1 country:GB emergencyNumbers: 999,112,9999,1122,141999,141112,911
05-17 10:40:47.755  2383  2383 D GsmCdmaPhone(0): [GsmCdmaPhone] getvoicemail ,mccmnc:23433 ,isRoaming:false
05-17 10:40:47.773  2383  2532 D RILJ    : Oem ID in RIL_UNSOL_OEM_HOOK_RAW is QOEMHOOK
05-17 10:40:47.773  2383  2532 D RILJ    : OEM ID check Passed
05-17 10:40:47.773  2383  2532 D RILJ    : Response ID in RIL_UNSOL_OEM_HOOK_RAW is 525303
05-17 10:40:47.773  2383  2532 D RILJ    : Response ID 525303 is not served in this process.
05-17 10:40:47.780  2383  2532 D RILJ    : Oem ID in RIL_UNSOL_OEM_HOOK_RAW is QOEMHOOK
05-17 10:40:47.780  2383  2532 D RILJ    : OEM ID check Passed
05-17 10:40:47.780  2383  2532 D RILJ    : Response ID in RIL_UNSOL_OEM_HOOK_RAW is 525341
05-17 10:40:47.780  2383  2532 D RILJ    : Response ID 525341 is not served in this process.
05-17 10:40:47.790  2383  2383 I QImsService:  : callSessionProgressing()
05-17 10:40:47.791  2383  2383 I ImsCall : callSessionProgressing :: session=[ImsCallSession objId:205144388 state:INITIATED callId:1] profile={ audioQuality=0, audioDirection=3, videoQuality=0, videoDirection=-1 } ImsCall=[ImsCall objId:55095853 onHold:N mute:N tech: updateRequest:NONE merging:N merge action pending:N merged:N multiParty:N confHost:N buried term:N wasVideo: N session:[ImsCallSession objId:205144388 state:INITIATED callId:1] transientSession:null]
05-17 10:40:47.791  2383  2383 D ImsPhoneCallTracker: [ImsPhoneCallTracker] onCallProgressing
05-17 10:40:47.791  2383  2383 D ImsPhoneCallTracker: [ImsPhoneCallTracker] processCallStateChange [ImsCall objId:55095853 onHold:N mute:N tech: updateRequest:NONE merging:N merge action pending:N merged:N multiParty:N confHost:N buried term:N wasVideo: N session:[ImsCallSession objId:205144388 state:INITIATED callId:1] transientSession:null] state=ALERTING cause=0
05-17 10:40:47.791  2383  2383 D ImsPhoneCallTracker: [ImsPhoneCallTracker] processCallStateChange state=ALERTING cause=0 ignoreState=false updateCallstate=true
05-17 10:40:47.791  2383  2383 D ImsPhoneConnection:  updateMediaCapabilities oldVideoState=0newVideoState= 0
05-17 10:40:47.791  2383  2383 V ImsPhoneConnection: update localCallProfile={ serviceType=1, callType=7, restrictCause=0, mediaProfile={ audioQuality=0, audioDirection=3, videoQuality=0, videoDirection=-1 } }
05-17 10:40:47.791  2383  2383 W ImsPhoneConnection: applyLocalCallCapabilities - localProfile = { serviceType=1, callType=7, restrictCause=0, mediaProfile={ audioQuality=0, audioDirection=3, videoQuality=0, videoDirection=-1 } }
05-17 10:40:47.791  2383  2383 V ImsPhoneConnection: update remoteCallProfile={ serviceType=1, callType=7, restrictCause=0, mediaProfile={ audioQuality=0, audioDirection=3, videoQuality=0, videoDirection=-1 } }
05-17 10:40:47.791  2383  2383 W ImsPhoneConnection: applyRemoteCallCapabilities - remoteProfile = { serviceType=1, callType=7, restrictCause=0, mediaProfile={ audioQuality=0, audioDirection=3, videoQuality=0, videoDirection=-1 } }
05-17 10:40:47.791  2383  2383 D ImsPhoneConnection:  updateMediaCapabilities current connection capabilities=0
05-17 10:40:47.791  2383  2383 D ImsPhoneConnection:  update, audio quality changed
05-17 10:40:47.791  2383  2383 V ImsPhoneCall: update : FG state: DIALING --> ALERTING
05-17 10:40:47.791  2383  2383 D ImsPhoneConnection: updateWifiState: true
05-17 10:40:47.792  2383  2383 D ImsPhoneConnection: address = no security flag name = no security flag nump = 1 namep = 3
05-17 10:40:47.792  2383  2383 D ImsPhoneConnection:  updateMediaCapabilities oldVideoState=0newVideoState= 0
05-17 10:40:47.792  2383  2383 V ImsPhoneConnection: update localCallProfile={ serviceType=1, callType=7, restrictCause=0, mediaProfile={ audioQuality=0, audioDirection=3, videoQuality=0, videoDirection=-1 } }
05-17 10:40:47.792  2383  2383 W ImsPhoneConnection: applyLocalCallCapabilities - localProfile = { serviceType=1, callType=7, restrictCause=0, mediaProfile={ audioQuality=0, audioDirection=3, videoQuality=0, videoDirection=-1 } }
05-17 10:40:47.792  2383  2383 V ImsPhoneConnection: update remoteCallProfile={ serviceType=1, callType=7, restrictCause=0, mediaProfile={ audioQuality=0, audioDirection=3, videoQuality=0, videoDirection=-1 } }
05-17 10:40:47.792  2383  2383 W ImsPhoneConnection: applyRemoteCallCapabilities - remoteProfile = { serviceType=1, callType=7, restrictCause=0, mediaProfile={ audioQuality=0, audioDirection=3, videoQuality=0, videoDirection=-1 } }
05-17 10:40:47.792  2383  2383 D ImsPhoneConnection:  updateMediaCapabilities current connection capabilities=3
05-17 10:40:47.792  2383  2383 D ImsPhoneCallTracker: [ImsPhoneCallTracker] updatePhoneState pendingMo = null, fg= ALERTING(1), bg= IDLE(0)
05-17 10:40:47.792  2383  2383 D ImsPhoneCallTracker: [ImsPhoneCallTracker] updatePhoneState oldState=OFFHOOK, newState=OFFHOOK
05-17 10:40:47.792  2383  2383 D ImsPhoneCallTracker: [ImsPhoneCallTracker] processCallStateChange notifyPreciseCallStateChanged
05-17 10:40:47.797  2383  2383 I ImsCall : callSessionUpdated :: session=[ImsCallSession objId:205144388 state:INITIATED callId:1] profile={ serviceType=1, callType=2, restrictCause=0, mediaProfile={ audioQuality=0, audioDirection=3, videoQuality=0, videoDirection=-1 } } ImsCall=[ImsCall objId:55095853 onHold:N mute:N tech: updateRequest:NONE merging:N merge action pending:N merged:N multiParty:N confHost:N buried term:N wasVideo: N session:[ImsCallSession objId:205144388 state:INITIATED callId:1] transientSession:null]
05-17 10:40:47.797  2383  2383 D ImsPhoneCallTracker: [ImsPhoneCallTracker] onCallUpdated
05-17 10:40:47.797  2383  2383 D ImsPhoneCallTracker: [ImsPhoneCallTracker] processCallStateChange state=ALERTING cause=0 ignoreState=true updateCallstate=true
05-17 10:40:47.797  2383  2383 D ImsPhoneConnection:  updateMediaCapabilities oldVideoState=0newVideoState= 0
05-17 10:40:47.797  2383  2383 V ImsPhoneConnection: update localCallProfile={ serviceType=1, callType=7, restrictCause=0, mediaProfile={ audioQuality=0, audioDirection=3, videoQuality=0, videoDirection=-1 } }
05-17 10:40:47.797  2383  2383 W ImsPhoneConnection: applyLocalCallCapabilities - localProfile = { serviceType=1, callType=7, restrictCause=0, mediaProfile={ audioQuality=0, audioDirection=3, videoQuality=0, videoDirection=-1 } }
05-17 10:40:47.797  2383  2383 V ImsPhoneConnection: update remoteCallProfile={ serviceType=1, callType=7, restrictCause=0, mediaProfile={ audioQuality=0, audioDirection=3, videoQuality=0, videoDirection=-1 } }
05-17 10:40:47.797  2383  2383 W ImsPhoneConnection: applyRemoteCallCapabilities - remoteProfile = { serviceType=1, callType=7, restrictCause=0, mediaProfile={ audioQuality=0, audioDirection=3, videoQuality=0, videoDirection=-1 } }
05-17 10:40:47.798  2383  2383 D ImsPhoneConnection:  updateMediaCapabilities current connection capabilities=3
05-17 10:40:47.798  2383  2383 D ImsPhoneConnection:  updateMediaCapabilities oldVideoState=0newVideoState= 0
05-17 10:40:47.798  2383  2383 V ImsPhoneConnection: update localCallProfile={ serviceType=1, callType=7, restrictCause=0, mediaProfile={ audioQuality=0, audioDirection=3, videoQuality=0, videoDirection=-1 } }
05-17 10:40:47.798  2383  2383 W ImsPhoneConnection: applyLocalCallCapabilities - localProfile = { serviceType=1, callType=7, restrictCause=0, mediaProfile={ audioQuality=0, audioDirection=3, videoQuality=0, videoDirection=-1 } }
05-17 10:40:47.800  2383  2383 V ImsPhoneConnection: update remoteCallProfile={ serviceType=1, callType=7, restrictCause=0, mediaProfile={ audioQuality=0, audioDirection=3, videoQuality=0, videoDirection=-1 } }
05-17 10:40:47.800  2383  2383 W ImsPhoneConnection: applyRemoteCallCapabilities - remoteProfile = { serviceType=1, callType=7, restrictCause=0, mediaProfile={ audioQuality=0, audioDirection=3, videoQuality=0, videoDirection=-1 } }
05-17 10:40:47.800  2383  2383 D ImsPhoneConnection:  updateMediaCapabilities current connection capabilities=3
05-17 10:40:47.800  2383  2383 D ImsPhoneConnection: address = no security flag name = no security flag nump = 1 namep = 3
05-17 10:40:47.800  2383  2383 I QImsService: ImsCallSessionImpl : getVideoCallProvider: Video call provider is null
05-17 10:40:47.800  2383  2383 D ImsPhoneCallTracker: [ImsPhoneCallTracker] updatePhoneState pendingMo = null, fg= ALERTING(1), bg= IDLE(0)
05-17 10:40:47.800  2383  2383 D ImsPhoneCallTracker: [ImsPhoneCallTracker] updatePhoneState oldState=OFFHOOK, newState=OFFHOOK
05-17 10:40:47.800  2383  2383 D ImsPhoneCallTracker: [ImsPhoneCallTracker] processCallStateChange notifyPreciseCallStateChanged
05-17 10:40:47.821  2383  2383 D CallManager: State Change: isDisconnect= false ,isUnknown= false ;;phoneType= 1 ,ring:bg:fg= 000 ,isAudioOn= false ;;phoneType= 5 ,ring:bg:fg= 001 ,isAudioOn= true ;;currentRingIndex=  ,currectActiveIndex= 1 ,PendHold-false-false
05-17 10:40:47.833  2383  2383 D PhoneNumberUtils: slotId:0 subId:1 country:null emergencyNumbers: 999,112,9999,1122,141999,141112,911
05-17 10:40:47.835  2383  2383 D CallManager: State Change: isDisconnect= false ,isUnknown= false ;;phoneType= 1 ,ring:bg:fg= 000 ,isAudioOn= false ;;phoneType= 5 ,ring:bg:fg= 001 ,isAudioOn= true ;;currentRingIndex=  ,currectActiveIndex= 1 ,PendHold-false-false
05-17 10:40:47.838  2383  2383 D PhoneNumberUtils: slotId:0 subId:1 country:null emergencyNumbers: 999,112,9999,1122,141999,141112,911
05-17 10:40:47.843  2383  2823 D RIL_IccCardProxy-(0): getState: set mPhoneId=0 mExternalState=READY
05-17 10:40:47.862  2383  2383 D SST(0)  : EVENT_POLL_STATE_NETWORK_SELECTION_MODE
05-17 10:40:47.862  2383  2383 D LOG_TAG : update mCurrentTac: 10662
05-17 10:40:47.862  2383  2383 D SST(0)  : handlPollStateResultMessage: GsmSST setDataRegState=0 regState=1 dataRadioTechnology=14
05-17 10:40:47.866  2383  2383 D SST(0)  : Poll ServiceState done:  oldSS=[0 0 voice home data home EE EE 23430 EE EE 23430  LTE LTE CSS not supported -1 -1 RoamInd=-1 DefRoamInd=-1 EmergOnly=false IsDataRoamingFromRegistration=false IsUsingCarrierAggregation=falseEriInd= -1EriMode= -1RadioPowerSv: false EmergOnly=false PhoneType: 1 IMSRegState: 1] newSS=[0 0 voice home data home EE EE 23430 EE EE 23430  LTE LTE CSS not supported -1 -1 RoamInd=-1 DefRoamInd=-1 EmergOnly=false IsDataRoamingFromRegistration=false IsUsingCarrierAggregation=falseEriInd= -1EriMode= -1RadioPowerSv: false EmergOnly=false PhoneType: 1 IMSRegState: 1] oldMaxDataCalls=20 mNewMaxDataCalls=20 oldReasonDataDenied=-1 mNewReasonDataDenied=-1 
05-17 10:40:47.866  2383  2383 D SIMRecords: [SIMRecords] getServiceProviderName: no brandOverride, providerName=null
05-17 10:40:47.866  2383  2383 D SST(0)  : plmn(23430) name from RIL: EE
05-17 10:40:47.866  2383  2383 D SST(0)  : BIdata : BIdataRoamingSwitch0:true
05-17 10:40:47.866  2383  2383 D SST(0)  : BIdata : BIdataRoamingSwitch0:true
05-17 10:40:47.985  2383  2530 D RILJ    : ACK_WAKE_LOCK_TIMEOUT
05-17 10:40:48.113  4100  4100 D ImsManager: [getNetworkSwitchProp] NETWORK_SWITCH : 0
05-17 10:40:48.113  4100  4100 D ImsManager: [getNetworkSwitchProp] NETWORK_SWITCH : 0
05-17 10:40:48.116  4100  4100 D ACCCustomizationManager: simMccMnc= 23433 spn=  gid1= 0000 SubId= 1
05-17 10:40:48.116  4100  4100 D ImsManager: [isWfcEnabledByPlatform] htc sense qctEnabled: true, movialEnabled: false, isWfcEnalbefalse
05-17 10:40:48.784  2383  2383 D DefaultPhoneNotifier: newSignalStrength same as lastSignalStrength, skip notify.
05-17 10:40:50.171  2383  2397 D SmsApplication: defaultApplication=com.htc.sense.mms
05-17 10:40:50.184  2383  7739 D SmsApplication: defaultApplication=com.htc.sense.mms
05-17 10:40:50.829  2383  2731 V QImsService: IFMsg_Rxr : Read packet: 84 bytes
05-17 10:40:50.829  2383  2731 V QImsService: ImsSenderRxr : processResponse[SUB0]
