01-01 12:06:23.601  2383  2383 D use-Rlog/RLOG-GSM: parseRecord()
01-01 12:06:23.601  2383  2383 D use-Rlog/RLOG-GSM: mExtRecord = 255
01-01 12:06:23.601  2383  2383 D use-Rlog/RLOG-GSM: parseRecord()
01-01 12:06:23.602  2383  2383 D use-Rlog/RLOG-GSM: mExtRecord = 255
01-01 12:06:23.602  2383  2383 D use-Rlog/RLOG-GSM: parseRecord()
01-01 12:06:23.602  2383  2383 D use-Rlog/RLOG-GSM: mExtRecord = 255
01-01 12:06:23.602  2383  2383 D use-Rlog/RLOG-GSM: parseRecord()
01-01 12:06:23.602  2383  2383 D use-Rlog/RLOG-GSM: mExtRecord = 255
01-01 12:06:23.602  2383  2383 D use-Rlog/RLOG-GSM: parseRecord()
01-01 12:06:23.602  2383  2383 D use-Rlog/RLOG-GSM: mExtRecord = 255
01-01 12:06:23.602  2383  2383 D use-Rlog/RLOG-GSM: parseRecord()
01-01 12:06:23.602  2383  2383 D use-Rlog/RLOG-GSM: mExtRecord = 255
01-01 12:06:23.602  2383  2383 D use-Rlog/RLOG-GSM: parseRecord()
01-01 12:06:23.602  2383  2383 D use-Rlog/RLOG-GSM: mExtRecord = 255
01-01 12:06:23.602  2383  2383 D use-Rlog/RLOG-GSM: parseRecord()
01-01 12:06:23.602  2383  2383 D use-Rlog/RLOG-GSM: mExtRecord = 255
01-01 12:06:23.602  2383  2383 D use-Rlog/RLOG-GSM: parseRecord()
01-01 12:06:23.602  2383  2383 D use-Rlog/RLOG-GSM: mExtRecord = 255
01-01 12:06:23.602  2383  2383 D use-Rlog/RLOG-GSM: parseRecord()
01-01 12:06:23.602  2383  2383 D use-Rlog/RLOG-GSM: mExtRecord = 255
01-01 12:06:23.602  2383  2383 D use-Rlog/RLOG-GSM: parseRecord()
01-01 12:06:23.602  2383  2383 D use-Rlog/RLOG-GSM: mExtRecord = 255
01-01 12:06:23.602  2383  2383 D use-Rlog/RLOG-GSM: parseRecord()
01-01 12:06:23.602  2383  2383 D use-Rlog/RLOG-GSM: mExtRecord = 255
01-01 12:06:23.602  2383  2383 D use-Rlog/RLOG-GSM: parseRecord()
01-01 12:06:23.602  2383  2383 D use-Rlog/RLOG-GSM: mExtRecord = 255
01-01 12:06:23.602  2383  2383 D use-Rlog/RLOG-GSM: parseRecord()
01-01 12:06:23.602  2383  2383 D use-Rlog/RLOG-GSM: mExtRecord = 255
01-01 12:06:23.602  2383  2383 D use-Rlog/RLOG-GSM: parseRecord()
01-01 12:06:23.602  2383  2383 D use-Rlog/RLOG-GSM: mExtRecord = 255
01-01 12:06:23.602  2383  2383 D use-Rlog/RLOG-GSM: parseRecord()
01-01 12:06:23.602  2383  2383 D use-Rlog/RLOG-GSM: mExtRecord = 255
01-01 12:06:23.602  2383  2383 D use-Rlog/RLOG-GSM: parseRecord()
01-01 12:06:23.602  2383  2383 D use-Rlog/RLOG-GSM: mExtRecord = 255
01-01 12:06:23.602  2383  2383 D use-Rlog/RLOG-GSM: parseRecord()
01-01 12:06:23.602  2383  2383 D use-Rlog/RLOG-GSM: mExtRecord = 255
01-01 12:06:23.602  2383  2383 D use-Rlog/RLOG-GSM: parseRecord()
01-01 12:06:23.602  2383  2383 D use-Rlog/RLOG-GSM: mExtRecord = 255
01-01 12:06:23.602  2383  2383 D use-Rlog/RLOG-GSM: parseRecord()
01-01 12:06:23.602  2383  2383 D use-Rlog/RLOG-GSM: mExtRecord = 255
01-01 12:06:23.602  2383  2383 D use-Rlog/RLOG-GSM: parseRecord()
01-01 12:06:23.602  2383  2383 D use-Rlog/RLOG-GSM: mExtRecord = 255
01-01 12:06:23.602  2383  2383 D use-Rlog/RLOG-GSM: parseRecord()
01-01 12:06:23.602  2383  2383 D use-Rlog/RLOG-GSM: mExtRecord = 255
01-01 12:06:23.602  2383  2383 D use-Rlog/RLOG-GSM: parseRecord()
01-01 12:06:23.602  2383  2383 D use-Rlog/RLOG-GSM: mExtRecord = 255
01-01 12:06:23.602  2383  2383 D use-Rlog/RLOG-GSM: parseRecord()
01-01 12:06:23.602  2383  2383 D use-Rlog/RLOG-GSM: mExtRecord = 255
01-01 12:06:23.602  2383  2383 D use-Rlog/RLOG-GSM: parseRecord()
01-01 12:06:23.602  2383  2383 D use-Rlog/RLOG-GSM: mExtRecord = 255
01-01 12:06:23.602  2383  2383 D use-Rlog/RLOG-GSM: parseRecord()
01-01 12:06:23.602  2383  2383 D use-Rlog/RLOG-GSM: mExtRecord = 255
01-01 12:06:23.602  2383  2383 D use-Rlog/RLOG-GSM: parseRecord()
01-01 12:06:23.602  2383  2383 D use-Rlog/RLOG-GSM: mExtRecord = 255
01-01 12:06:23.602  2383  2383 D use-Rlog/RLOG-GSM: parseRecord()
01-01 12:06:23.603  2383  2383 D use-Rlog/RLOG-GSM: mExtRecord = 255
01-01 12:06:23.603  2383  2383 D use-Rlog/RLOG-GSM: parseRecord()
01-01 12:06:23.603  2383  2383 D use-Rlog/RLOG-GSM: mExtRecord = 255
01-01 12:06:23.603  2383  2383 D use-Rlog/RLOG-GSM: parseRecord()
01-01 12:06:23.603  2383  2383 D use-Rlog/RLOG-GSM: mExtRecord = 255
01-01 12:06:23.603  2383  2383 D use-Rlog/RLOG-GSM: parseRecord()
01-01 12:06:23.603  2383  2383 D use-Rlog/RLOG-GSM: mExtRecord = 255
01-01 12:06:23.603  2383  2383 D use-Rlog/RLOG-GSM: parseRecord()
01-01 12:06:23.603  2383  2383 D use-Rlog/RLOG-GSM: mExtRecord = 255
01-01 12:06:23.603  2383  2383 D use-Rlog/RLOG-GSM: parseRecord()
01-01 12:06:23.603  2383  2383 D use-Rlog/RLOG-GSM: mExtRecord = 255
01-01 12:06:23.603  2383  2383 D use-Rlog/RLOG-GSM: parseRecord()
01-01 12:06:23.603  2383  2383 D use-Rlog/RLOG-GSM: mExtRecord = 255
01-01 12:06:23.603  2383  2383 D use-Rlog/RLOG-GSM: parseRecord()
01-01 12:06:23.603  2383  2383 D use-Rlog/RLOG-GSM: mExtRecord = 255
01-01 12:06:23.603  2383  2383 D use-Rlog/RLOG-GSM: parseRecord()
01-01 12:06:23.603  2383  2383 D use-Rlog/RLOG-GSM: mExtRecord = 255
01-01 12:06:23.603  2383  2383 D use-Rlog/RLOG-GSM: parseRecord()
01-01 12:06:23.603  2383  2383 D use-Rlog/RLOG-GSM: mExtRecord = 255
01-01 12:06:23.605  2383  2383 D TelephonyManager: setTelephonyProperty: success phoneId=0 property=gsm.usim.anr.max-no value: 2 propVal=2
01-01 12:06:24.809  2383  2383 D use-Rlog/RLOG-GSM: parseRecord()
01-01 12:06:24.809  2383  2383 D use-Rlog/RLOG-GSM: mExtRecord = 255
01-01 12:06:24.809  2383  2383 D use-Rlog/RLOG-GSM: parseRecord()
01-01 12:06:24.809  2383  2383 D use-Rlog/RLOG-GSM: mExtRecord = 255
01-01 12:06:24.809  2383  2383 D use-Rlog/RLOG-GSM: parseRecord()
01-01 12:06:24.809  2383  2383 D use-Rlog/RLOG-GSM: mExtRecord = 255
01-01 12:06:24.809  2383  2383 D use-Rlog/RLOG-GSM: parseRecord()
01-01 12:06:24.809  2383  2383 D use-Rlog/RLOG-GSM: mExtRecord = 255
01-01 12:06:24.809  2383  2383 D use-Rlog/RLOG-GSM: parseRecord()
01-01 12:06:24.809  2383  2383 D use-Rlog/RLOG-GSM: mExtRecord = 255
01-01 12:06:24.809  2383  2383 D use-Rlog/RLOG-GSM: parseRecord()
01-01 12:06:24.809  2383  2383 D use-Rlog/RLOG-GSM: mExtRecord = 255
01-01 12:06:24.809  2383  2383 D use-Rlog/RLOG-GSM: parseRecord()
01-01 12:06:24.809  2383  2383 D use-Rlog/RLOG-GSM: mExtRecord = 255
01-01 12:06:24.809  2383  2383 D use-Rlog/RLOG-GSM: parseRecord()
01-01 12:06:24.809  2383  2383 D use-Rlog/RLOG-GSM: mExtRecord = 255
01-01 12:06:24.809  2383  2383 D use-Rlog/RLOG-GSM: parseRecord()
01-01 12:06:24.809  2383  2383 D use-Rlog/RLOG-GSM: mExtRecord = 255
01-01 12:06:24.810  2383  2383 D use-Rlog/RLOG-GSM: parseRecord()
01-01 12:06:24.810  2383  2383 D use-Rlog/RLOG-GSM: mExtRecord = 255
01-01 12:06:24.810  2383  2383 D use-Rlog/RLOG-GSM: parseRecord()
01-01 12:06:24.810  2383  2383 D use-Rlog/RLOG-GSM: mExtRecord = 255
01-01 12:06:24.810  2383  2383 D use-Rlog/RLOG-GSM: parseRecord()
01-01 12:06:24.810  2383  2383 D use-Rlog/RLOG-GSM: mExtRecord = 255
01-01 12:06:24.810  2383  2383 D use-Rlog/RLOG-GSM: parseRecord()
01-01 12:06:24.810  2383  2383 D use-Rlog/RLOG-GSM: mExtRecord = 255
01-01 12:06:24.810  2383  2383 D use-Rlog/RLOG-GSM: parseRecord()
01-01 12:06:24.810  2383  2383 D use-Rlog/RLOG-GSM: mExtRecord = 255
01-01 12:06:24.810  2383  2383 D use-Rlog/RLOG-GSM: parseRecord()
01-01 12:06:24.810  2383  2383 D use-Rlog/RLOG-GSM: mExtRecord = 255
01-01 12:06:24.810  2383  2383 D use-Rlog/RLOG-GSM: parseRecord()
01-01 12:06:24.810  2383  2383 D use-Rlog/RLOG-GSM: mExtRecord = 255
01-01 12:06:24.810  2383  2383 D use-Rlog/RLOG-GSM: parseRecord()
01-01 12:06:24.810  2383  2383 D use-Rlog/RLOG-GSM: mExtRecord = 255
01-01 12:06:24.810  2383  2383 D use-Rlog/RLOG-GSM: parseRecord()
01-01 12:06:24.810  2383  2383 D use-Rlog/RLOG-GSM: mExtRecord = 255
01-01 12:06:24.810  2383  2383 D use-Rlog/RLOG-GSM: parseRecord()
01-01 12:06:24.810  2383  2383 D use-Rlog/RLOG-GSM: mExtRecord = 255
01-01 12:06:24.811  2383  2383 D use-Rlog/RLOG-GSM: parseRecord()
01-01 12:06:24.811  2383  2383 D use-Rlog/RLOG-GSM: mExtRecord = 255
01-01 12:06:24.811  2383  2383 D use-Rlog/RLOG-GSM: parseRecord()
01-01 12:06:24.811  2383  2383 D use-Rlog/RLOG-GSM: mExtRecord = 255
01-01 12:06:24.811  2383  2383 D use-Rlog/RLOG-GSM: parseRecord()
01-01 12:06:24.811  2383  2383 D use-Rlog/RLOG-GSM: mExtRecord = 255
01-01 12:06:24.811  2383  2383 D use-Rlog/RLOG-GSM: parseRecord()
01-01 12:06:24.811  2383  2383 D use-Rlog/RLOG-GSM: mExtRecord = 255
01-01 12:06:24.811  2383  2383 D use-Rlog/RLOG-GSM: parseRecord()
01-01 12:06:24.811  2383  2383 D use-Rlog/RLOG-GSM: mExtRecord = 255
01-01 12:06:24.811  2383  2383 D use-Rlog/RLOG-GSM: parseRecord()
01-01 12:06:24.811  2383  2383 D use-Rlog/RLOG-GSM: mExtRecord = 255
01-01 12:06:24.811  2383  2383 D use-Rlog/RLOG-GSM: parseRecord()
01-01 12:06:24.811  2383  2383 D use-Rlog/RLOG-GSM: mExtRecord = 255
01-01 12:06:24.811  2383  2383 D use-Rlog/RLOG-GSM: parseRecord()
01-01 12:06:24.811  2383  2383 D use-Rlog/RLOG-GSM: mExtRecord = 255
01-01 12:06:24.811  2383  2383 D use-Rlog/RLOG-GSM: parseRecord()
01-01 12:06:24.811  2383  2383 D use-Rlog/RLOG-GSM: mExtRecord = 255
01-01 12:06:24.811  2383  2383 D use-Rlog/RLOG-GSM: parseRecord()
01-01 12:06:24.811  2383  2383 D use-Rlog/RLOG-GSM: mExtRecord = 255
01-01 12:06:24.811  2383  2383 D use-Rlog/RLOG-GSM: parseRecord()
01-01 12:06:24.811  2383  2383 D use-Rlog/RLOG-GSM: mExtRecord = 255
01-01 12:06:24.812  2383  2383 D use-Rlog/RLOG-GSM: parseRecord()
01-01 12:06:24.812  2383  2383 D use-Rlog/RLOG-GSM: mExtRecord = 255
01-01 12:06:24.812  2383  2383 D use-Rlog/RLOG-GSM: parseRecord()
01-01 12:06:24.812  2383  2383 D use-Rlog/RLOG-GSM: mExtRecord = 255
01-01 12:06:24.812  2383  2383 D use-Rlog/RLOG-GSM: parseRecord()
01-01 12:06:24.812  2383  2383 D use-Rlog/RLOG-GSM: mExtRecord = 255
01-01 12:06:24.812  2383  2383 D use-Rlog/RLOG-GSM: parseRecord()
01-01 12:06:24.812  2383  2383 D use-Rlog/RLOG-GSM: mExtRecord = 255
01-01 12:06:24.812  2383  2383 D use-Rlog/RLOG-GSM: parseRecord()
01-01 12:06:24.812  2383  2383 D use-Rlog/RLOG-GSM: mExtRecord = 255
01-01 12:06:24.812  2383  2383 D use-Rlog/RLOG-GSM: parseRecord()
01-01 12:06:24.812  2383  2383 D use-Rlog/RLOG-GSM: mExtRecord = 255
01-01 12:06:24.812  2383  2383 D use-Rlog/RLOG-GSM: parseRecord()
01-01 12:06:24.812  2383  2383 D use-Rlog/RLOG-GSM: mExtRecord = 255
01-01 12:06:24.812  2383  2383 D use-Rlog/RLOG-GSM: parseRecord()
01-01 12:06:24.812  2383  2383 D use-Rlog/RLOG-GSM: mExtRecord = 255
01-01 12:06:24.812  2383  2383 D use-Rlog/RLOG-GSM: parseRecord()
01-01 12:06:24.812  2383  2383 D use-Rlog/RLOG-GSM: mExtRecord = 255
01-01 12:06:24.812  2383  2383 D use-Rlog/RLOG-GSM: parseRecord()
01-01 12:06:24.813  2383  2383 D use-Rlog/RLOG-GSM: mExtRecord = 255
01-01 12:06:24.813  2383  2383 D use-Rlog/RLOG-GSM: parseRecord()
01-01 12:06:24.813  2383  2383 D use-Rlog/RLOG-GSM: mExtRecord = 255
01-01 12:06:24.813  2383  2383 D use-Rlog/RLOG-GSM: parseRecord()
01-01 12:06:24.813  2383  2383 D use-Rlog/RLOG-GSM: mExtRecord = 255
01-01 12:06:24.813  2383  2383 D use-Rlog/RLOG-GSM: parseRecord()
01-01 12:06:24.813  2383  2383 D use-Rlog/RLOG-GSM: mExtRecord = 255
01-01 12:06:24.813  2383  2383 D use-Rlog/RLOG-GSM: parseRecord()
01-01 12:06:24.813  2383  2383 D use-Rlog/RLOG-GSM: mExtRecord = 255
01-01 12:06:24.813  2383  2383 D use-Rlog/RLOG-GSM: parseRecord()
01-01 12:06:24.813  2383  2383 D use-Rlog/RLOG-GSM: mExtRecord = 255
01-01 12:06:24.813  2383  2383 D use-Rlog/RLOG-GSM: parseRecord()
01-01 12:06:24.813  2383  2383 D use-Rlog/RLOG-GSM: mExtRecord = 255
01-01 12:06:24.813  2383  2383 D use-Rlog/RLOG-GSM: parseRecord()
01-01 12:06:24.813  2383  2383 D use-Rlog/RLOG-GSM: mExtRecord = 255
01-01 12:06:24.813  2383  2383 D use-Rlog/RLOG-GSM: parseRecord()
01-01 12:06:24.813  2383  2383 D use-Rlog/RLOG-GSM: mExtRecord = 255
01-01 12:06:24.813  2383  2383 D use-Rlog/RLOG-GSM: parseRecord()
01-01 12:06:24.813  2383  2383 D use-Rlog/RLOG-GSM: mExtRecord = 255
01-01 12:06:24.813  2383  2383 D use-Rlog/RLOG-GSM: parseRecord()
01-01 12:06:24.813  2383  2383 D use-Rlog/RLOG-GSM: mExtRecord = 255
01-01 12:06:24.814  2383  2383 D use-Rlog/RLOG-GSM: parseRecord()
01-01 12:06:24.814  2383  2383 D use-Rlog/RLOG-GSM: mExtRecord = 255
01-01 12:06:24.814  2383  2383 D use-Rlog/RLOG-GSM: parseRecord()
01-01 12:06:24.814  2383  2383 D use-Rlog/RLOG-GSM: mExtRecord = 255
01-01 12:06:24.814  2383  2383 D use-Rlog/RLOG-GSM: parseRecord()
01-01 12:06:24.814  2383  2383 D use-Rlog/RLOG-GSM: mExtRecord = 255
01-01 12:06:24.814  2383  2383 D use-Rlog/RLOG-GSM: parseRecord()
01-01 12:06:24.814  2383  2383 D use-Rlog/RLOG-GSM: mExtRecord = 255
01-01 12:06:24.814  2383  2383 D use-Rlog/RLOG-GSM: parseRecord()
01-01 12:06:24.814  2383  2383 D use-Rlog/RLOG-GSM: mExtRecord = 255
01-01 12:06:24.814  2383  2383 D use-Rlog/RLOG-GSM: parseRecord()
01-01 12:06:24.814  2383  2383 D use-Rlog/RLOG-GSM: mExtRecord = 255
01-01 12:06:24.814  2383  2383 D use-Rlog/RLOG-GSM: parseRecord()
01-01 12:06:24.814  2383  2383 D use-Rlog/RLOG-GSM: mExtRecord = 255
01-01 12:06:24.814  2383  2383 D use-Rlog/RLOG-GSM: parseRecord()
01-01 12:06:24.814  2383  2383 D use-Rlog/RLOG-GSM: mExtRecord = 255
01-01 12:06:24.814  2383  2383 D use-Rlog/RLOG-GSM: parseRecord()
01-01 12:06:24.814  2383  2383 D use-Rlog/RLOG-GSM: mExtRecord = 255
01-01 12:06:24.814  2383  2383 D use-Rlog/RLOG-GSM: parseRecord()
01-01 12:06:24.814  2383  2383 D use-Rlog/RLOG-GSM: mExtRecord = 255
01-01 12:06:24.815  2383  2383 D use-Rlog/RLOG-GSM: parseRecord()
01-01 12:06:24.815  2383  2383 D use-Rlog/RLOG-GSM: mExtRecord = 255
01-01 12:06:24.815  2383  2383 D use-Rlog/RLOG-GSM: parseRecord()
01-01 12:06:24.815  2383  2383 D use-Rlog/RLOG-GSM: mExtRecord = 255
01-01 12:06:24.815  2383  2383 D use-Rlog/RLOG-GSM: parseRecord()
01-01 12:06:24.815  2383  2383 D use-Rlog/RLOG-GSM: mExtRecord = 255
01-01 12:06:24.815  2383  2383 D use-Rlog/RLOG-GSM: parseRecord()
01-01 12:06:24.815  2383  2383 D use-Rlog/RLOG-GSM: mExtRecord = 255
01-01 12:06:24.815  2383  2383 D use-Rlog/RLOG-GSM: parseRecord()
01-01 12:06:24.815  2383  2383 D use-Rlog/RLOG-GSM: mExtRecord = 255
01-01 12:06:24.815  2383  2383 D use-Rlog/RLOG-GSM: parseRecord()
01-01 12:06:24.815  2383  2383 D use-Rlog/RLOG-GSM: mExtRecord = 255
01-01 12:06:24.815  2383  2383 D use-Rlog/RLOG-GSM: parseRecord()
01-01 12:06:24.815  2383  2383 D use-Rlog/RLOG-GSM: mExtRecord = 255
01-01 12:06:24.815  2383  2383 D use-Rlog/RLOG-GSM: parseRecord()
01-01 12:06:24.815  2383  2383 D use-Rlog/RLOG-GSM: mExtRecord = 255
01-01 12:06:24.815  2383  2383 D use-Rlog/RLOG-GSM: parseRecord()
01-01 12:06:24.815  2383  2383 D use-Rlog/RLOG-GSM: mExtRecord = 255
01-01 12:06:24.815  2383  2383 D use-Rlog/RLOG-GSM: parseRecord()
01-01 12:06:24.815  2383  2383 D use-Rlog/RLOG-GSM: mExtRecord = 255
01-01 12:06:24.815  2383  2383 D use-Rlog/RLOG-GSM: parseRecord()
01-01 12:06:24.816  2383  2383 D use-Rlog/RLOG-GSM: mExtRecord = 255
01-01 12:06:24.816  2383  2383 D use-Rlog/RLOG-GSM: parseRecord()
01-01 12:06:24.816  2383  2383 D use-Rlog/RLOG-GSM: mExtRecord = 255
01-01 12:06:24.816  2383  2383 D use-Rlog/RLOG-GSM: parseRecord()
01-01 12:06:24.816  2383  2383 D use-Rlog/RLOG-GSM: mExtRecord = 255
01-01 12:06:24.816  2383  2383 D use-Rlog/RLOG-GSM: parseRecord()
01-01 12:06:24.816  2383  2383 D use-Rlog/RLOG-GSM: mExtRecord = 255
01-01 12:06:24.816  2383  2383 D use-Rlog/RLOG-GSM: parseRecord()
01-01 12:06:24.816  2383  2383 D use-Rlog/RLOG-GSM: mExtRecord = 255
01-01 12:06:24.816  2383  2383 D use-Rlog/RLOG-GSM: parseRecord()
01-01 12:06:24.816  2383  2383 D use-Rlog/RLOG-GSM: mExtRecord = 255
01-01 12:06:24.816  2383  2383 D use-Rlog/RLOG-GSM: parseRecord()
01-01 12:06:24.816  2383  2383 D use-Rlog/RLOG-GSM: mExtRecord = 255
01-01 12:06:24.816  2383  2383 D use-Rlog/RLOG-GSM: parseRecord()
01-01 12:06:24.816  2383  2383 D use-Rlog/RLOG-GSM: mExtRecord = 255
01-01 12:06:24.816  2383  2383 D use-Rlog/RLOG-GSM: parseRecord()
01-01 12:06:24.816  2383  2383 D use-Rlog/RLOG-GSM: mExtRecord = 255
01-01 12:06:24.816  2383  2383 D use-Rlog/RLOG-GSM: parseRecord()
01-01 12:06:24.816  2383  2383 D use-Rlog/RLOG-GSM: mExtRecord = 255
01-01 12:06:24.816  2383  2383 D use-Rlog/RLOG-GSM: parseRecord()
01-01 12:06:24.816  2383  2383 D use-Rlog/RLOG-GSM: mExtRecord = 255
01-01 12:06:24.817  2383  2383 D use-Rlog/RLOG-GSM: parseRecord()
01-01 12:06:24.817  2383  2383 D use-Rlog/RLOG-GSM: mExtRecord = 255
01-01 12:06:24.817  2383  2383 D use-Rlog/RLOG-GSM: parseRecord()
01-01 12:06:24.817  2383  2383 D use-Rlog/RLOG-GSM: mExtRecord = 255
01-01 12:06:24.817  2383  2383 D use-Rlog/RLOG-GSM: parseRecord()
01-01 12:06:24.817  2383  2383 D use-Rlog/RLOG-GSM: mExtRecord = 255
01-01 12:06:24.817  2383  2383 D use-Rlog/RLOG-GSM: parseRecord()
01-01 12:06:24.817  2383  2383 D use-Rlog/RLOG-GSM: mExtRecord = 255
01-01 12:06:24.817  2383  2383 D use-Rlog/RLOG-GSM: parseRecord()
01-01 12:06:24.817  2383  2383 D use-Rlog/RLOG-GSM: mExtRecord = 255
01-01 12:06:24.817  2383  2383 D use-Rlog/RLOG-GSM: parseRecord()
01-01 12:06:24.817  2383  2383 D use-Rlog/RLOG-GSM: mExtRecord = 255
01-01 12:06:24.817  2383  2383 D use-Rlog/RLOG-GSM: parseRecord()
01-01 12:06:24.817  2383  2383 D use-Rlog/RLOG-GSM: mExtRecord = 255
01-01 12:06:24.817  2383  2383 D use-Rlog/RLOG-GSM: parseRecord()
01-01 12:06:24.817  2383  2383 D use-Rlog/RLOG-GSM: mExtRecord = 255
01-01 12:06:24.817  2383  2383 D use-Rlog/RLOG-GSM: parseRecord()
01-01 12:06:24.817  2383  2383 D use-Rlog/RLOG-GSM: mExtRecord = 255
01-01 12:06:24.817  2383  2383 D use-Rlog/RLOG-GSM: parseRecord()
01-01 12:06:24.817  2383  2383 D use-Rlog/RLOG-GSM: mExtRecord = 255
01-01 12:06:24.818  2383  2383 D use-Rlog/RLOG-GSM: parseRecord()
01-01 12:06:24.818  2383  2383 D use-Rlog/RLOG-GSM: mExtRecord = 255
01-01 12:06:24.818  2383  2383 D use-Rlog/RLOG-GSM: parseRecord()
01-01 12:06:24.818  2383  2383 D use-Rlog/RLOG-GSM: mExtRecord = 255
01-01 12:06:24.818  2383  2383 D use-Rlog/RLOG-GSM: parseRecord()
01-01 12:06:24.818  2383  2383 D use-Rlog/RLOG-GSM: mExtRecord = 255
01-01 12:06:24.818  2383  2383 D use-Rlog/RLOG-GSM: parseRecord()
01-01 12:06:24.818  2383  2383 D use-Rlog/RLOG-GSM: mExtRecord = 255
01-01 12:06:24.818  2383  2383 D use-Rlog/RLOG-GSM: parseRecord()
01-01 12:06:24.818  2383  2383 D use-Rlog/RLOG-GSM: mExtRecord = 255
01-01 12:06:24.818  2383  2383 D use-Rlog/RLOG-GSM: parseRecord()
01-01 12:06:24.818  2383  2383 D use-Rlog/RLOG-GSM: mExtRecord = 255
01-01 12:06:24.818  2383  2383 D use-Rlog/RLOG-GSM: parseRecord()
01-01 12:06:24.818  2383  2383 D use-Rlog/RLOG-GSM: mExtRecord = 255
01-01 12:06:24.818  2383  2383 D use-Rlog/RLOG-GSM: parseRecord()
01-01 12:06:24.818  2383  2383 D use-Rlog/RLOG-GSM: mExtRecord = 255
01-01 12:06:24.818  2383  2383 D use-Rlog/RLOG-GSM: parseRecord()
01-01 12:06:24.818  2383  2383 D use-Rlog/RLOG-GSM: mExtRecord = 255
01-01 12:06:24.826  2383  2383 D TelephonyManager: setTelephonyProperty: success phoneId=0 property=gsm.usim.anr.max-no value: 1 propVal=1
01-01 12:06:24.828  2383  2383 D TelephonyManager: setTelephonyProperty: success phoneId=0 property=gsm.usim.anr.max-no value: 2 propVal=2
01-01 12:06:24.835  2383  2383 D IccPhoneBookInterfaceManager: load ADN records success!!
01-01 12:06:24.835  2383  7895 D IccProvider: [IccProvider] phoneBookEntries.size=350
01-01 12:06:24.837  2383  7895 D IccProvider: [IccProvider] loadFromEf: return cursor
01-01 12:06:24.837  2383  2823 D RIL_IccCardProxy-(0): getState: set mPhoneId=0 mExternalState=READY
01-01 12:06:24.842  2383  2566 D RIL_IccCardProxy-(0): getState: set mPhoneId=0 mExternalState=READY
01-01 12:06:24.843  2383  2397 D RIL_IccCardProxy-(0): getState: set mPhoneId=0 mExternalState=READY
01-01 12:06:27.884  2383  2396 D RIL_IccCardProxy-(0): getState: set mPhoneId=0 mExternalState=READY
01-01 12:06:27.888  2383  2566 D RIL_IccCardProxy-(0): getState: set mPhoneId=0 mExternalState=READY
01-01 12:06:42.735  1131  1300 E RILQ    : (0/1131): RIL[0][event] qcril_qmi_nas_report_restricted_details: .. reporting 0
01-01 12:06:42.738  2383  2383 D SST(0)  : EVENT_RESTRICTED_STATE_CHANGED
01-01 12:06:42.738  2383  2383 D SST(0)  : onRestrictedStateChanged: E rs Restricted State CS: none PS:false
01-01 12:06:42.738  2383  2383 D SST(0)  : onRestrictedStateChanged: new rs Restricted State CS: none PS:false
01-01 12:06:42.738  2383  2383 D SST(0)  : onRestrictedStateChanged: X rs Restricted State CS: none PS:false
01-01 12:06:42.742  1131  1300 E RILQ    : (0/1131): RIL[0][event] get_ecc_property_name: ecc list name : ril.ecclist.
01-01 12:06:42.747  1131  1300 E RILQ    : (0/1131): RIL[0][event] get_ecc_property_name: ecc list name : ril.ecclist.
01-01 12:06:42.763  1131  8001 E RILQ    : (0/1131): RIL[0][cmd-20(600)] qcril_qmi_nas_request_registration_state: [RMA][NO_SERVICE] voice registration state 12 --> 0
01-01 12:06:42.765  2383  2383 D SST(0)  : EVENT_POLL_STATE_NETWORK_SELECTION_MODE
01-01 12:06:42.767  1131  8000 E RILQ    : (0/1131): RIL[0][cmd-21(888)] qcril_qmi_nas_request_data_registration_state: [RMA][NO_SERVICE] data registration state 2 --> 0
01-01 12:06:42.774  2383  2383 D LOG_TAG : update mCurrentTac: -1
01-01 12:06:42.774  1131  1251 E RILQ    : (0/1131): RIL[0][main] qcril_qmi_nas_report_restricted_details: .. reporting 0
01-01 12:06:42.774  2383  2383 D SST(0)  : handlPollStateResultMessage: GsmSST setDataRegState=1 regState=0 dataRadioTechnology=0
01-01 12:06:42.777  2383  2383 D SST(0)  : Poll ServiceState done:  oldSS=[2 1 voice home data home null null null null null null  Unknown Unknown CSS not supported -1 -1 RoamInd=-1 DefRoamInd=-1 EmergOnly=true IsDataRoamingFromRegistration=false IsUsingCarrierAggregation=falseEriInd= -1EriMode= -1RadioPowerSv: false EmergOnly=true PhoneType: 1 IMSRegState: 0] newSS=[1 1 voice home data home null null null null null null  Unknown Unknown CSS not supported -1 -1 RoamInd=-1 DefRoamInd=-1 EmergOnly=false IsDataRoamingFromRegistration=false IsUsingCarrierAggregation=falseEriInd= -1EriMode= -1RadioPowerSv: false EmergOnly=false PhoneType: 1 IMSRegState: 0] oldMaxDataCalls=20 mNewMaxDataCalls=20 oldReasonDataDenied=-1 mNewReasonDataDenied=-1 
01-01 12:06:42.777  2383  2383 D SIMRecords: [SIMRecords] getServiceProviderName: no brandOverride, providerName=null
01-01 12:06:42.777  2383  2383 D SST(0)  : plmn(null) name from RIL: null
01-01 12:06:42.777  2383  2383 D SST(0)  : BIdata : BIdataRoamingSwitch0:true
01-01 12:06:42.777  2383  2383 D SST(0)  : BIdata : BIdataRoamingSwitch0:true
01-01 12:06:42.778  2383  2383 D SST(0)  : SPN_STRINGS_UPDATED_ACTION serviceStatus: 1 rejectCause:0
01-01 12:06:42.779  2383  2383 D TelephonyManager: setTelephonyProperty: success phoneId=0 property=gsm.operator.alpha value:  propVal=
01-01 12:06:42.784  2383  2383 D SubscriptionController: [setCarrierText]+ text: subId:1
01-01 12:06:42.793  2383  2383 D SubscriptionController: notifySubscriptionInfoChanged:
01-01 12:06:42.800  2383  2383 D TelephonyManager: setTelephonyProperty: success phoneId=0 property=gsm.operator.numeric value:  propVal=
01-01 12:06:42.800  2383  2383 D SST(0)  : operatorNumeric is null
01-01 12:06:42.801  2383  2383 D TelephonyManager: setTelephonyProperty: success phoneId=0 property=gsm.operator.iso-country value:  propVal=
01-01 12:06:42.803  2383  2383 D TelephonyManager: setTelephonyProperty: success phoneId=0 property=gsm.operator.isroaming value: false propVal=false
01-01 12:06:42.806  2383  2383 D SST(0)  : Broadcasting ServiceState : 1 1 voice home data home null null null null null null  Unknown Unknown CSS not supported -1 -1 RoamInd=-1 DefRoamInd=-1 EmergOnly=false IsDataRoamingFromRegistration=false IsUsingCarrierAggregation=falseEriInd= -1EriMode= -1RadioPowerSv: false EmergOnly=false PhoneType: 1 IMSRegState: 0
01-01 12:06:42.806  2383  2383 D SIMRecords: [SIMRecords] cfuQuery STATE : CFU_INIT_STATE
01-01 12:06:42.806  2383  2383 D SST(0)  : updateImsServiceState ss:1 1 voice home data home null null null null null null  Unknown Unknown CSS not supported -1 -1 RoamInd=-1 DefRoamInd=-1 EmergOnly=false IsDataRoamingFromRegistration=false IsUsingCarrierAggregation=falseEriInd= -1EriMode= -1RadioPowerSv: false EmergOnly=false PhoneType: 1 IMSRegState: 0
01-01 12:06:42.807  2383  2383 D DefaultPhoneNotifier: nofityServiceState: mRegistry=com.android.internal.telephony.ITelephonyRegistry$Stub$Proxy@ad6b4d0 ss=1 1 voice home data home null null null null null null  Unknown Unknown CSS not supported -1 -1 RoamInd=-1 DefRoamInd=-1 EmergOnly=false IsDataRoamingFromRegistration=false IsUsingCarrierAggregation=falseEriInd= -1EriMode= -1RadioPowerSv: false EmergOnly=false PhoneType: 1 IMSRegState: 0 sender=Handler (com.android.internal.telephony.GsmCdmaPhone) {8d01d7b} phondId=0 subId=1
01-01 12:06:42.812  2383  2397 D SubscriptionController: [getPhoneId] asked for default subId=1
01-01 12:06:42.815  2383  2396 D GsmCdmaPhone(0): [GsmCdmaPhone] getDataConnectionState apnType=default ret=DISCONNECTED
01-01 12:06:42.825  2383  2383 D RIL_IccCardProxy-(0): getState: set mPhoneId=0 mExternalState=READY
01-01 12:06:42.834  2383  2383 D DefaultPhoneNotifier: newSignalStrength same as lastSignalStrength, skip notify.
01-01 12:06:42.834  2383  2383 D SST(0)  : SST.getAllCellInfo(): return last, same thread can't block
01-01 12:06:42.834  2383  2383 D SST(0)  : getCellLocation(): X ret WCDMA info=[xxx,xxx,xxx]
01-01 12:06:42.835  1603  3224 D TelephonyRegistry: notifyCellLocationForSubscriber: subId=1 cellLocation=Bundle[mParcelledData.dataSize=64]
01-01 12:06:42.836  2383  7895 D RIL_IccCardProxy-(0): getState: set mPhoneId=0 mExternalState=READY
01-01 12:06:42.848  2383  2383 D SST(0)  : EVENT_RESTRICTED_STATE_CHANGED
01-01 12:06:42.848  2383  2383 D SST(0)  : onRestrictedStateChanged: E rs Restricted State CS: none PS:false
01-01 12:06:42.848  2383  2383 D SST(0)  : onRestrictedStateChanged: new rs Restricted State CS: none PS:false
01-01 12:06:42.848  2383  2383 D SST(0)  : onRestrictedStateChanged: X rs Restricted State CS: none PS:false
01-01 12:06:42.884  2383  2383 D SST(0)  : SubscriptionListener.onSubscriptionInfoChanged
01-01 12:06:42.885  2383  2383 D DCT     : [0]SubscriptionListener.onSubscriptionInfoChanged subId=1, phoneType=1
01-01 12:06:42.891  2383  2383 D PhoneSwitcher: handleMessage: msg={ when=-95ms what=102 target=com.android.internal.telephony.PhoneSwitcher }
01-01 12:06:42.891  2383  2383 D PhoneSwitcher: Broadcast network specifier set intent
01-01 12:06:42.899  2383  2397 D RIL_IccCardProxy-(0): getState: set mPhoneId=0 mExternalState=READY
01-01 12:06:42.899  2383  2383 D PhoneSwitcher: onEvaluate: requestsChanged=false, reason=subChanged, diffDetected=false
01-01 12:06:42.900  2259  2259 D PHONE   : ServiceState.getSpcsLteRoamingType() result:UNKNOWN
01-01 12:06:42.907  2383  2865 D RIL_IccCardProxy-(0): getState: set mPhoneId=0 mExternalState=READY
01-01 12:06:42.915  2383  2383 D TelephonyNetworkFactory[0]: SubscriptionListener.onSubscriptionInfoChanged
01-01 12:06:42.941  2383  2383 D SubscriptionController: [getActiveSubscriptionInfo]+ subId=1 subInfo={id=1, iccId=8944122575514501688 simSlotIndex=0 displayName=CARD 1 carrierName= nameSource=0 iconTint=-16746133 dataRoaming=1 iconBitmap=android.graphics.Bitmap@48ff5e1 mcc 234 mnc 33}
01-01 12:06:42.963  2383  2383 D ImsPhone: handleMessage what=53
01-01 12:06:42.963  2383  2383 D ProxyController: Angela getAllIMSI
01-01 12:06:42.963  2383  2383 D RIL_IccCardProxy-(0): getGsmIMSI mGsmIMSI = xxxxx
01-01 12:06:42.972  2383  8011 D MessageCustFlag: networkCode: 
01-01 12:06:42.975  2383  8011 D MessageCustFlag: networkCode: 
01-01 12:06:42.977  2383  2530 D RILJ    : ACK_WAKE_LOCK_TIMEOUT
01-01 12:06:42.978  2383  2383 D SubscriptionController: [getActiveSubscriptionInfo]+ subId=1 subInfo={id=1, iccId=8944122575514501688 simSlotIndex=0 displayName=CARD 1 carrierName= nameSource=0 iconTint=-16746133 dataRoaming=1 iconBitmap=android.graphics.Bitmap@350f1d mcc 234 mnc 33}
01-01 12:06:42.986  2383  2397 D SubscriptionController: [getActiveSubscriptionInfoForSimSlotIndex]+ slotIdx=0 subId={id=1, iccId=8944122575514501688 simSlotIndex=0 displayName=CARD 1 carrierName= nameSource=0 iconTint=-16746133 dataRoaming=1 iconBitmap=android.graphics.Bitmap@f10bb63 mcc 234 mnc 33}
01-01 12:06:42.998  2383  2824 D RIL_IccCardProxy-(0): getState: set mPhoneId=0 mExternalState=READY
01-01 12:06:47.754  1131  8014 E RILQ    : (0/1131): RIL[0][cmd-21(600)] qcril_qmi_nas_request_data_registration_state: [RMA][NO_SERVICE] data registration state 0 --> 2
01-01 12:06:47.759  2383  2383 D LOG_TAG : update mCurrentTac: -1
01-01 12:06:47.759  2383  2383 D SST(0)  : handlPollStateResultMessage: GsmSST setDataRegState=1 regState=2 dataRadioTechnology=0
01-01 12:06:47.780  1131  8015 E RILQ    : (0/1131): RIL[0][cmd-20(888)] qcril_qmi_nas_request_registration_state: [RMA][NO_SERVICE] voice registration state 0 --> 2
01-01 12:06:47.782  2383  2383 D SST(0)  : EVENT_POLL_STATE_NETWORK_SELECTION_MODE
01-01 12:06:47.788  2383  2383 D SST(0)  : Poll ServiceState done:  oldSS=[1 1 voice home data home null null null null null null  Unknown Unknown CSS not supported -1 -1 RoamInd=-1 DefRoamInd=-1 EmergOnly=false IsDataRoamingFromRegistration=false IsUsingCarrierAggregation=falseEriInd= -1EriMode= -1RadioPowerSv: false EmergOnly=false PhoneType: 1 IMSRegState: 0] newSS=[1 1 voice home data home null null null null null null  Unknown Unknown CSS not supported -1 -1 RoamInd=-1 DefRoamInd=-1 EmergOnly=false IsDataRoamingFromRegistration=false IsUsingCarrierAggregation=falseEriInd= -1EriMode= -1RadioPowerSv: false EmergOnly=false PhoneType: 1 IMSRegState: 0] oldMaxDataCalls=20 mNewMaxDataCalls=20 oldReasonDataDenied=-1 mNewReasonDataDenied=-1 
01-01 12:06:47.789  2383  2383 D SIMRecords: [SIMRecords] getServiceProviderName: no brandOverride, providerName=null
01-01 12:06:47.789  2383  2383 D SST(0)  : plmn(null) name from RIL: null
01-01 12:06:47.789  2383  2383 D SST(0)  : BIdata : BIdataRoamingSwitch0:true
01-01 12:06:47.789  2383  2383 D SST(0)  : BIdata : BIdataRoamingSwitch0:true
01-01 12:06:47.950  2383  2530 D RILJ    : ACK_WAKE_LOCK_TIMEOUT
01-01 12:06:57.954  2383  2823 D SubscriptionController: [getPhoneId] asked for default subId=1
01-01 12:07:13.085  2383  2383 D SubscriptionController: [getActiveSubscriptionInfoForSimSlotIndex]+ slotIdx=0 subId={id=1, iccId=8944122575514501688 simSlotIndex=0 displayName=CARD 1 carrierName= nameSource=0 iconTint=-16746133 dataRoaming=1 iconBitmap=android.graphics.Bitmap@d188019 mcc 234 mnc 33}
01-01 12:07:14.531  2383  2383 D SubscriptionController: [getActiveSubscriptionInfoForSimSlotIndex]+ slotIdx=0 subId={id=1, iccId=8944122575514501688 simSlotIndex=0 displayName=CARD 1 carrierName= nameSource=0 iconTint=-16746133 dataRoaming=1 iconBitmap=android.graphics.Bitmap@1c9aabf mcc 234 mnc 33}
01-01 12:07:39.739  2383  2532 D RILJ    : Oem ID in RIL_UNSOL_OEM_HOOK_RAW is QOEMHOOK
01-01 12:07:39.739  2383  2532 D RILJ    : OEM ID check Passed
01-01 12:07:39.739  2383  2532 D RILJ    : Response ID in RIL_UNSOL_OEM_HOOK_RAW is 525295
01-01 12:07:39.739  2383  2532 D RILJ    : Response ID 525295 is not served in this process.
01-01 12:07:39.770  1131  1300 E RILQ    : (0/1131): RIL[0][event] get_ecc_property_name: ecc list name : ril.ecclist.
01-01 12:07:39.782  1131  8022 E RILQ    : (0/1131): RIL[0][cmd-20(600)] qcril_qmi_nas_request_registration_state: [RMA][NO_SERVICE] voice registration state 2 --> 12
01-01 12:07:39.782  1131  1300 E RILQ    : (0/1131): RIL[0][event] get_ecc_property_name: ecc list name : ril.ecclist.
01-01 12:07:39.786  2383  2383 D SST(0)  : EVENT_POLL_STATE_NETWORK_SELECTION_MODE
01-01 12:07:39.789  2383  2383 D LOG_TAG : update mCurrentTac: -1
01-01 12:07:39.789  2383  2383 D SST(0)  : handlPollStateResultMessage: GsmSST setDataRegState=1 regState=2 dataRadioTechnology=0
01-01 12:07:39.792  2383  2383 D SST(0)  : Poll ServiceState done:  oldSS=[1 1 voice home data home null null null null null null  Unknown Unknown CSS not supported -1 -1 RoamInd=-1 DefRoamInd=-1 EmergOnly=false IsDataRoamingFromRegistration=false IsUsingCarrierAggregation=falseEriInd= -1EriMode= -1RadioPowerSv: false EmergOnly=false PhoneType: 1 IMSRegState: 0] newSS=[2 1 voice home data home null null null null null null  Unknown Unknown CSS not supported -1 -1 RoamInd=-1 DefRoamInd=-1 EmergOnly=true IsDataRoamingFromRegistration=false IsUsingCarrierAggregation=falseEriInd= -1EriMode= -1RadioPowerSv: false EmergOnly=true PhoneType: 1 IMSRegState: 0] oldMaxDataCalls=20 mNewMaxDataCalls=20 oldReasonDataDenied=-1 mNewReasonDataDenied=-1 
01-01 12:07:39.792  2383  2383 D SIMRecords: [SIMRecords] getServiceProviderName: no brandOverride, providerName=null
01-01 12:07:39.792  2383  2383 D SST(0)  : plmn(null) name from RIL: null
01-01 12:07:39.792  2383  2383 D SST(0)  : BIdata : BIdataRoamingSwitch0:true
01-01 12:07:39.793  2383  2383 D SST(0)  : BIdata : BIdataRoamingSwitch0:true
01-01 12:07:39.793  2383  2383 D SST(0)  : SPN_STRINGS_UPDATED_ACTION serviceStatus: 2 rejectCause:0
01-01 12:07:39.794  2383  2383 D TelephonyManager: setTelephonyProperty: success phoneId=0 property=gsm.operator.alpha value:  propVal=
01-01 12:07:39.800  2383  2383 D SubscriptionController: [setCarrierText]+ text: subId:1
01-01 12:07:39.810  2383  2383 D SubscriptionController: notifySubscriptionInfoChanged:
01-01 12:07:39.822  2383  2383 D TelephonyManager: setTelephonyProperty: success phoneId=0 property=gsm.operator.numeric value:  propVal=
01-01 12:07:39.822  2383  2383 D SST(0)  : operatorNumeric is null
01-01 12:07:39.823  2383  2383 D TelephonyManager: setTelephonyProperty: success phoneId=0 property=gsm.operator.iso-country value:  propVal=
01-01 12:07:39.826  2383  2383 D TelephonyManager: setTelephonyProperty: success phoneId=0 property=gsm.operator.isroaming value: false propVal=false
01-01 12:07:39.828  2383  2383 D SST(0)  : Broadcasting ServiceState : 2 1 voice home data home null null null null null null  Unknown Unknown CSS not supported -1 -1 RoamInd=-1 DefRoamInd=-1 EmergOnly=true IsDataRoamingFromRegistration=false IsUsingCarrierAggregation=falseEriInd= -1EriMode= -1RadioPowerSv: false EmergOnly=true PhoneType: 1 IMSRegState: 0
01-01 12:07:39.829  2383  2383 D SIMRecords: [SIMRecords] cfuQuery STATE : CFU_INIT_STATE
01-01 12:07:39.829  2383  2383 D SST(0)  : updateImsServiceState ss:2 1 voice home data home null null null null null null  Unknown Unknown CSS not supported -1 -1 RoamInd=-1 DefRoamInd=-1 EmergOnly=true IsDataRoamingFromRegistration=false IsUsingCarrierAggregation=falseEriInd= -1EriMode= -1RadioPowerSv: false EmergOnly=true PhoneType: 1 IMSRegState: 0
01-01 12:07:39.829  2383  2383 D DefaultPhoneNotifier: nofityServiceState: mRegistry=com.android.internal.telephony.ITelephonyRegistry$Stub$Proxy@ad6b4d0 ss=2 1 voice home data home null null null null null null  Unknown Unknown CSS not supported -1 -1 RoamInd=-1 DefRoamInd=-1 EmergOnly=true IsDataRoamingFromRegistration=false IsUsingCarrierAggregation=falseEriInd= -1EriMode= -1RadioPowerSv: false EmergOnly=true PhoneType: 1 IMSRegState: 0 sender=Handler (com.android.internal.telephony.GsmCdmaPhone) {8d01d7b} phondId=0 subId=1
01-01 12:07:39.836  2383  7895 D GsmCdmaPhone(0): [GsmCdmaPhone] getDataConnectionState apnType=default ret=DISCONNECTED
01-01 12:07:39.847  2383  2383 D RIL_IccCardProxy-(0): getState: set mPhoneId=0 mExternalState=READY
01-01 12:07:39.848  2383  7739 D SubscriptionController: [getPhoneId] asked for default subId=1
01-01 12:07:39.858  2383  2383 D DefaultPhoneNotifier: newSignalStrength same as lastSignalStrength, skip notify.
01-01 12:07:39.859  2383  2383 D SST(0)  : SST.getAllCellInfo(): return last, same thread can't block
01-01 12:07:39.859  2383  2383 D SST(0)  : getCellLocation(): X ret WCDMA info=[xxx,xxx,xxx]
01-01 12:07:39.859  1603  3955 D TelephonyRegistry: notifyCellLocationForSubscriber: subId=1 cellLocation=Bundle[mParcelledData.dataSize=64]
01-01 12:07:39.880  2383  7895 D RIL_IccCardProxy-(0): getState: set mPhoneId=0 mExternalState=READY
01-01 12:07:39.905  2383  2865 D RIL_IccCardProxy-(0): getState: set mPhoneId=0 mExternalState=READY
01-01 12:07:39.905  2259  2259 D PHONE   : ServiceState.getSpcsLteRoamingType() result:UNKNOWN
01-01 12:07:39.920  2383  2383 D SST(0)  : SubscriptionListener.onSubscriptionInfoChanged
01-01 12:07:39.920  2383  2383 D DCT     : [0]SubscriptionListener.onSubscriptionInfoChanged subId=1, phoneType=1
01-01 12:07:39.929  2383  2383 D PhoneSwitcher: handleMessage: msg={ when=-117ms what=102 target=com.android.internal.telephony.PhoneSwitcher }
01-01 12:07:39.929  2383  2383 D PhoneSwitcher: Broadcast network specifier set intent
01-01 12:07:39.937  2383  7895 D RIL_IccCardProxy-(0): getState: set mPhoneId=0 mExternalState=READY
01-01 12:07:39.938  2383  2383 D PhoneSwitcher: onEvaluate: requestsChanged=false, reason=subChanged, diffDetected=false
01-01 12:07:39.938  2383  2383 D TelephonyNetworkFactory[0]: SubscriptionListener.onSubscriptionInfoChanged
01-01 12:07:39.960  2383  2530 D RILJ    : ACK_WAKE_LOCK_TIMEOUT
01-01 12:07:39.972  2383  2383 D SubscriptionController: [getActiveSubscriptionInfo]+ subId=1 subInfo={id=1, iccId=8944122575514501688 simSlotIndex=0 displayName=CARD 1 carrierName= nameSource=0 iconTint=-16746133 dataRoaming=1 iconBitmap=android.graphics.Bitmap@71f8a24 mcc 234 mnc 33}
01-01 12:07:39.993  2383  2383 D ImsPhone: handleMessage what=53
01-01 12:07:39.993  2383  2383 D ProxyController: Angela getAllIMSI
01-01 12:07:39.993  2383  2383 D RIL_IccCardProxy-(0): getGsmIMSI mGsmIMSI = xxxxx
01-01 12:07:40.010  2383  8029 D MessageCustFlag: networkCode: 
01-01 12:07:40.013  2383  2383 D SubscriptionController: [getActiveSubscriptionInfo]+ subId=1 subInfo={id=1, iccId=8944122575514501688 simSlotIndex=0 displayName=CARD 1 carrierName= nameSource=0 iconTint=-16746133 dataRoaming=1 iconBitmap=android.graphics.Bitmap@d574353 mcc 234 mnc 33}
01-01 12:07:40.013  2383  8029 D MessageCustFlag: networkCode: 
01-01 12:07:40.031  2383  7739 D SubscriptionController: [getActiveSubscriptionInfoForSimSlotIndex]+ slotIdx=0 subId={id=1, iccId=8944122575514501688 simSlotIndex=0 displayName=CARD 1 carrierName= nameSource=0 iconTint=-16746133 dataRoaming=1 iconBitmap=android.graphics.Bitmap@baca189 mcc 234 mnc 33}
01-01 12:07:40.037  2383  2397 D RIL_IccCardProxy-(0): getState: set mPhoneId=0 mExternalState=READY
01-01 12:07:40.414  1131  1300 E RILQ    : (0/1131): RIL[0][event] qmi_ril_nwr_update_reg_rej_from_sys_info: [RMA][NO_SERVICE] rte 3 reje CS cs_reject_cause 11
01-01 12:07:40.420  2383  2532 D RILJ    : Oem ID in RIL_UNSOL_OEM_HOOK_RAW is QOEMHOOK
01-01 12:07:40.420  2383  2532 D RILJ    : OEM ID check Passed
01-01 12:07:40.420  2383  2532 D RILJ    : Response ID in RIL_UNSOL_OEM_HOOK_RAW is 525295
01-01 12:07:40.420  2383  2532 D RILJ    : Response ID 525295 is not served in this process.
01-01 12:07:40.444  1131  8034 E RILQ    : (0/1131): RIL[0][cmd-20(888)] qcril_qmi_nas_request_registration_state: [RMA][NO_SERVICE] voice registration state 12 --> 13
01-01 12:07:40.447  2383  2383 D SST(0)  : EVENT_POLL_STATE_NETWORK_SELECTION_MODE
01-01 12:07:40.483  2383  2383 D SST(0)  : EVENT_POLL_STATE_NETWORK_SELECTION_MODE
01-01 12:07:40.487  2383  2383 D LOG_TAG : update mCurrentTac: -1
01-01 12:07:40.487  2383  2383 D SST(0)  : handlPollStateResultMessage: GsmSST setDataRegState=1 regState=2 dataRadioTechnology=0
01-01 12:07:40.498  2383  2383 D SST(0)  : Poll ServiceState done:  oldSS=[2 1 voice home data home null null null null null null  Unknown Unknown CSS not supported -1 -1 RoamInd=-1 DefRoamInd=-1 EmergOnly=true IsDataRoamingFromRegistration=false IsUsingCarrierAggregation=falseEriInd= -1EriMode= -1RadioPowerSv: false EmergOnly=true PhoneType: 1 IMSRegState: 0] newSS=[2 1 voice home data home null null null null null null  Unknown Unknown CSS not supported -1 -1 RoamInd=-1 DefRoamInd=-1 EmergOnly=true IsDataRoamingFromRegistration=false IsUsingCarrierAggregation=falseEriInd= -1EriMode= -1RadioPowerSv: false EmergOnly=true PhoneType: 1 IMSRegState: 0] oldMaxDataCalls=20 mNewMaxDataCalls=20 oldReasonDataDenied=-1 mNewReasonDataDenied=-1 
01-01 12:07:40.499  2383  2383 D SIMRecords: [SIMRecords] getServiceProviderName: no brandOverride, providerName=null
01-01 12:07:40.499  2383  2383 D SST(0)  : plmn(null) name from RIL: null
01-01 12:07:40.499  2383  2383 D SST(0)  : BIdata : BIdataRoamingSwitch0:true
01-01 12:07:40.500  2383  2383 D SST(0)  : BIdata : BIdataRoamingSwitch0:true
01-01 12:07:40.500  2383  2383 D SST(0)  : SPN_STRINGS_UPDATED_ACTION serviceStatus: 2 rejectCause:11
01-01 12:07:40.501  2383  2383 D TelephonyManager: setTelephonyProperty: success phoneId=0 property=gsm.operator.alpha value:  propVal=
01-01 12:07:40.508  2383  2383 D SubscriptionController: [setCarrierText]+ text: subId:1
01-01 12:07:40.528  2383  2383 D SubscriptionController: notifySubscriptionInfoChanged:
01-01 12:07:40.551  2383  2824 D SubscriptionController: [getPhoneId] asked for default subId=1
01-01 12:07:40.588  2383  2383 D SST(0)  : SubscriptionListener.onSubscriptionInfoChanged
01-01 12:07:40.588  2383  2383 D DCT     : [0]SubscriptionListener.onSubscriptionInfoChanged subId=1, phoneType=1
01-01 12:07:40.594  2383  2383 D PhoneSwitcher: handleMessage: msg={ when=-64ms what=102 target=com.android.internal.telephony.PhoneSwitcher }
01-01 12:07:40.595  2383  2383 D PhoneSwitcher: Broadcast network specifier set intent
01-01 12:07:40.598  2383  2865 D RIL_IccCardProxy-(0): getState: set mPhoneId=0 mExternalState=READY
01-01 12:07:40.599  2383  2383 D PhoneSwitcher: onEvaluate: requestsChanged=false, reason=subChanged, diffDetected=false
01-01 12:07:40.600  2383  2383 D TelephonyNetworkFactory[0]: SubscriptionListener.onSubscriptionInfoChanged
01-01 12:07:40.633  2383  2530 D RILJ    : ACK_WAKE_LOCK_TIMEOUT
01-01 12:07:40.643  2383  2383 D SubscriptionController: [getActiveSubscriptionInfo]+ subId=1 subInfo={id=1, iccId=8944122575514501688 simSlotIndex=0 displayName=CARD 1 carrierName= nameSource=0 iconTint=-16746133 dataRoaming=1 iconBitmap=android.graphics.Bitmap@58937a7 mcc 234 mnc 33}
01-01 12:07:40.650  2383  8041 D MessageCustFlag: networkCode: 
01-01 12:07:40.654  2383  8041 D MessageCustFlag: networkCode: 
01-01 12:07:40.667  2383  2383 D ProxyController: Angela getAllIMSI
01-01 12:07:40.667  2383  2383 D RIL_IccCardProxy-(0): getGsmIMSI mGsmIMSI = xxxxx
01-01 12:07:40.678  2383  2383 D SubscriptionController: [getActiveSubscriptionInfo]+ subId=1 subInfo={id=1, iccId=8944122575514501688 simSlotIndex=0 displayName=CARD 1 carrierName= nameSource=0 iconTint=-16746133 dataRoaming=1 iconBitmap=android.graphics.Bitmap@a4c5ffd mcc 234 mnc 33}
01-01 12:07:40.688  2383  2566 D SubscriptionController: [getActiveSubscriptionInfoForSimSlotIndex]+ slotIdx=0 subId={id=1, iccId=8944122575514501688 simSlotIndex=0 displayName=CARD 1 carrierName= nameSource=0 iconTint=-16746133 dataRoaming=1 iconBitmap=android.graphics.Bitmap@707a743 mcc 234 mnc 33}
01-01 12:07:40.700  2383  2865 D RIL_IccCardProxy-(0): getState: set mPhoneId=0 mExternalState=READY
01-01 12:07:41.505  2383  2383 D LOG_TAG : update mCurrentTac: -1
01-01 12:07:41.506  2383  2383 D SST(0)  : handlPollStateResultMessage: GsmSST setDataRegState=1 regState=2 dataRadioTechnology=0
01-01 12:07:41.511  2383  2383 D SST(0)  : EVENT_POLL_STATE_NETWORK_SELECTION_MODE
01-01 12:07:41.519  2383  2383 D SST(0)  : Poll ServiceState done:  oldSS=[2 1 voice home data home null null null null null null  Unknown Unknown CSS not supported -1 -1 RoamInd=-1 DefRoamInd=-1 EmergOnly=true IsDataRoamingFromRegistration=false IsUsingCarrierAggregation=falseEriInd= -1EriMode= -1RadioPowerSv: false EmergOnly=true PhoneType: 1 IMSRegState: 0] newSS=[2 1 voice home data home null null null null null null  Unknown Unknown CSS not supported -1 -1 RoamInd=-1 DefRoamInd=-1 EmergOnly=true IsDataRoamingFromRegistration=false IsUsingCarrierAggregation=falseEriInd= -1EriMode= -1RadioPowerSv: false EmergOnly=true PhoneType: 1 IMSRegState: 0] oldMaxDataCalls=20 mNewMaxDataCalls=20 oldReasonDataDenied=-1 mNewReasonDataDenied=-1 
01-01 12:07:41.520  2383  2383 D SIMRecords: [SIMRecords] getServiceProviderName: no brandOverride, providerName=null
01-01 12:07:41.520  2383  2383 D SST(0)  : plmn(null) name from RIL: null
01-01 12:07:41.520  2383  2383 D SST(0)  : BIdata : BIdataRoamingSwitch0:true
01-01 12:07:41.520  2383  2383 D SST(0)  : BIdata : BIdataRoamingSwitch0:true
01-01 12:07:41.642  2383  2530 D RILJ    : ACK_WAKE_LOCK_TIMEOUT
01-01 12:07:41.806  1131  1300 E RILQ    : (0/1131): RIL[0][event] qmi_ril_nwr_update_reg_rej_from_sys_info: [RMA][NO_SERVICE] rte 3 reje CS cs_reject_cause 11
01-01 12:07:41.818  2383  2532 D RILJ    : Oem ID in RIL_UNSOL_OEM_HOOK_RAW is QOEMHOOK
01-01 12:07:41.818  2383  2532 D RILJ    : OEM ID check Passed
01-01 12:07:41.818  2383  2532 D RILJ    : Response ID in RIL_UNSOL_OEM_HOOK_RAW is 525295
01-01 12:07:41.818  2383  2532 D RILJ    : Response ID 525295 is not served in this process.
01-01 12:07:41.842  2383  2383 D SST(0)  : EVENT_POLL_STATE_NETWORK_SELECTION_MODE
01-01 12:07:41.847  2383  2383 D LOG_TAG : update mCurrentTac: -1
01-01 12:07:41.847  2383  2383 D SST(0)  : handlPollStateResultMessage: GsmSST setDataRegState=1 regState=2 dataRadioTechnology=0
01-01 12:07:41.849  2383  2383 D SST(0)  : Poll ServiceState done:  oldSS=[2 1 voice home data home null null null null null null  Unknown Unknown CSS not supported -1 -1 RoamInd=-1 DefRoamInd=-1 EmergOnly=true IsDataRoamingFromRegistration=false IsUsingCarrierAggregation=falseEriInd= -1EriMode= -1RadioPowerSv: false EmergOnly=true PhoneType: 1 IMSRegState: 0] newSS=[2 1 voice home data home null null null null null null  Unknown Unknown CSS not supported -1 -1 RoamInd=-1 DefRoamInd=-1 EmergOnly=true IsDataRoamingFromRegistration=false IsUsingCarrierAggregation=falseEriInd= -1EriMode= -1RadioPowerSv: false EmergOnly=true PhoneType: 1 IMSRegState: 0] oldMaxDataCalls=20 mNewMaxDataCalls=20 oldReasonDataDenied=-1 mNewReasonDataDenied=-1 
01-01 12:07:41.849  2383  2383 D SIMRecords: [SIMRecords] getServiceProviderName: no brandOverride, providerName=null
01-01 12:07:41.849  2383  2383 D SST(0)  : plmn(null) name from RIL: null
01-01 12:07:41.849  2383  2383 D SST(0)  : BIdata : BIdataRoamingSwitch0:true
01-01 12:07:41.849  2383  2383 D SST(0)  : BIdata : BIdataRoamingSwitch0:true
01-01 12:07:42.034  2383  2530 D RILJ    : ACK_WAKE_LOCK_TIMEOUT
01-01 12:07:42.096  1131  1300 E RILQ    : (0/1131): RIL[0][event] qmi_ril_nwr_update_reg_rej_from_sys_info: [RMA][NO_SERVICE] rte 3 reje CS cs_reject_cause 11
01-01 12:07:42.102  2383  2532 D RILJ    : Oem ID in RIL_UNSOL_OEM_HOOK_RAW is QOEMHOOK
01-01 12:07:42.102  2383  2532 D RILJ    : OEM ID check Passed
01-01 12:07:42.102  2383  2532 D RILJ    : Response ID in RIL_UNSOL_OEM_HOOK_RAW is 525295
01-01 12:07:42.102  2383  2532 D RILJ    : Response ID 525295 is not served in this process.
01-01 12:07:42.131  2383  2383 D SST(0)  : EVENT_POLL_STATE_NETWORK_SELECTION_MODE
01-01 12:07:42.156  2383  2383 D LOG_TAG : update mCurrentTac: -1
01-01 12:07:42.156  2383  2383 D SST(0)  : handlPollStateResultMessage: GsmSST setDataRegState=1 regState=2 dataRadioTechnology=0
01-01 12:07:42.158  2383  2383 D SST(0)  : Poll ServiceState done:  oldSS=[2 1 voice home data home null null null null null null  Unknown Unknown CSS not supported -1 -1 RoamInd=-1 DefRoamInd=-1 EmergOnly=true IsDataRoamingFromRegistration=false IsUsingCarrierAggregation=falseEriInd= -1EriMode= -1RadioPowerSv: false EmergOnly=true PhoneType: 1 IMSRegState: 0] newSS=[2 1 voice home data home null null null null null null  Unknown Unknown CSS not supported -1 -1 RoamInd=-1 DefRoamInd=-1 EmergOnly=true IsDataRoamingFromRegistration=false IsUsingCarrierAggregation=falseEriInd= -1EriMode= -1RadioPowerSv: false EmergOnly=true PhoneType: 1 IMSRegState: 0] oldMaxDataCalls=20 mNewMaxDataCalls=20 oldReasonDataDenied=-1 mNewReasonDataDenied=-1 
01-01 12:07:42.159  2383  2383 D SIMRecords: [SIMRecords] getServiceProviderName: no brandOverride, providerName=null
01-01 12:07:42.159  2383  2383 D SST(0)  : plmn(null) name from RIL: null
01-01 12:07:42.159  2383  2383 D SST(0)  : BIdata : BIdataRoamingSwitch0:true
01-01 12:07:42.159  2383  2383 D SST(0)  : BIdata : BIdataRoamingSwitch0:true
01-01 12:07:42.188  2383  2383 D GsmCdmaPhone(0): [GsmCdmaPhone] EVENT_VOICE_RADIO_TECH_CHANGED: newVoiceTech=1
01-01 12:07:42.188  2383  2383 D GsmCdmaPhone(0): [GsmCdmaPhone] This is not a world phone project, Ignore phoneObjectUpdater.
01-01 12:07:42.198  1131  8058 E RILQ    : (0/1131): RIL[0][cmd-20(312)] qcril_qmi_nas_request_registration_state: [RMA][NO_SERVICE] voice registration state 13 --> 12
01-01 12:07:42.205  2383  2383 D LOG_TAG : update mCurrentTac: -1
01-01 12:07:42.205  2383  2383 D SST(0)  : handlPollStateResultMessage: GsmSST setDataRegState=1 regState=2 dataRadioTechnology=0
01-01 12:07:42.213  2383  2383 D SST(0)  : EVENT_POLL_STATE_NETWORK_SELECTION_MODE
01-01 12:07:42.215  1131  1300 E RILQ    : (0/1131): RIL[0][event] get_ecc_property_name: ecc list name : ril.ecclist.
01-01 12:07:42.215  2383  2383 D SST(0)  : Poll ServiceState done:  oldSS=[2 1 voice home data home null null null null null null  Unknown Unknown CSS not supported -1 -1 RoamInd=-1 DefRoamInd=-1 EmergOnly=true IsDataRoamingFromRegistration=false IsUsingCarrierAggregation=falseEriInd= -1EriMode= -1RadioPowerSv: false EmergOnly=true PhoneType: 1 IMSRegState: 0] newSS=[2 1 voice home data home null null null null null null  Unknown Unknown CSS not supported -1 -1 RoamInd=-1 DefRoamInd=-1 EmergOnly=true IsDataRoamingFromRegistration=false IsUsingCarrierAggregation=falseEriInd= -1EriMode= -1RadioPowerSv: false EmergOnly=true PhoneType: 1 IMSRegState: 0] oldMaxDataCalls=20 mNewMaxDataCalls=20 oldReasonDataDenied=-1 mNewReasonDataDenied=-1 
01-01 12:07:42.215  2383  2383 D SIMRecords: [SIMRecords] getServiceProviderName: no brandOverride, providerName=null
01-01 12:07:42.215  2383  2383 D SST(0)  : plmn(null) name from RIL: null
01-01 12:07:42.215  2383  2383 D SST(0)  : BIdata : BIdataRoamingSwitch0:true
