01-01 12:07:42.215  2383  2383 D SST(0)  : BIdata : BIdataRoamingSwitch0:true
01-01 12:07:42.216  2383  2383 D SST(0)  : SPN_STRINGS_UPDATED_ACTION serviceStatus: 2 rejectCause:0
01-01 12:07:42.216  2383  2383 D TelephonyManager: setTelephonyProperty: success phoneId=0 property=gsm.operator.alpha value:  propVal=
01-01 12:07:42.220  2383  2383 D SubscriptionController: [setCarrierText]+ text: subId:1
01-01 12:07:42.232  2383  2383 D SubscriptionController: notifySubscriptionInfoChanged:
01-01 12:07:42.238  2383  2383 D SST(0)  : SST.getAllCellInfo(): return last, same thread can't block
01-01 12:07:42.238  2383  2383 D SST(0)  : getCellLocation(): X ret WCDMA info=[xxx,xxx,xxx]
01-01 12:07:42.239  1603  3942 D TelephonyRegistry: notifyCellLocationForSubscriber: subId=1 cellLocation=Bundle[mParcelledData.dataSize=64]
01-01 12:07:42.266  2383  2396 D SubscriptionController: [getPhoneId] asked for default subId=1
01-01 12:07:42.285  2383  2383 D SST(0)  : SubscriptionListener.onSubscriptionInfoChanged
01-01 12:07:42.285  2383  2383 D DCT     : [0]SubscriptionListener.onSubscriptionInfoChanged subId=1, phoneType=1
01-01 12:07:42.292  2383  2383 D PhoneSwitcher: handleMessage: msg={ when=-58ms what=102 target=com.android.internal.telephony.PhoneSwitcher }
01-01 12:07:42.293  2383  2383 D PhoneSwitcher: Broadcast network specifier set intent
01-01 12:07:42.296  2383  2396 D RIL_IccCardProxy-(0): getState: set mPhoneId=0 mExternalState=READY
01-01 12:07:42.298  2383  2383 D PhoneSwitcher: onEvaluate: requestsChanged=false, reason=subChanged, diffDetected=false
01-01 12:07:42.309  2383  2383 D TelephonyNetworkFactory[0]: SubscriptionListener.onSubscriptionInfoChanged
01-01 12:07:42.326  2383  2383 D SubscriptionController: [getActiveSubscriptionInfo]+ subId=1 subInfo={id=1, iccId=8944122575514501688 simSlotIndex=0 displayName=CARD 1 carrierName= nameSource=0 iconTint=-16746133 dataRoaming=1 iconBitmap=android.graphics.Bitmap@1f918d8 mcc 234 mnc 33}
01-01 12:07:42.350  2383  2383 D ProxyController: Angela getAllIMSI
01-01 12:07:42.350  2383  2383 D RIL_IccCardProxy-(0): getGsmIMSI mGsmIMSI = xxxxx
01-01 12:07:42.364  2383  8061 D MessageCustFlag: networkCode: 
01-01 12:07:42.364  2383  2383 D SubscriptionController: [getActiveSubscriptionInfo]+ subId=1 subInfo={id=1, iccId=8944122575514501688 simSlotIndex=0 displayName=CARD 1 carrierName= nameSource=0 iconTint=-16746133 dataRoaming=1 iconBitmap=android.graphics.Bitmap@bd95897 mcc 234 mnc 33}
01-01 12:07:42.374  2383  8061 D MessageCustFlag: networkCode: 
01-01 12:07:42.386  2383  7739 D SubscriptionController: [getActiveSubscriptionInfoForSimSlotIndex]+ slotIdx=0 subId={id=1, iccId=8944122575514501688 simSlotIndex=0 displayName=CARD 1 carrierName= nameSource=0 iconTint=-16746133 dataRoaming=1 iconBitmap=android.graphics.Bitmap@cda426d mcc 234 mnc 33}
01-01 12:07:42.390  2383  2530 D RILJ    : ACK_WAKE_LOCK_TIMEOUT
01-01 12:07:42.393  2383  2823 D RIL_IccCardProxy-(0): getState: set mPhoneId=0 mExternalState=READY
01-01 12:07:43.504  2383  2383 D SubscriptionController: [getActiveSubscriptionInfoForSimSlotIndex]+ slotIdx=0 subId={id=1, iccId=8944122575514501688 simSlotIndex=0 displayName=CARD 1 carrierName= nameSource=0 iconTint=-16746133 dataRoaming=1 iconBitmap=android.graphics.Bitmap@850e733 mcc 234 mnc 33}
01-01 12:07:43.803  1131  1300 E RILQ    : (0/1131): RIL[0][event] qmi_ril_nwr_update_reg_rej_from_sys_info: [RMA][NO_SERVICE] rte 2 reje CS cs_reject_cause 11
01-01 12:07:43.829  1131  8064 E RILQ    : (0/1131): RIL[0][cmd-20(312)] qcril_qmi_nas_request_registration_state: [RMA][NO_SERVICE] voice registration state 12 --> 13
01-01 12:07:43.840  2383  2383 D SST(0)  : EVENT_POLL_STATE_NETWORK_SELECTION_MODE
01-01 12:07:43.868  2383  2383 D SST(0)  : EVENT_POLL_STATE_NETWORK_SELECTION_MODE
01-01 12:07:43.871  2383  2383 D LOG_TAG : update mCurrentTac: -1
01-01 12:07:43.871  2383  2383 D SST(0)  : handlPollStateResultMessage: GsmSST setDataRegState=1 regState=2 dataRadioTechnology=0
01-01 12:07:43.875  2383  2383 D SST(0)  : Poll ServiceState done:  oldSS=[2 1 voice home data home null null null null null null  Unknown Unknown CSS not supported -1 -1 RoamInd=-1 DefRoamInd=-1 EmergOnly=true IsDataRoamingFromRegistration=false IsUsingCarrierAggregation=falseEriInd= -1EriMode= -1RadioPowerSv: false EmergOnly=true PhoneType: 1 IMSRegState: 0] newSS=[2 1 voice home data home null null null null null null  Unknown Unknown CSS not supported -1 -1 RoamInd=-1 DefRoamInd=-1 EmergOnly=true IsDataRoamingFromRegistration=false IsUsingCarrierAggregation=falseEriInd= -1EriMode= -1RadioPowerSv: false EmergOnly=true PhoneType: 1 IMSRegState: 0] oldMaxDataCalls=20 mNewMaxDataCalls=20 oldReasonDataDenied=-1 mNewReasonDataDenied=-1 
01-01 12:07:43.875  2383  2383 D SIMRecords: [SIMRecords] getServiceProviderName: no brandOverride, providerName=null
01-01 12:07:43.875  2383  2383 D SST(0)  : plmn(null) name from RIL: null
01-01 12:07:43.875  2383  2383 D SST(0)  : BIdata : BIdataRoamingSwitch0:true
01-01 12:07:43.875  2383  2383 D SST(0)  : BIdata : BIdataRoamingSwitch0:true
01-01 12:07:43.877  2383  2383 D SST(0)  : SPN_STRINGS_UPDATED_ACTION serviceStatus: 2 rejectCause:11
01-01 12:07:43.877  2383  2383 D TelephonyManager: setTelephonyProperty: success phoneId=0 property=gsm.operator.alpha value:  propVal=
01-01 12:07:43.886  2383  2383 D SubscriptionController: [setCarrierText]+ text: subId:1
01-01 12:07:43.905  2383  2383 D SubscriptionController: notifySubscriptionInfoChanged:
01-01 12:07:43.954  2383  2397 D SubscriptionController: [getPhoneId] asked for default subId=1
01-01 12:07:43.983  2383  2383 D SST(0)  : SubscriptionListener.onSubscriptionInfoChanged
01-01 12:07:43.984  2383  2383 D DCT     : [0]SubscriptionListener.onSubscriptionInfoChanged subId=1, phoneType=1
01-01 12:07:43.990  2383  2383 D PhoneSwitcher: handleMessage: msg={ when=-82ms what=102 target=com.android.internal.telephony.PhoneSwitcher }
01-01 12:07:43.991  2383  2383 D PhoneSwitcher: Broadcast network specifier set intent
01-01 12:07:43.994  2383  2566 D RIL_IccCardProxy-(0): getState: set mPhoneId=0 mExternalState=READY
01-01 12:07:43.995  2383  2383 D PhoneSwitcher: onEvaluate: requestsChanged=false, reason=subChanged, diffDetected=false
01-01 12:07:43.995  2383  2383 D TelephonyNetworkFactory[0]: SubscriptionListener.onSubscriptionInfoChanged
01-01 12:07:44.023  2383  2383 D SubscriptionController: [getActiveSubscriptionInfo]+ subId=1 subInfo={id=1, iccId=8944122575514501688 simSlotIndex=0 displayName=CARD 1 carrierName= nameSource=0 iconTint=-16746133 dataRoaming=1 iconBitmap=android.graphics.Bitmap@dd06808 mcc 234 mnc 33}
01-01 12:07:44.025  2383  2530 D RILJ    : ACK_WAKE_LOCK_TIMEOUT
01-01 12:07:44.044  2383  2383 D ProxyController: Angela getAllIMSI
01-01 12:07:44.044  2383  2383 D RIL_IccCardProxy-(0): getGsmIMSI mGsmIMSI = xxxxx
01-01 12:07:44.060  2383  8071 D MessageCustFlag: networkCode: 
01-01 12:07:44.063  2383  2383 D SubscriptionController: [getActiveSubscriptionInfo]+ subId=1 subInfo={id=1, iccId=8944122575514501688 simSlotIndex=0 displayName=CARD 1 carrierName= nameSource=0 iconTint=-16746133 dataRoaming=1 iconBitmap=android.graphics.Bitmap@3ab9587 mcc 234 mnc 33}
01-01 12:07:44.064  2383  8071 D MessageCustFlag: networkCode: 
01-01 12:07:44.084  2383  2865 D SubscriptionController: [getActiveSubscriptionInfoForSimSlotIndex]+ slotIdx=0 subId={id=1, iccId=8944122575514501688 simSlotIndex=0 displayName=CARD 1 carrierName= nameSource=0 iconTint=-16746133 dataRoaming=1 iconBitmap=android.graphics.Bitmap@a9da0dd mcc 234 mnc 33}
01-01 12:07:44.095  2383  2824 D RIL_IccCardProxy-(0): getState: set mPhoneId=0 mExternalState=READY
01-01 12:07:44.913  2383  2383 D LOG_TAG : update mCurrentTac: -1
01-01 12:07:44.914  2383  2383 D SST(0)  : handlPollStateResultMessage: GsmSST setDataRegState=1 regState=2 dataRadioTechnology=0
01-01 12:07:44.921  2383  2383 D SST(0)  : EVENT_POLL_STATE_NETWORK_SELECTION_MODE
01-01 12:07:44.935  2383  2383 D SST(0)  : Poll ServiceState done:  oldSS=[2 1 voice home data home null null null null null null  Unknown Unknown CSS not supported -1 -1 RoamInd=-1 DefRoamInd=-1 EmergOnly=true IsDataRoamingFromRegistration=false IsUsingCarrierAggregation=falseEriInd= -1EriMode= -1RadioPowerSv: false EmergOnly=true PhoneType: 1 IMSRegState: 0] newSS=[2 1 voice home data home null null null null null null  Unknown Unknown CSS not supported -1 -1 RoamInd=-1 DefRoamInd=-1 EmergOnly=true IsDataRoamingFromRegistration=false IsUsingCarrierAggregation=falseEriInd= -1EriMode= -1RadioPowerSv: false EmergOnly=true PhoneType: 1 IMSRegState: 0] oldMaxDataCalls=20 mNewMaxDataCalls=20 oldReasonDataDenied=-1 mNewReasonDataDenied=-1 
01-01 12:07:44.936  2383  2383 D SIMRecords: [SIMRecords] getServiceProviderName: no brandOverride, providerName=null
01-01 12:07:44.936  2383  2383 D SST(0)  : plmn(null) name from RIL: null
01-01 12:07:44.936  2383  2383 D SST(0)  : BIdata : BIdataRoamingSwitch0:true
01-01 12:07:44.936  2383  2383 D SST(0)  : BIdata : BIdataRoamingSwitch0:true
01-01 12:07:44.955  1131  1300 E RILQ    : (0/1131): RIL[0][event] qmi_ril_nwr_update_reg_rej_from_sys_info: [RMA][NO_SERVICE] rte 2 reje CS cs_reject_cause 11
01-01 12:07:44.998  2383  2383 D LOG_TAG : update mCurrentTac: -1
01-01 12:07:44.999  2383  2383 D SST(0)  : handlPollStateResultMessage: GsmSST setDataRegState=1 regState=2 dataRadioTechnology=0
01-01 12:07:45.003  2383  2383 D SST(0)  : EVENT_POLL_STATE_NETWORK_SELECTION_MODE
01-01 12:07:45.019  2383  2383 D SST(0)  : Poll ServiceState done:  oldSS=[2 1 voice home data home null null null null null null  Unknown Unknown CSS not supported -1 -1 RoamInd=-1 DefRoamInd=-1 EmergOnly=true IsDataRoamingFromRegistration=false IsUsingCarrierAggregation=falseEriInd= -1EriMode= -1RadioPowerSv: false EmergOnly=true PhoneType: 1 IMSRegState: 0] newSS=[2 1 voice home data home null null null null null null  Unknown Unknown CSS not supported -1 -1 RoamInd=-1 DefRoamInd=-1 EmergOnly=true IsDataRoamingFromRegistration=false IsUsingCarrierAggregation=falseEriInd= -1EriMode= -1RadioPowerSv: false EmergOnly=true PhoneType: 1 IMSRegState: 0] oldMaxDataCalls=20 mNewMaxDataCalls=20 oldReasonDataDenied=-1 mNewReasonDataDenied=-1 
01-01 12:07:45.020  2383  2383 D SIMRecords: [SIMRecords] getServiceProviderName: no brandOverride, providerName=null
01-01 12:07:45.020  2383  2383 D SST(0)  : plmn(null) name from RIL: null
01-01 12:07:45.020  2383  2383 D SST(0)  : BIdata : BIdataRoamingSwitch0:true
01-01 12:07:45.020  2383  2383 D SST(0)  : BIdata : BIdataRoamingSwitch0:true
01-01 12:07:45.174  2383  2530 D RILJ    : ACK_WAKE_LOCK_TIMEOUT
01-01 12:07:45.195  1131  1300 E RILQ    : (0/1131): RIL[0][event] qmi_ril_nwr_update_reg_rej_from_sys_info: [RMA][NO_SERVICE] rte 2 reje CS cs_reject_cause 11
01-01 12:07:45.239  1131  8082 E RILQ    : (0/1131): RIL[0][cmd-20(600)] qcril_qmi_nas_request_registration_state: [RMA][NO_SERVICE] voice registration state 13 --> 12
01-01 12:07:45.242  2383  2383 D SST(0)  : EVENT_POLL_STATE_NETWORK_SELECTION_MODE
01-01 12:07:45.253  2383  2383 D LOG_TAG : update mCurrentTac: -1
01-01 12:07:45.253  2383  2383 D SST(0)  : handlPollStateResultMessage: GsmSST setDataRegState=1 regState=2 dataRadioTechnology=0
01-01 12:07:45.256  2383  2383 D SST(0)  : EVENT_POLL_STATE_NETWORK_SELECTION_MODE
01-01 12:07:45.259  2383  2383 D SST(0)  : Poll ServiceState done:  oldSS=[2 1 voice home data home null null null null null null  Unknown Unknown CSS not supported -1 -1 RoamInd=-1 DefRoamInd=-1 EmergOnly=true IsDataRoamingFromRegistration=false IsUsingCarrierAggregation=falseEriInd= -1EriMode= -1RadioPowerSv: false EmergOnly=true PhoneType: 1 IMSRegState: 0] newSS=[2 1 voice home data home null null null null null null  Unknown Unknown CSS not supported -1 -1 RoamInd=-1 DefRoamInd=-1 EmergOnly=true IsDataRoamingFromRegistration=false IsUsingCarrierAggregation=falseEriInd= -1EriMode= -1RadioPowerSv: false EmergOnly=true PhoneType: 1 IMSRegState: 0] oldMaxDataCalls=20 mNewMaxDataCalls=20 oldReasonDataDenied=-1 mNewReasonDataDenied=-1 
01-01 12:07:45.259  2383  2383 D SIMRecords: [SIMRecords] getServiceProviderName: no brandOverride, providerName=null
01-01 12:07:45.259  2383  2383 D SST(0)  : plmn(null) name from RIL: null
01-01 12:07:45.260  2383  2383 D SST(0)  : BIdata : BIdataRoamingSwitch0:true
01-01 12:07:45.260  2383  2383 D SST(0)  : BIdata : BIdataRoamingSwitch0:true
01-01 12:07:45.261  2383  2383 D SST(0)  : SPN_STRINGS_UPDATED_ACTION serviceStatus: 2 rejectCause:0
01-01 12:07:45.261  2383  2383 D TelephonyManager: setTelephonyProperty: success phoneId=0 property=gsm.operator.alpha value:  propVal=
01-01 12:07:45.266  2383  2383 D SubscriptionController: [setCarrierText]+ text: subId:1
01-01 12:07:45.281  2383  2383 D SubscriptionController: notifySubscriptionInfoChanged:
01-01 12:07:45.304  2383  7895 D SubscriptionController: [getPhoneId] asked for default subId=1
01-01 12:07:45.366  2383  2383 D SST(0)  : SubscriptionListener.onSubscriptionInfoChanged
01-01 12:07:45.366  2383  2383 D DCT     : [0]SubscriptionListener.onSubscriptionInfoChanged subId=1, phoneType=1
01-01 12:07:45.374  2383  2383 D PhoneSwitcher: handleMessage: msg={ when=-88ms what=102 target=com.android.internal.telephony.PhoneSwitcher }
01-01 12:07:45.375  2383  2383 D PhoneSwitcher: Broadcast network specifier set intent
01-01 12:07:45.381  2383  2383 D PhoneSwitcher: onEvaluate: requestsChanged=false, reason=subChanged, diffDetected=false
01-01 12:07:45.381  2383  2824 D RIL_IccCardProxy-(0): getState: set mPhoneId=0 mExternalState=READY
01-01 12:07:45.382  2383  2383 D TelephonyNetworkFactory[0]: SubscriptionListener.onSubscriptionInfoChanged
01-01 12:07:45.424  2383  2383 D SubscriptionController: [getActiveSubscriptionInfo]+ subId=1 subInfo={id=1, iccId=8944122575514501688 simSlotIndex=0 displayName=CARD 1 carrierName= nameSource=0 iconTint=-16746133 dataRoaming=1 iconBitmap=android.graphics.Bitmap@9acbaa mcc 234 mnc 33}
01-01 12:07:45.434  2383  2530 D RILJ    : ACK_WAKE_LOCK_TIMEOUT
01-01 12:07:45.445  2383  2383 D ProxyController: Angela getAllIMSI
01-01 12:07:45.445  2383  2383 D RIL_IccCardProxy-(0): getGsmIMSI mGsmIMSI = xxxxx
01-01 12:07:45.460  2383  8087 D MessageCustFlag: networkCode: 
01-01 12:07:45.463  2383  8087 D MessageCustFlag: networkCode: 
01-01 12:07:45.464  2383  2383 D SubscriptionController: [getActiveSubscriptionInfo]+ subId=1 subInfo={id=1, iccId=8944122575514501688 simSlotIndex=0 displayName=CARD 1 carrierName= nameSource=0 iconTint=-16746133 dataRoaming=1 iconBitmap=android.graphics.Bitmap@db1f876 mcc 234 mnc 33}
01-01 12:07:45.480  2383  2823 D SubscriptionController: [getActiveSubscriptionInfoForSimSlotIndex]+ slotIdx=0 subId={id=1, iccId=8944122575514501688 simSlotIndex=0 displayName=CARD 1 carrierName= nameSource=0 iconTint=-16746133 dataRoaming=1 iconBitmap=android.graphics.Bitmap@7fdfae4 mcc 234 mnc 33}
01-01 12:07:45.488  2383  2824 D RIL_IccCardProxy-(0): getState: set mPhoneId=0 mExternalState=READY
01-01 12:07:47.180  2383  2383 D SST(0)  : EVENT_POLL_STATE_NETWORK_SELECTION_MODE
01-01 12:07:47.182  2383  2383 D LOG_TAG : update mCurrentTac: -1
01-01 12:07:47.182  2383  2383 D SST(0)  : handlPollStateResultMessage: GsmSST setDataRegState=1 regState=2 dataRadioTechnology=0
01-01 12:07:47.185  2383  2383 D SST(0)  : Poll ServiceState done:  oldSS=[2 1 voice home data home null null null null null null  Unknown Unknown CSS not supported -1 -1 RoamInd=-1 DefRoamInd=-1 EmergOnly=true IsDataRoamingFromRegistration=false IsUsingCarrierAggregation=falseEriInd= -1EriMode= -1RadioPowerSv: false EmergOnly=true PhoneType: 1 IMSRegState: 0] newSS=[2 1 voice home data home null null null null null null  Unknown Unknown CSS not supported -1 -1 RoamInd=-1 DefRoamInd=-1 EmergOnly=true IsDataRoamingFromRegistration=false IsUsingCarrierAggregation=falseEriInd= -1EriMode= -1RadioPowerSv: false EmergOnly=true PhoneType: 1 IMSRegState: 0] oldMaxDataCalls=20 mNewMaxDataCalls=20 oldReasonDataDenied=-1 mNewReasonDataDenied=-1 
01-01 12:07:47.185  2383  2383 D SIMRecords: [SIMRecords] getServiceProviderName: no brandOverride, providerName=null
01-01 12:07:47.185  2383  2383 D SST(0)  : plmn(null) name from RIL: null
01-01 12:07:47.185  2383  2383 D SST(0)  : BIdata : BIdataRoamingSwitch0:true
01-01 12:07:47.185  2383  2383 D SST(0)  : BIdata : BIdataRoamingSwitch0:true
01-01 12:07:47.368  2383  2530 D RILJ    : ACK_WAKE_LOCK_TIMEOUT
01-01 12:07:48.401  2383  2383 D SST(0)  : EVENT_POLL_STATE_NETWORK_SELECTION_MODE
01-01 12:07:48.416  2383  2383 D LOG_TAG : update mCurrentTac: -1
01-01 12:07:48.417  2383  2383 D SST(0)  : handlPollStateResultMessage: GsmSST setDataRegState=1 regState=2 dataRadioTechnology=0
01-01 12:07:48.418  2383  2383 D SST(0)  : Poll ServiceState done:  oldSS=[2 1 voice home data home null null null null null null  Unknown Unknown CSS not supported -1 -1 RoamInd=-1 DefRoamInd=-1 EmergOnly=true IsDataRoamingFromRegistration=false IsUsingCarrierAggregation=falseEriInd= -1EriMode= -1RadioPowerSv: false EmergOnly=true PhoneType: 1 IMSRegState: 0] newSS=[2 1 voice home data home null null null null null null  Unknown Unknown CSS not supported -1 -1 RoamInd=-1 DefRoamInd=-1 EmergOnly=true IsDataRoamingFromRegistration=false IsUsingCarrierAggregation=falseEriInd= -1EriMode= -1RadioPowerSv: false EmergOnly=true PhoneType: 1 IMSRegState: 0] oldMaxDataCalls=20 mNewMaxDataCalls=20 oldReasonDataDenied=-1 mNewReasonDataDenied=-1 
01-01 12:07:48.419  2383  2383 D SIMRecords: [SIMRecords] getServiceProviderName: no brandOverride, providerName=null
01-01 12:07:48.419  2383  2383 D SST(0)  : plmn(null) name from RIL: null
01-01 12:07:48.419  2383  2383 D SST(0)  : BIdata : BIdataRoamingSwitch0:true
01-01 12:07:48.419  2383  2383 D SST(0)  : BIdata : BIdataRoamingSwitch0:true
01-01 12:07:48.433  2383  2532 D RILJ    : Oem ID in RIL_UNSOL_OEM_HOOK_RAW is QOEMHOOK
01-01 12:07:48.433  2383  2532 D RILJ    : OEM ID check Passed
01-01 12:07:48.433  2383  2532 D RILJ    : Response ID in RIL_UNSOL_OEM_HOOK_RAW is 525341
01-01 12:07:48.433  2383  2532 D RILJ    : Response ID 525341 is not served in this process.
01-01 12:07:48.494  2383  2383 D SST(0)  : EVENT_POLL_STATE_NETWORK_SELECTION_MODE
01-01 12:07:48.501  1131  8098 E RILQ    : (0/1131): RIL[0][cmd-20(312)] qcril_qmi_nas_request_registration_state: [RMA][NO_SERVICE] voice registration state 12 --> 1
01-01 12:07:48.517  2383  2383 D LOG_TAG : update mCurrentTac: -1
01-01 12:07:48.518  2383  2383 D SST(0)  : handlPollStateResultMessage: GsmSST setDataRegState=1 regState=2 dataRadioTechnology=0
01-01 12:07:48.528  2383  2383 D DefaultPhoneNotifier: newSignalStrength same as lastSignalStrength, skip notify.
01-01 12:07:48.533  2383  2383 D SST(0)  : Poll ServiceState done:  oldSS=[2 1 voice home data home null null null null null null  Unknown Unknown CSS not supported -1 -1 RoamInd=-1 DefRoamInd=-1 EmergOnly=true IsDataRoamingFromRegistration=false IsUsingCarrierAggregation=falseEriInd= -1EriMode= -1RadioPowerSv: false EmergOnly=true PhoneType: 1 IMSRegState: 0] newSS=[0 1 voice home data home EE EE 23430 EE EE 23430  GSM Unknown CSS not supported -1 -1 RoamInd=-1 DefRoamInd=-1 EmergOnly=false IsDataRoamingFromRegistration=false IsUsingCarrierAggregation=falseEriInd= -1EriMode= -1RadioPowerSv: false EmergOnly=false PhoneType: 1 IMSRegState: 0] oldMaxDataCalls=20 mNewMaxDataCalls=20 oldReasonDataDenied=-1 mNewReasonDataDenied=-1 
01-01 12:07:48.533  2383  2383 D SIMRecords: [SIMRecords] getServiceProviderName: no brandOverride, providerName=null
01-01 12:07:48.533  2383  2383 D SST(0)  : plmn(23430) name from RIL: EE
01-01 12:07:48.534  2383  2383 D SST(0)  : RAT switched Unknown -> GSM at cell 5740
01-01 12:07:48.535  2383  2383 D SST(0)  : BIdata : BIdataRoamingSwitch0:true
01-01 12:07:48.535  2383  2383 D SST(0)  : BIdata : BIdataRoamingSwitch0:true
01-01 12:07:48.536  2383  2383 D SST(0)  : pollStateDone: registering current mNitzUpdatedTime=false changing to false
01-01 12:07:48.537  2383  2383 D SST(0)  : SPN_STRINGS_UPDATED_ACTION serviceStatus: 0 rejectCause:0
01-01 12:07:48.537  2383  2383 D SIMRecords: [SIMRecords] getServiceProviderName: no brandOverride, providerName=null
01-01 12:07:48.538  2383  2383 D SIMRecords: [SIMRecords] getServiceProviderName: no brandOverride, providerName=null
01-01 12:07:48.538  2383  2383 D SIMRecords: [SIMRecords] getServiceProviderName: no brandOverride, providerName=null
01-01 12:07:48.539  2383  2383 D TelephonyManager: setTelephonyProperty: success phoneId=0 property=gsm.operator.alpha value: EE propVal=EE
01-01 12:07:48.546  2383  2383 D SubscriptionController: [setCarrierText]+ text:EE subId:1
01-01 12:07:48.550  1131  1300 E RILQ    : (0/1131): RIL[0][event] get_ecc_property_name: ecc list name : ril.ecclist.
01-01 12:07:48.554  1131  1300 E RILQ    : (0/1131): RIL[0][event] get_ecc_property_name: ecc list name : ril.ecclist.
01-01 12:07:48.560  2383  2383 D SubscriptionController: notifySubscriptionInfoChanged:
01-01 12:07:48.565  2383  2383 D TelephonyManager: setTelephonyProperty: success phoneId=0 property=gsm.operator.numeric value: 23430 propVal=23430
01-01 12:07:48.565  2383  2383 D SST(0)  : update mccmnc=23430 fromServiceState=true
01-01 12:07:48.573  2383  2824 D SubscriptionController: [getPhoneId] asked for default subId=1
01-01 12:07:48.587  2383  2383 D TelephonyManager: setTelephonyProperty: success phoneId=0 property=gsm.operator.iso-country value: gb propVal=gb
01-01 12:07:48.593  2383  2383 D SST(0)  : pollStateDone: no nitz but one TZ for iso-cc=gb with zone.getID=Europe/London testOneUniqueOffsetPath=false
01-01 12:07:48.593  2383  2383 D SST(0)  : setAndBroadcastNetworkSetTimeZone: setTimeZone=Europe/London
01-01 12:07:48.596  2383  2383 D SST(0)  : setAndBroadcastNetworkSetTimeZone: call alarm.setTimeZone and broadcast zoneId=Europe/London
01-01 12:07:48.597  2383  2383 D SST(0)  : shouldFixTimeZoneNow: retVal=true iccCardExist=true operatorNumeric=23430 mcc=234 prevOperatorNumeric= prevMcc=235 needToFixTimeZone=false ltod=01-01 12:07:48.596
01-01 12:07:48.597  2383  2383 D SST(0)  : fixTimeZone zoneName='Europe/London' mZoneOffset=0 mZoneDst=false iso-cc='gb' iso-cc-idx=4
01-01 12:07:48.597  2383  2383 D SST(0)  : fixTimeZone: using getTimeZone(off, dst, time, iso)
01-01 12:07:48.597  2383  2383 D SST(0)  : fixTimeZone: zone == null, do nothing for zone
01-01 12:07:48.597  2383  2383 V SST(0)  : updateNitzTimeZoneIsValid: false, needNotifyTimeZonePicker: true
01-01 12:07:48.599  2383  2383 D SST(0)  : triggerTimezonePicker
01-01 12:07:48.602  2383  2383 D TelephonyManager: setTelephonyProperty: success phoneId=0 property=gsm.operator.isroaming value: false propVal=false
01-01 12:07:48.602  2383  2383 D SST(0)  : Broadcasting ServiceState : 0 1 voice home data home EE EE 23430 EE EE 23430  GSM Unknown CSS not supported -1 -1 RoamInd=-1 DefRoamInd=-1 EmergOnly=false IsDataRoamingFromRegistration=false IsUsingCarrierAggregation=falseEriInd= -1EriMode= -1RadioPowerSv: false EmergOnly=false PhoneType: 1 IMSRegState: 0
01-01 12:07:48.602  2383  2383 D SIMRecords: [SIMRecords] cfuQuery STATE : CFU_INIT_STATE
01-01 12:07:48.603  2383  2383 D SST(0)  : updateImsServiceState ss:0 1 voice home data home EE EE 23430 EE EE 23430  GSM Unknown CSS not supported -1 -1 RoamInd=-1 DefRoamInd=-1 EmergOnly=false IsDataRoamingFromRegistration=false IsUsingCarrierAggregation=falseEriInd= -1EriMode= -1RadioPowerSv: false EmergOnly=false PhoneType: 1 IMSRegState: 0
01-01 12:07:48.603  2383  2383 D DefaultPhoneNotifier: nofityServiceState: mRegistry=com.android.internal.telephony.ITelephonyRegistry$Stub$Proxy@ad6b4d0 ss=0 1 voice home data home EE EE 23430 EE EE 23430  GSM Unknown CSS not supported -1 -1 RoamInd=-1 DefRoamInd=-1 EmergOnly=false IsDataRoamingFromRegistration=false IsUsingCarrierAggregation=falseEriInd= -1EriMode= -1RadioPowerSv: false EmergOnly=false PhoneType: 1 IMSRegState: 0 sender=Handler (com.android.internal.telephony.GsmCdmaPhone) {8d01d7b} phondId=0 subId=1
01-01 12:07:48.609  2383  7739 D GsmCdmaPhone(0): [GsmCdmaPhone] getDataConnectionState apnType=default ret=DISCONNECTED
01-01 12:07:48.621  2383  2383 D RIL_IccCardProxy-(0): getState: set mPhoneId=0 mExternalState=READY
01-01 12:07:48.633  2383  2383 D DefaultPhoneNotifier: newSignalStrength same as lastSignalStrength, skip notify.
01-01 12:07:48.635  2383  2383 D SST(0)  : getCellLocation(): X good mCellLoc=[xxx,xxx,xxx]
01-01 12:07:48.635  1603  1633 D TelephonyRegistry: notifyCellLocationForSubscriber: subId=1 cellLocation=Bundle[mParcelledData.dataSize=64]
01-01 12:07:48.636  2383  2865 D RIL_IccCardProxy-(0): getState: set mPhoneId=0 mExternalState=READY
01-01 12:07:48.651  2383  2383 D GsmCdmaPhone(0): [GsmCdmaPhone] EVENT_VOICE_RADIO_TECH_CHANGED: newVoiceTech=2
01-01 12:07:48.651  2383  2383 D GsmCdmaPhone(0): [GsmCdmaPhone] This is not a world phone project, Ignore phoneObjectUpdater.
01-01 12:07:48.651  2383  2383 D GsmCdmaPhone(0): [GsmCdmaPhone] Event EVENT_REGISTERED_TO_NETWORK Received
01-01 12:07:48.654  2383  2383 D DefaultPhoneNotifier: newSignalStrength same as lastSignalStrength, skip notify.
01-01 12:07:48.663  2383  2865 D RIL_IccCardProxy-(0): getState: set mPhoneId=0 mExternalState=READY
01-01 12:07:48.666  2259  2259 D PHONE   : ServiceState.getSpcsLteRoamingType() result:UNKNOWN
01-01 12:07:48.671  2383  2383 D SST(0)  : SubscriptionListener.onSubscriptionInfoChanged
01-01 12:07:48.671  2383  2383 D DCT     : [0]SubscriptionListener.onSubscriptionInfoChanged subId=1, phoneType=1
01-01 12:07:48.678  2383  2383 D PhoneSwitcher: handleMessage: msg={ when=-117ms what=102 target=com.android.internal.telephony.PhoneSwitcher }
01-01 12:07:48.678  2383  2383 D PhoneSwitcher: Broadcast network specifier set intent
01-01 12:07:48.685  2383  2383 D PhoneSwitcher: onEvaluate: requestsChanged=false, reason=subChanged, diffDetected=false
01-01 12:07:48.686  2383  2383 D TelephonyNetworkFactory[0]: SubscriptionListener.onSubscriptionInfoChanged
01-01 12:07:48.723  2383  7895 D RIL_IccCardProxy-(0): getState: set mPhoneId=0 mExternalState=READY
01-01 12:07:48.726  2383  2383 D SubscriptionController: [getActiveSubscriptionInfo]+ subId=1 subInfo={id=1, iccId=8944122575514501688 simSlotIndex=0 displayName=CARD 1 carrierName=EE nameSource=0 iconTint=-16746133 dataRoaming=1 iconBitmap=android.graphics.Bitmap@6d5735a mcc 234 mnc 33}
01-01 12:07:48.734  2383  2530 D RILJ    : ACK_WAKE_LOCK_TIMEOUT
01-01 12:07:48.749  2383  2383 D ProxyController: Angela getAllIMSI
01-01 12:07:48.749  2383  2383 D RIL_IccCardProxy-(0): getGsmIMSI mGsmIMSI = xxxxx
01-01 12:07:48.749  2383  2383 D ImsPhone: handleMessage what=53
01-01 12:07:48.771  2383  8106 D MessageCustFlag: networkCode: 
01-01 12:07:48.777  2383  2383 D SubscriptionController: [getActiveSubscriptionInfo]+ subId=1 subInfo={id=1, iccId=8944122575514501688 simSlotIndex=0 displayName=CARD 1 carrierName=EE nameSource=0 iconTint=-16746133 dataRoaming=1 iconBitmap=android.graphics.Bitmap@f96ce81 mcc 234 mnc 33}
01-01 12:07:48.780  2383  8106 D MessageCustFlag: networkCode: 
01-01 12:07:48.781  2383  2824 D SubscriptionController: [getPhoneId] asked for default subId=1
01-01 12:07:48.785  2383  2396 D SubscriptionController: [getActiveSubscriptionInfoForSimSlotIndex]+ slotIdx=0 subId={id=1, iccId=8944122575514501688 simSlotIndex=0 displayName=CARD 1 carrierName=EE nameSource=0 iconTint=-16746133 dataRoaming=1 iconBitmap=android.graphics.Bitmap@926367 mcc 234 mnc 33}
01-01 12:07:48.796  2383  2566 D RIL_IccCardProxy-(0): getState: set mPhoneId=0 mExternalState=READY
01-01 12:07:48.817  2383  2383 D SubscriptionController: [getActiveSubscriptionInfo]+ subId=1 subInfo={id=1, iccId=8944122575514501688 simSlotIndex=0 displayName=CARD 1 carrierName=EE nameSource=0 iconTint=-16746133 dataRoaming=1 iconBitmap=android.graphics.Bitmap@4e0d1bd mcc 234 mnc 33}
01-01 12:07:49.470  2383  2383 D DefaultPhoneNotifier: newSignalStrength same as lastSignalStrength, skip notify.
01-01 12:07:49.603  2383  2383 D SIMRecords: [SIMRecords] Delay CFU Query...
01-01 12:07:49.604  2383  2383 D GsmCdmaPhone(0): [GsmCdmaPhone] Mccmnc 23433,spn ,gid1:0000
01-01 12:07:49.606  2383  2383 E GsmCdmaPhone(0): [GsmCdmaPhone] no ss over ut 
01-01 12:07:49.606  2383  2383 D GsmCdmaPhone(0): [GsmCdmaPhone] requesting call forwarding query.
01-01 12:07:49.833  2383  2530 D RILJ    : ACK_WAKE_LOCK_TIMEOUT
01-01 12:07:50.721  2383  2383 D SST(0)  : EVENT_POLL_STATE_NETWORK_SELECTION_MODE
01-01 12:07:50.732  2383  2383 D LOG_TAG : update mCurrentTac: -1
01-01 12:07:50.733  2383  2383 D SST(0)  : handlPollStateResultMessage: GsmSST setDataRegState=1 regState=2 dataRadioTechnology=0
01-01 12:07:50.736  2383  2383 D SST(0)  : Poll ServiceState done:  oldSS=[0 1 voice home data home EE EE 23430 EE EE 23430  GSM Unknown CSS not supported -1 -1 RoamInd=-1 DefRoamInd=-1 EmergOnly=false IsDataRoamingFromRegistration=false IsUsingCarrierAggregation=falseEriInd= -1EriMode= -1RadioPowerSv: false EmergOnly=false PhoneType: 1 IMSRegState: 0] newSS=[0 1 voice home data home EE EE 23430 EE EE 23430  GSM Unknown CSS not supported -1 -1 RoamInd=-1 DefRoamInd=-1 EmergOnly=false IsDataRoamingFromRegistration=false IsUsingCarrierAggregation=falseEriInd= -1EriMode= -1RadioPowerSv: false EmergOnly=false PhoneType: 1 IMSRegState: 0] oldMaxDataCalls=20 mNewMaxDataCalls=20 oldReasonDataDenied=-1 mNewReasonDataDenied=-1 
01-01 12:07:50.736  2383  2383 D SIMRecords: [SIMRecords] getServiceProviderName: no brandOverride, providerName=null
01-01 12:07:50.736  2383  2383 D SST(0)  : plmn(23430) name from RIL: EE
01-01 12:07:50.737  2383  2383 D SST(0)  : BIdata : BIdataRoamingSwitch0:true
01-01 12:07:50.737  2383  2383 D SST(0)  : BIdata : BIdataRoamingSwitch0:true
01-01 12:07:50.906  2383  2530 D RILJ    : ACK_WAKE_LOCK_TIMEOUT
01-01 12:07:51.727  2383  2383 D DefaultPhoneNotifier: newSignalStrength same as lastSignalStrength, skip notify.
01-01 12:07:51.899  2383  2566 D SST(0)  : SST.getAllCellInfo(): return last, back to back calls
01-01 12:07:53.014  2383  2383 D Phone   : setCallForwardingIndicatorInSharedPref: Storing status = 0 in pref cf_status_key1
01-01 12:07:53.015  2383  2383 D SIMRecords: [SIMRecords] setVoiceCallForwardingFlag: ignoring enable=false invalid mEfCfis=null
01-01 12:07:53.017  2383  2383 D SIMRecords: [SIMRecords] EVENT_GET_CFU_DONE
01-01 12:07:53.560  2383  2383 D SST(0)  : EVENT_POLL_STATE_NETWORK_SELECTION_MODE
01-01 12:07:53.565  2383  2383 D LOG_TAG : update mCurrentTac: -1
01-01 12:07:53.566  2383  2383 D SST(0)  : handlPollStateResultMessage: GsmSST setDataRegState=1 regState=2 dataRadioTechnology=0
01-01 12:07:53.570  2383  2383 D SST(0)  : Poll ServiceState done:  oldSS=[0 1 voice home data home EE EE 23430 EE EE 23430  GSM Unknown CSS not supported -1 -1 RoamInd=-1 DefRoamInd=-1 EmergOnly=false IsDataRoamingFromRegistration=false IsUsingCarrierAggregation=falseEriInd= -1EriMode= -1RadioPowerSv: false EmergOnly=false PhoneType: 1 IMSRegState: 0] newSS=[0 1 voice home data home EE EE 23430 EE EE 23430  GSM Unknown CSS not supported -1 -1 RoamInd=-1 DefRoamInd=-1 EmergOnly=false IsDataRoamingFromRegistration=false IsUsingCarrierAggregation=falseEriInd= -1EriMode= -1RadioPowerSv: false EmergOnly=false PhoneType: 1 IMSRegState: 0] oldMaxDataCalls=20 mNewMaxDataCalls=20 oldReasonDataDenied=-1 mNewReasonDataDenied=-1 
01-01 12:07:53.570  2383  2383 D SIMRecords: [SIMRecords] getServiceProviderName: no brandOverride, providerName=null
01-01 12:07:53.571  2383  2383 D SST(0)  : plmn(23430) name from RIL: EE
01-01 12:07:53.571  2383  2383 D SST(0)  : BIdata : BIdataRoamingSwitch0:true
01-01 12:07:53.571  2383  2383 D SST(0)  : BIdata : BIdataRoamingSwitch0:true
01-01 12:07:53.720  2383  2532 D RILJ    : Oem ID in RIL_UNSOL_OEM_HOOK_RAW is QOEMHOOK
01-01 12:07:53.720  2383  2532 D RILJ    : OEM ID check Passed
01-01 12:07:53.720  2383  2532 D RILJ    : Response ID in RIL_UNSOL_OEM_HOOK_RAW is 525306
01-01 12:07:53.720  2383  2532 D RILJ    : WWAN, IWLAN coexistence notified to registrants
01-01 12:07:53.746  2383  2383 D DefaultPhoneNotifier: newSignalStrength same as lastSignalStrength, skip notify.
01-01 12:07:53.767  2383  2383 D SST(0)  : EVENT_POLL_STATE_NETWORK_SELECTION_MODE
01-01 12:07:53.770  2383  2383 D LOG_TAG : update mCurrentTac: -1
01-01 12:07:53.770  2383  2383 D SST(0)  : handlPollStateResultMessage: GsmSST setDataRegState=1 regState=2 dataRadioTechnology=0
01-01 12:07:53.772  2383  2383 D SST(0)  : Poll ServiceState done:  oldSS=[0 1 voice home data home EE EE 23430 EE EE 23430  GSM Unknown CSS not supported -1 -1 RoamInd=-1 DefRoamInd=-1 EmergOnly=false IsDataRoamingFromRegistration=false IsUsingCarrierAggregation=falseEriInd= -1EriMode= -1RadioPowerSv: false EmergOnly=false PhoneType: 1 IMSRegState: 0] newSS=[0 1 voice home data home EE EE 23430 EE EE 23430  GSM Unknown CSS not supported -1 -1 RoamInd=-1 DefRoamInd=-1 EmergOnly=false IsDataRoamingFromRegistration=false IsUsingCarrierAggregation=falseEriInd= -1EriMode= -1RadioPowerSv: false EmergOnly=false PhoneType: 1 IMSRegState: 0] oldMaxDataCalls=20 mNewMaxDataCalls=20 oldReasonDataDenied=-1 mNewReasonDataDenied=-1 
01-01 12:07:53.772  2383  2383 D SIMRecords: [SIMRecords] getServiceProviderName: no brandOverride, providerName=null
01-01 12:07:53.772  2383  2383 D SST(0)  : plmn(23430) name from RIL: EE
01-01 12:07:53.772  2383  2383 D SST(0)  : BIdata : BIdataRoamingSwitch0:true
01-01 12:07:53.772  2383  2383 D SST(0)  : BIdata : BIdataRoamingSwitch0:true
01-01 12:07:53.950  2383  2530 D RILJ    : ACK_WAKE_LOCK_TIMEOUT
01-01 12:07:54.455  1131  1300 E RILQ    : (0/1131): RIL[0][event] get_ecc_property_name: ecc list name : ril.ecclist.
01-01 12:07:54.463  1131  1300 E RILQ    : (0/1131): RIL[0][event] get_ecc_property_name: ecc list name : ril.ecclist.
01-01 12:07:54.512  2383  2731 V QImsService: IFMsg_Rxr : Read packet: 15 bytes
01-01 12:07:54.513  2383  2731 V QImsService: ImsSenderRxr : processResponse[SUB0]
01-01 12:07:54.513  2383  2731 I QImsService: ImsSenderRxr : Response data: [12, 13, -1, -1, -1, -1, 16, 3, 24, -38, 1, 32, 0, 8, 0][SUB0]
01-01 12:07:54.513  2383  2731 I QImsService: ImsSenderRxr :  Tag -1 3 218 0[SUB0]
01-01 12:07:54.513  2383  2731 I QImsService: ImsSenderRxr : [UNSL]< UNSOL_VOPS_CHANGED org.codeaurora.ims.ImsQmiIF$VopsInfo@d483e80[SUB0]
01-01 12:07:54.530  2383  2532 D RILJ    : Oem ID in RIL_UNSOL_OEM_HOOK_RAW is QOEMHOOK
01-01 12:07:54.530  2383  2532 D RILJ    : OEM ID check Passed
01-01 12:07:54.530  2383  2532 D RILJ    : Response ID in RIL_UNSOL_OEM_HOOK_RAW is 525341
01-01 12:07:54.530  2383  2532 D RILJ    : Response ID 525341 is not served in this process.
01-01 12:07:54.548  2383  2532 D RILJ    : Oem ID in RIL_UNSOL_OEM_HOOK_RAW is QOEMHOOK
01-01 12:07:54.548  2383  2532 D RILJ    : OEM ID check Passed
01-01 12:07:54.548  2383  2532 D RILJ    : Response ID in RIL_UNSOL_OEM_HOOK_RAW is 525306
01-01 12:07:54.548  2383  2532 D RILJ    : WWAN, IWLAN coexistence notified to registrants
01-01 12:07:54.559  2383  2383 D DefaultPhoneNotifier: newSignalStrength same as lastSignalStrength, skip notify.
01-01 12:07:54.559  2383  2383 D SST(0)  : EVENT_POLL_STATE_NETWORK_SELECTION_MODE
01-01 12:07:54.570  1131  8142 E RILQ    : (0/1131): RIL[0][cmd-21(600)] qcril_qmi_nas_request_data_registration_state: [RMA][NO_SERVICE] data registration state 2 --> 1
01-01 12:07:54.580  1131  1300 E RILQ    : (0/1131): RIL[0][event] get_ecc_property_name: ecc list name : ril.ecclist.
01-01 12:07:54.580  2383  2383 D DefaultPhoneNotifier: newSignalStrength same as lastSignalStrength, skip notify.
01-01 12:07:54.580  2383  2383 D LOG_TAG : update mCurrentTac: 10662
01-01 12:07:54.580  2383  2383 D SST(0)  : handlPollStateResultMessage: GsmSST setDataRegState=0 regState=1 dataRadioTechnology=14
01-01 12:07:54.582  2383  2383 D SST(0)  : Poll ServiceState done:  oldSS=[0 1 voice home data home EE EE 23430 EE EE 23430  GSM Unknown CSS not supported -1 -1 RoamInd=-1 DefRoamInd=-1 EmergOnly=false IsDataRoamingFromRegistration=false IsUsingCarrierAggregation=falseEriInd= -1EriMode= -1RadioPowerSv: false EmergOnly=false PhoneType: 1 IMSRegState: 0] newSS=[0 0 voice home data home EE EE 23430 EE EE 23430  LTE LTE CSS not supported -1 -1 RoamInd=-1 DefRoamInd=-1 EmergOnly=false IsDataRoamingFromRegistration=false IsUsingCarrierAggregation=falseEriInd= -1EriMode= -1RadioPowerSv: false EmergOnly=false PhoneType: 1 IMSRegState: 0] oldMaxDataCalls=20 mNewMaxDataCalls=20 oldReasonDataDenied=-1 mNewReasonDataDenied=-1 
01-01 12:07:54.582  2383  2383 D SIMRecords: [SIMRecords] getServiceProviderName: no brandOverride, providerName=null
01-01 12:07:54.582  2383  2383 D SST(0)  : plmn(23430) name from RIL: EE
01-01 12:07:54.582  2383  2383 D SST(0)  : RAT switched GSM -> LTE at cell 7377666
01-01 12:07:54.582  2383  2383 D SST(0)  : BIdata : BIdataRoamingSwitch0:true
01-01 12:07:54.582  2383  2383 D SST(0)  : BIdata : BIdataRoamingSwitch0:true
01-01 12:07:54.583  2383  2383 D TelephonyManager: setTelephonyProperty: success phoneId=0 property=gsm.network.type value: LTE propVal=LTE
01-01 12:07:54.589  2383  2383 D SST(0)  : SPN_STRINGS_UPDATED_ACTION serviceStatus: 0 rejectCause:0
01-01 12:07:54.589  2383  2383 D SIMRecords: [SIMRecords] getServiceProviderName: no brandOverride, providerName=null
01-01 12:07:54.589  2383  2383 D SIMRecords: [SIMRecords] getServiceProviderName: no brandOverride, providerName=null
01-01 12:07:54.589  2383  2383 D SIMRecords: [SIMRecords] getServiceProviderName: no brandOverride, providerName=null
01-01 12:07:54.589  2383  2383 D TelephonyManager: setTelephonyProperty: success phoneId=0 property=gsm.operator.alpha value: EE propVal=EE
01-01 12:07:54.590  2383  2383 D TelephonyManager: setTelephonyProperty: success phoneId=0 property=gsm.operator.numeric value: 23430 propVal=23430
01-01 12:07:54.592  2383  2383 D TelephonyManager: setTelephonyProperty: success phoneId=0 property=gsm.operator.iso-country value: gb propVal=gb
01-01 12:07:54.594  2383  2383 D SST(0)  : pollStateDone: no nitz but one TZ for iso-cc=gb with zone.getID=Europe/London testOneUniqueOffsetPath=false
01-01 12:07:54.594  2383  2383 D SST(0)  : setAndBroadcastNetworkSetTimeZone: setTimeZone=Europe/London
01-01 12:07:54.596  2383  2383 D SST(0)  : setAndBroadcastNetworkSetTimeZone: call alarm.setTimeZone and broadcast zoneId=Europe/London
01-01 12:07:54.597  2383  2383 D SST(0)  : shouldFixTimeZoneNow: retVal=false iccCardExist=true operatorNumeric=23430 mcc=234 prevOperatorNumeric=23430 prevMcc=234 needToFixTimeZone=false ltod=01-01 12:07:54.596
01-01 12:07:54.597  2383  2383 D TelephonyManager: setTelephonyProperty: success phoneId=0 property=gsm.operator.isroaming value: false propVal=false
01-01 12:07:54.597  2383  2383 D SST(0)  : Broadcasting ServiceState : 0 0 voice home data home EE EE 23430 EE EE 23430  LTE LTE CSS not supported -1 -1 RoamInd=-1 DefRoamInd=-1 EmergOnly=false IsDataRoamingFromRegistration=false IsUsingCarrierAggregation=falseEriInd= -1EriMode= -1RadioPowerSv: false EmergOnly=false PhoneType: 1 IMSRegState: 0
01-01 12:07:54.597  2383  2383 D SIMRecords: [SIMRecords] cfuQuery STATE : CFU_QURIED_STATE
01-01 12:07:54.597  2383  2383 D SST(0)  : updateImsServiceState ss:0 0 voice home data home EE EE 23430 EE EE 23430  LTE LTE CSS not supported -1 -1 RoamInd=-1 DefRoamInd=-1 EmergOnly=false IsDataRoamingFromRegistration=false IsUsingCarrierAggregation=falseEriInd= -1EriMode= -1RadioPowerSv: false EmergOnly=false PhoneType: 1 IMSRegState: 0
01-01 12:07:54.598  2383  2383 D DefaultPhoneNotifier: nofityServiceState: mRegistry=com.android.internal.telephony.ITelephonyRegistry$Stub$Proxy@ad6b4d0 ss=0 0 voice home data home EE EE 23430 EE EE 23430  LTE LTE CSS not supported -1 -1 RoamInd=-1 DefRoamInd=-1 EmergOnly=false IsDataRoamingFromRegistration=false IsUsingCarrierAggregation=falseEriInd= -1EriMode= -1RadioPowerSv: false EmergOnly=false PhoneType: 1 IMSRegState: 0 sender=Handler (com.android.internal.telephony.GsmCdmaPhone) {8d01d7b} phondId=0 subId=1
01-01 12:07:54.599  2259  2259 D PHONE   : ServiceState.getSpcsLteRoamingType() result:UNKNOWN
01-01 12:07:54.601  2383  2823 D GsmCdmaPhone(0): [GsmCdmaPhone] getDataConnectionState apnType=default ret=DISCONNECTED
01-01 12:07:54.604  2383  2383 D RIL_IccCardProxy-(0): getState: set mPhoneId=0 mExternalState=READY
01-01 12:07:54.615  2383  2383 D DefaultPhoneNotifier: newSignalStrength same as lastSignalStrength, skip notify.
01-01 12:07:54.616  2383  2383 D SST(0)  : notifyDataRegStateRilRadioTechnologyChanged: drs=0 rat=14
01-01 12:07:54.617  2383  2383 D TelephonyManager: setTelephonyProperty: success phoneId=0 property=gsm.network.type value: LTE propVal=LTE
01-01 12:07:54.619  2383  2383 D DCT     : [0]get all active apn types
01-01 12:07:54.619  2383  2383 D SST(0)  : getCellLocation(): X good mCellLoc=[xxx,xxx,xxx]
01-01 12:07:54.620  1603  3942 D TelephonyRegistry: notifyCellLocationForSubscriber: subId=1 cellLocation=Bundle[mParcelledData.dataSize=64]
01-01 12:07:54.625  2383  7895 D RIL_IccCardProxy-(0): getState: set mPhoneId=0 mExternalState=READY
01-01 12:07:54.645  2383  2383 D ImsPhone: handleMessage what=53
01-01 12:07:54.646  2383  2383 D DCT     : [0]onDataConnectionAttached
01-01 12:07:54.646  2383  2383 D DCT     : [0]setPdpLimit: pdpLimitSize=8 ,policy=2 ,tech=14 ,prop=1
01-01 12:07:54.661  2383  2383 D DCT     : [0]setupDataOnConnectableApns: dataAttached try default(0),
01-01 12:07:54.661  2383  2383 D DCT     : [0]---dc list---
01-01 12:07:54.661  2383  2383 D DCT     : [0]---------------------
01-01 12:07:54.661  2383  2383 D DCT     : [0]apncontext list: enabled=[default(IDLE)]
01-01 12:07:54.661  2383  2383 D DCT     : [0]setupDataOnConnectableApns: dataAttached emergency:[state=IDLE,enabled=false] mms:[state=IDLE,enabled=false] supl:[state=IDLE,enabled=false] hipri:[state=IDLE,enabled=false] dun:[state=IDLE,enabled=false] fota:[state=IDLE,enabled=false] ims:[state=IDLE,enabled=false] default:[state=IDLE,enabled=true] cbs:[state=IDLE,enabled=false] 
01-01 12:07:54.661  2383  2383 D DCT     : [0]isConnectable() call trySetupData
01-01 12:07:54.661  2383  2383 D DCT     : [0]trySetupData for type:default due to dataAttached, mIsPsRestricted=false
01-01 12:07:54.663  2383  2383 D DCT     : [0]apncontext list: enabled=[default(IDLE)]
01-01 12:07:54.663  2383  2383 D DCT     : [0][whitelist](1) req=default ret=true(true) user=true|fota,mms,ims policy=true|none
01-01 12:07:54.663  2383  2383 D DCT     : [0]isEmergency: result=false
01-01 12:07:54.663  2383  2383 D SST(0)  : isConcurrentVoiceAndDataAllowed() epdgstatus:false
01-01 12:07:54.663  2383  2383 D DCT     : [0]buildWaitingApns: E requestedApnType=default
01-01 12:07:54.671  2383  2383 D DCT     : [0]getPreferredApn: mRequestedApnType=default cursor=android.content.ContentResolver$CursorWrapperInner@1cdccb9 cursor.count=0
01-01 12:07:54.672  2383  2383 D DCT     : [0]getPreferredApn: X not found
01-01 12:07:54.673  2383  2383 D DCT     : [0]buildWaitingApns: usePreferred=true canSetPreferApn=true mPreferredApn=null operator=23433 radioTech=14
01-01 12:07:54.673  2383  2383 D DCT     : [0]---buildWaitingApns: mAllApnSettings apnList---
01-01 12:07:54.673  2383  2383 D DCT     : [0]apn=[ApnSettingV3] Carrier=Internet, Id=1, Numeric=23433, Apn=e**rywhere, Proxy=, MMSC=, MMSProxy=, MMSPort=, AuthType=1, Types=default | hipri | dun | supl, Protocol=IPV4V6, RoamingProtocol=IP, CarrierEnabled=true, Bearer=0, BearerBitmask=, ProfileId=0, ModemCognitive=false, MaxConns=0, WaitTime=0, MaxConnsTime=0, Mtu=0, MvnoType=, MvnoMatchData=, PermanentFailed=false, ApnProfileID=0, Dns1=null, Dns2=null
01-01 12:07:54.673  2383  2383 D DCT     : [0]apn=[ApnSettingV3] Carrier=MMS, Id=2, Numeric=23433, Apn=e**one, Proxy=, MMSC=http://mms/, MMSProxy=149.254.201.135, MMSPort=8080, AuthType=1, Types=mms, Protocol=IP, RoamingProtocol=IP, CarrierEnabled=true, Bearer=0, BearerBitmask=, ProfileId=0, ModemCognitive=false, MaxConns=0, WaitTime=0, MaxConnsTime=0, Mtu=0, MvnoType=, MvnoMatchData=, PermanentFailed=false, ApnProfileID=0, Dns1=null, Dns2=null
01-01 12:07:54.673  2383  2383 D DCT     : [0]apn=[ApnSettingV3] Carrier=ims, Id=3, Numeric=23433, Apn=i**, Proxy=, MMSC=, MMSProxy=, MMSPort=, AuthType=1, Types=ims, Protocol=IPV6, RoamingProtocol=IPV6, CarrierEnabled=true, Bearer=0, BearerBitmask=, ProfileId=0, ModemCognitive=false, MaxConns=0, WaitTime=0, MaxConnsTime=0, Mtu=0, MvnoType=, MvnoMatchData=, PermanentFailed=false, ApnProfileID=0, Dns1=null, Dns2=null
01-01 12:07:54.673  2383  2383 D DCT     : [0]apn=[ApnSettingV3] Carrier=SOS, Id=4, Numeric=23433, Apn=s**, Proxy=, MMSC=, MMSProxy=, MMSPort=, AuthType=1, Types=sos, Protocol=IPV6, RoamingProtocol=IPV6, CarrierEnabled=true, Bearer=0, BearerBitmask=, ProfileId=0, ModemCognitive=false, MaxConns=0, WaitTime=0, MaxConnsTime=0, Mtu=0, MvnoType=, MvnoMatchData=, PermanentFailed=false, ApnProfileID=0, Dns1=null, Dns2=null
01-01 12:07:54.673  2383  2383 D DCT     : [0]---------------------
01-01 12:07:54.673  2383  2383 D DCT     : [0]buildWaitingApns: adding apn=[ApnSettingV3] Carrier=Internet, Id=1, Numeric=23433, Apn=e**rywhere, Proxy=, MMSC=, MMSProxy=, MMSPort=, AuthType=1, Types=default | hipri | dun | supl, Protocol=IPV4V6, RoamingProtocol=IP, CarrierEnabled=true, Bearer=0, BearerBitmask=, ProfileId=0, ModemCognitive=false, MaxConns=0, WaitTime=0, MaxConnsTime=0, Mtu=0, MvnoType=, MvnoMatchData=, PermanentFailed=false, ApnProfileID=0, Dns1=null, Dns2=null
01-01 12:07:54.673  2383  2383 D DCT     : [0]buildWaitingApns: couldn't handle requested ApnType=default
01-01 12:07:54.673  2383  2383 D DCT     : [0]buildWaitingApns: couldn't handle requested ApnType=default
01-01 12:07:54.673  2383  2383 D DCT     : [0]buildWaitingApns: couldn't handle requested ApnType=default
01-01 12:07:54.673  2383  2383 D DCT     : [0]buildWaitingApns: 1 APNs in the list: [[ApnSettingV3] Carrier=Internet, Id=1, Numeric=23433, Apn=e**rywhere, Proxy=, MMSC=, MMSProxy=, MMSPort=, AuthType=1, Types=default | hipri | dun | supl, Protocol=IPV4V6, RoamingProtocol=IP, CarrierEnabled=true, Bearer=0, BearerBitmask=, ProfileId=0, ModemCognitive=false, MaxConns=0, WaitTime=0, MaxConnsTime=0, Mtu=0, MvnoType=, MvnoMatchData=, PermanentFailed=false, ApnProfileID=0, Dns1=null, Dns2=null]
01-01 12:07:54.677  2383  2383 D RetryManager: [default] configure: 'max_retries=infinite,5000,10000,20000,40000,80000,160000,320000'
01-01 12:07:54.685  2383  2383 D RetryManager: [default] Setting 1 waiting APNs.
01-01 12:07:54.685  2383  2383 D DCT     : [0]trySetupData: Create from mAllApnSettings : [[ApnSettingV3] Carrier=Internet, Id=1, Numeric=23433, Apn=e**rywhere, Proxy=, MMSC=, MMSProxy=, MMSPort=, AuthType=1, Types=default | hipri | dun | supl, Protocol=IPV4V6, RoamingProtocol=IP, CarrierEnabled=true, Bearer=0, BearerBitmask=, ProfileId=0, ModemCognitive=false, MaxConns=0, WaitTime=0, MaxConnsTime=0, Mtu=0, MvnoType=, MvnoMatchData=, PermanentFailed=false, ApnProfileID=0, Dns1=null, Dns2=null][[ApnSettingV3] Carrier=MMS, Id=2, Numeric=23433, Apn=e**one, Proxy=, MMSC=http://mms/, MMSProxy=149.254.201.135, MMSPort=8080, AuthType=1, Types=mms, Protocol=IP, RoamingProtocol=IP, CarrierEnabled=true, Bearer=0, BearerBitmask=, ProfileId=0, ModemCognitive=false, MaxConns=0, WaitTime=0, MaxConnsTime=0, Mtu=0, MvnoType=, MvnoMatchData=, PermanentFailed=false, ApnProfileID=0, Dns1=null, Dns2=null][[ApnSettingV3] Carrier=ims, Id=3, Numeric=23433, Apn=i**, Proxy=, MMSC=, MMSProxy=, MMSPort=, AuthType=1, Types=ims, Protocol=IPV6, RoamingProtocol=IPV6, CarrierEnabled=true, Bearer=0, BearerBitmask=, ProfileId=0, ModemCognitive=false, MaxConns=0, WaitTime=0, MaxConnsTime=0, Mtu=0, MvnoType=, MvnoMatchData=, PermanentFailed=false, ApnProfileID=0, Dns1=null, Dns2=null][[ApnSettingV3] Carrier=SOS, Id=4, Numeric=23433, Apn=s**, Proxy=, MMSC=, MMSProxy=, MMSPort=, AuthType=1, Types=sos, Protocol=IPV6, RoamingProtocol=IPV6, CarrierEnabled=true, Bearer=0, BearerBitmask=, ProfileId=0, ModemCognitive=false, MaxConns=0, WaitTime=0, MaxConnsTime=0, Mtu=0, MvnoType=, MvnoMatchData=, PermanentFailed=false, ApnProfileID=0, Dns1=null, Dns2=null]
01-01 12:07:54.686  2383  2383 D DCT     : [0]setupData: apnContext={mApnType=default mState=IDLE mWaitingApns={[[ApnSettingV3] Carrier=Internet, Id=1, Numeric=23433, Apn=e**rywhere, Proxy=, MMSC=, MMSProxy=, MMSPort=, AuthType=1, Types=default | hipri | dun | supl, Protocol=IPV4V6, RoamingProtocol=IP, CarrierEnabled=true, Bearer=0, BearerBitmask=, ProfileId=0, ModemCognitive=false, MaxConns=0, WaitTime=0, MaxConnsTime=0, Mtu=0, MvnoType=, MvnoMatchData=, PermanentFailed=false, ApnProfileID=0, Dns1=null, Dns2=null]} mApnSetting={null} mReason=dataAttached mDataEnabled=true mDependencyMet=true}
01-01 12:07:54.686  2383  2383 D DCT     : [0]checkForCompatibleConnectedApnContext: apnContext={mApnType=default mState=IDLE mWaitingApns={[[ApnSettingV3] Carrier=Internet, Id=1, Numeric=23433, Apn=e**rywhere, Proxy=, MMSC=, MMSProxy=, MMSPort=, AuthType=1, Types=default | hipri | dun | supl, Protocol=IPV4V6, RoamingProtocol=IP, CarrierEnabled=true, Bearer=0, BearerBitmask=, ProfileId=0, ModemCognitive=false, MaxConns=0, WaitTime=0, MaxConnsTime=0, Mtu=0, MvnoType=, MvnoMatchData=, PermanentFailed=false, ApnProfileID=0, Dns1=null, Dns2=null]} mApnSetting={null} mReason=dataAttached mDataEnabled=true mDependencyMet=true}
