05-17 10:40:28.422  2383  2532 D RILJ    : Response ID 525303 is not served in this process.
05-17 10:40:28.424  2383  2383 D DCT     : [0]setActivity = NONE
05-17 10:40:28.435  2383  2731 V QImsService: IFMsg_Rxr : Read packet: 101 bytes
05-17 10:40:28.435  2383  2731 V QImsService: ImsSenderRxr : processResponse[SUB0]
05-17 10:40:28.435  2383  2731 I QImsService: ImsSenderRxr : Response data: [12, 13, -1, -1, -1, -1, 16, 3, 24, -46, 1, 32, 0, 18, 14, 8, 1, 24, 10, 58, 8, 8, 18, 16, 2, 34, 2, 8, 1, 18, 14, 8, 1, 24, 0, 58, 8, 8, 14, 16, 2, 34, 2, 8, 1, 18, 12, 8, 1, 24, 3, 58, 6, 16, 0, 34, 2, 8, 2, 18, 12, 8, 1, 24, 1, 58, 6, 16, 0, 34, 2, 8, 2, 18, 12, 8, 1, 24, 2, 58, 6, 16, 0, 34, 2, 8, 2, 18, 12, 8, 1, 24, 11, 58, 6, 16, 0, 34, 2, 8, 2][SUB0]
05-17 10:40:28.435  2383  2731 I QImsService: ImsSenderRxr :  Tag -1 3 210 0[SUB0]
05-17 10:40:28.435  2383  2731 I QImsService: ImsSenderRxr : isValid = true type = 10 status = 0 userdata = null[SUB0]
05-17 10:40:28.435  2383  2731 I QImsService: ImsSenderRxr :  networkMode = 18 status = 2 restrictCause = 0 registered = 1[SUB0]
05-17 10:40:28.435  2383  2731 I QImsService: ImsSenderRxr : isValid = true type = 0 status = 0 userdata = null[SUB0]
05-17 10:40:28.436  2383  2731 I QImsService: ImsSenderRxr :  networkMode = 14 status = 2 restrictCause = 0 registered = 1[SUB0]
05-17 10:40:28.436  2383  2731 I QImsService: ImsSenderRxr : isValid = true type = 3 status = 0 userdata = null[SUB0]
05-17 10:40:28.436  2383  2731 I QImsService: ImsSenderRxr :  networkMode = -1 status = 0 restrictCause = 0 registered = 2[SUB0]
05-17 10:40:28.436  2383  2731 I QImsService: ImsSenderRxr : isValid = true type = 1 status = 0 userdata = null[SUB0]
05-17 10:40:28.436  2383  2731 I QImsService: ImsSenderRxr :  networkMode = -1 status = 0 restrictCause = 0 registered = 2[SUB0]
05-17 10:40:28.436  2383  2731 I QImsService: ImsSenderRxr : isValid = true type = 2 status = 0 userdata = null[SUB0]
05-17 10:40:28.436  2383  2731 I QImsService: ImsSenderRxr :  networkMode = -1 status = 0 restrictCause = 0 registered = 2[SUB0]
05-17 10:40:28.436  2383  2731 I QImsService: ImsSenderRxr : isValid = true type = 11 status = 0 userdata = null[SUB0]
05-17 10:40:28.436  2383  2731 I QImsService: ImsSenderRxr :  networkMode = -1 status = 0 restrictCause = 0 registered = 2[SUB0]
05-17 10:40:28.436  2383  2731 I QImsService: ImsSenderRxr : [UNSL]< UNSOL_SRV_STATUS_UPDATE [org.codeaurora.ims.ServiceStatus@7d92b0f, org.codeaurora.ims.ServiceStatus@f30179c, org.codeaurora.ims.ServiceStatus@d53c5a5, org.codeaurora.ims.ServiceStatus@5819d7a, org.codeaurora.ims.ServiceStatus@c87692b, org.codeaurora.ims.ServiceStatus@9f51188][SUB0]
05-17 10:40:28.436  2383  2383 I QImsService: ImsServiceSubHandler : Message received: what = 4
05-17 10:40:28.436  2383  2383 I QImsService: ImsServiceSubHandler : Received event: EVENT_SRV_STATUS_UPDATE
05-17 10:40:28.436  2383  2731 V QImsService: IFMsg_Rxr : Read packet: 101 bytes
05-17 10:40:28.436  2383  2383 I QImsService: ImsServiceSub : type = 10 status = 0 isValid = true
05-17 10:40:28.436  2383  2383 I QImsService: ImsServiceSub : Call Type 10has num updates = 1
05-17 10:40:28.436  2383  2731 V QImsService: ImsSenderRxr : processResponse[SUB0]
05-17 10:40:28.436  2383  2383 I QImsService: ImsServiceSub : StatusForAccessTech networkMode = 18 registered = 1 status = 2 restrictCause = 0
05-17 10:40:28.437  2383  2383 I QImsService: ImsServiceSub : enabledFeature = 7
05-17 10:40:28.437  2383  2383 I QImsService: ImsServiceSub : type = 0 status = 0 isValid = true
05-17 10:40:28.437  2383  2383 I QImsService: ImsServiceSub : Call Type 0has num updates = 1
05-17 10:40:28.437  2383  2383 I QImsService: ImsServiceSub : StatusForAccessTech networkMode = 14 registered = 1 status = 2 restrictCause = 0
05-17 10:40:28.437  2383  2383 I QImsService: ImsServiceSub : enabledFeature = 0
05-17 10:40:28.437  2383  2731 I QImsService: ImsSenderRxr : Response data: [12, 13, -1, -1, -1, -1, 16, 3, 24, -46, 1, 32, 0, 18, 14, 8, 1, 24, 10, 58, 8, 8, 18, 16, 2, 34, 2, 8, 1, 18, 14, 8, 1, 24, 0, 58, 8, 8, 18, 16, 2, 34, 2, 8, 1, 18, 12, 8, 1, 24, 3, 58, 6, 16, 0, 34, 2, 8, 2, 18, 12, 8, 1, 24, 1, 58, 6, 16, 0, 34, 2, 8, 2, 18, 12, 8, 1, 24, 2, 58, 6, 16, 0, 34, 2, 8, 2, 18, 12, 8, 1, 24, 11, 58, 6, 16, 0, 34, 2, 8, 2][SUB0]
05-17 10:40:28.437  2383  2383 D WfcController: handleSrvStatusUpdate mRegistrationErrorCode=-1
05-17 10:40:28.437  2383  2383 D WfcController: handleSrvStatusUpdate isWifiRatFound=false, registered=false
05-17 10:40:28.437  2383  2383 I QImsService: ImsServiceSub : type = 3 status = 0 isValid = true
05-17 10:40:28.437  2383  2731 I QImsService: ImsSenderRxr :  Tag -1 3 210 0[SUB0]
05-17 10:40:28.437  2383  2383 I QImsService: ImsServiceSub : Call Type 3has num updates = 1
05-17 10:40:28.437  2383  2383 I QImsService: ImsServiceSub : StatusForAccessTech networkMode = -1 registered = 2 status = 0 restrictCause = 0
05-17 10:40:28.437  2383  2383 I QImsService: ImsServiceSub : disabledFeature = 1
05-17 10:40:28.437  2383  2383 I QImsService: ImsServiceSub : type = 1 status = 0 isValid = true
05-17 10:40:28.437  2383  2383 I QImsService: ImsServiceSub : Call Type 1has num updates = 1
05-17 10:40:28.437  2383  2383 I QImsService: ImsServiceSub : StatusForAccessTech networkMode = -1 registered = 2 status = 0 restrictCause = 0
05-17 10:40:28.437  2383  2383 I QImsService: ImsServiceSub : disabledFeature = 1
05-17 10:40:28.437  2383  2383 I QImsService: ImsServiceSub : type = 2 status = 0 isValid = true
05-17 10:40:28.437  2383  2383 I QImsService: ImsServiceSub : Call Type 2has num updates = 1
05-17 10:40:28.437  2383  2383 I QImsService: ImsServiceSub : StatusForAccessTech networkMode = -1 registered = 2 status = 0 restrictCause = 0
05-17 10:40:28.437  2383  2383 I QImsService: ImsServiceSub : disabledFeature = 1
05-17 10:40:28.437  2383  2731 I QImsService: ImsSenderRxr : isValid = true type = 10 status = 0 userdata = null[SUB0]
05-17 10:40:28.437  2383  2383 I QImsService: ImsServiceSub : type = 11 status = 0 isValid = true
05-17 10:40:28.437  2383  2383 I QImsService: ImsServiceSub : Call Type 11has num updates = 1
05-17 10:40:28.437  2383  2731 I QImsService: ImsSenderRxr :  networkMode = 18 status = 2 restrictCause = 0 registered = 1[SUB0]
05-17 10:40:28.437  2383  2731 I QImsService: ImsSenderRxr : isValid = true type = 0 status = 0 userdata = null[SUB0]
05-17 10:40:28.437  2383  2731 I QImsService: ImsSenderRxr :  networkMode = 18 status = 2 restrictCause = 0 registered = 1[SUB0]
05-17 10:40:28.437  2383  2731 I QImsService: ImsSenderRxr : isValid = true type = 3 status = 0 userdata = null[SUB0]
05-17 10:40:28.437  2383  2731 I QImsService: ImsSenderRxr :  networkMode = -1 status = 0 restrictCause = 0 registered = 2[SUB0]
05-17 10:40:28.437  2383  2731 I QImsService: ImsSenderRxr : isValid = true type = 1 status = 0 userdata = null[SUB0]
05-17 10:40:28.438  2383  2731 I QImsService: ImsSenderRxr :  networkMode = -1 status = 0 restrictCause = 0 registered = 2[SUB0]
05-17 10:40:28.438  2383  2569 D Dcc     : onDataStateChanged: dcsList=[DataCallResponse: {version=11 status=0 retry=-1 cid=0 active=2 type=IPV4V6 ifname=rmnet_data0 mtu=1430 addresses=[31.64.108.92/29] dnses=[109.249.185.228,109.249.185.229] gateways=[31.64.108.93] pcscf=[]}, DataCallResponse: {version=11 status=0 retry=-1 cid=1 active=2 type=IPV6 ifname=rmnet_data6 mtu=1280 addresses=[2a01:04c8:c10b:c7dc:d875:724f:a3b7:b809/64] dnses=[] gateways=[fe80:0000:0000:0000:250d:afea:9d8b:19b2] pcscf=[2a01:4c8:f000:f4b::4,2a01:4c8:f000:fc2::5]}] mDcListActiveByCid={1={Slot1DC-2: State=DcActiveState mApnSetting=[ApnSettingV3] Carrier=ims, Id=3, Numeric=23433, Apn=i**, Proxy=, MMSC=, MMSProxy=, MMSPort=, AuthType=1, Types=ims, Protocol=IPV6, RoamingProtocol=IPV6, CarrierEnabled=true, Bearer=0, BearerBitmask=, ProfileId=0, ModemCognitive=false, MaxConns=0, WaitTime=0, MaxConnsTime=0, Mtu=0, MvnoType=, MvnoMatchData=, PermanentFailed=false, ApnProfileID=0, Dns1=null, Dns2=null RefCount=1 mCid=1 mCreateTime=-1 mLastastFailTime=-1 mLastFailCause=NONE mTag=2 mLinkProperties={InterfaceName: rmnet_data6 LinkAddresses: [2a01:4c8:c10b:c7dc:d875:724f:a3b7:b809/64,]  Routes: [::/0 -> fe80::250d:afea:9d8b:19b2 rmnet_data6,] DnsAddresses: [] Domains: null MTU: 1430 TcpBufferSizes: 1048576,2097152,10485760,262144,524288,3461120} linkCapabilities=[ Transports: CELLULAR Capabilities: IMS&NOT_METERED&TRUSTED&NOT_VPN LinkUpBandwidth>=51200Kbps LinkDnBandwidth>=102400Kbps Specifier: <1>] mRestrictedNetworkOverride=false mApnContexts={{mApnType=ims mState=CONNECTED mWaitingApns={[[ApnSettingV3] Carrier=ims, Id=3, Numeric=23433, Apn=i**, Proxy=, MMSC=, MMSProxy=, MMSPort=, AuthType=1, Types=ims, Protocol=IPV6, RoamingProtocol=IPV6, CarrierEnabled=true, Bearer=0, BearerBitmask=, ProfileId=0, ModemCognitive=false, MaxConns=0, WaitTime=0, MaxConnsTime=0, Mtu=0, MvnoType=, MvnoMatchData=, PermanentFailed=false, ApnProfileID=0, Dns1=null, Dns2=null]} mApnSetting={[ApnSettingV3] Carrier=ims, Id=3, Numeric=23433, Apn=i**, Proxy=, MMSC=, MMSProxy=, MMSPort=, AuthType=1, Types=ims, Protocol=IPV6, RoamingProtocol=IPV6, CarrierEnabled=true, Bearer=0, BearerBitmask=, ProfileId=0, ModemCognitive=false, MaxConns=0, WaitTime=0, MaxConnsTime=0, Mtu=0, MvnoType=, MvnoMatchData=, PermanentFailed=false, ApnProfileID=0, Dns1=null, Dns2=null} mReason=connected mDataEnabled=true mDependencyMet=true}={mTag=2 mApnContext={mApnType=ims mState=CONNECTED mWaitingApns={[[ApnSettingV3] Carrier=ims, Id=3, Numeric=23433, Apn=i**, Proxy=, MMSC=, MMSProxy=, MMSPort=, AuthType=1, Types=ims, Protocol=IPV6, RoamingProtocol=IPV6, CarrierEnabled=true, Bearer=0, BearerBitmask=, ProfileId=0, ModemCognitive=false, MaxConns=0, WaitTime=0, MaxConnsTime=0, Mtu=0, MvnoType=, MvnoMatchData=, PermanentFailed=false, ApnProfileID=0, Dns1=null, Dns2=null]} mApnSetting={[ApnSettingV3] Carrier=ims, Id=3, Numeric=23433, Apn=i**, Proxy=, MMSC=, MMSProxy=, MMSPort=, AuthType=1, Types=ims, Protocol=IPV6, RoamingProtocol=IPV6, CarrierEnabled=true, Bearer=0, BearerBitmask=, ProfileId=0, ModemCognitive=false, MaxConns=0, WaitTime=0, MaxConnsTime=0, Mtu=0, MvnoType=, MvnoMatchData=, PermanentFailed=false, ApnProfileID=0, Dns1=null, Dns2=null} mReason=connected mDataEnabled=true mDependencyMet=true} mProfileId=0 mRat=14 mOnCompletedMsg={what=0x42000 when=-6m40s809ms obj=Pair{{mApnType=ims mState=CONNECTED mWaitingApns={[[ApnSettingV3] Carrier=ims, Id=3, Numeric=23433, Apn=i**, Proxy=, MMSC=, MMSProxy=, MMSPort=, AuthType=1, Types=ims, Protocol=IPV6, RoamingProtocol=IPV6, CarrierEnabled=true, Bearer=0, BearerBitmask=, ProfileId=0, ModemCognitive=false, MaxConns=0, WaitTime=0, MaxConnsTime=0, Mtu=0, MvnoType=, MvnoMatchData=, PermanentFailed=false, ApnProfileID=0, Dns1=null, Dns2=null]} mApnSetting={[ApnSettingV3] Carrier=ims, Id=3, Numeric=23433, Apn=i**, Proxy=, MMSC=, MMSProxy=, MMSPort=, AuthType=1, Types=ims, Protocol=IPV6, RoamingProtocol=IPV6, CarrierEnabled=true, Bearer=0, BearerBitmask=, ProfileId=0, ModemCognitive=false, MaxConns=0, WaitTime=0, MaxConnsTime=0, Mtu=0, MvnoType=, MvnoMatchData=, PermanentFailed=
05-17 10:40:28.438  2383  2569 D Dcc     : onDataStateChanged: dcsToRetry=[]
05-17 10:40:28.438  2383  2569 D Dcc     : onDataStateChanged: Found ConnId=0 newState=DataCallResponse: {version=11 status=0 retry=-1 cid=0 active=2 type=IPV4V6 ifname=rmnet_data0 mtu=1430 addresses=[31.64.108.92/29] dnses=[109.249.185.228,109.249.185.229] gateways=[31.64.108.93] pcscf=[]}
05-17 10:40:28.438  2383  2383 I QImsService: ImsServiceSub : StatusForAccessTech networkMode = -1 registered = 2 status = 0 restrictCause = 0
05-17 10:40:28.439  2383  2383 I QImsService: ImsServiceSub : disabledFeature = 4
05-17 10:40:28.439  2383  2569 D Slot1DC-1: isDnsOkExt: dns=[109.249.185.228(valid) 109.249.185.229(valid) ], len=2, type=SystemProperty, result=true, reason=Valid dns
05-17 10:40:28.439  2383  2569 D Slot1DC-1: isDnsOkExt: dns=[109.249.185.228(valid) 109.249.185.229(valid) ], len=2, type=DataCallResponse, result=true, reason=Valid dns
05-17 10:40:28.439  2383  2383 I QImsService: ImsServiceClassTracker : updateFeatureCapabilities video false voice true
05-17 10:40:28.439  2383  2569 D DataCallResponse: addr/pl=31.64.108.92/29
05-17 10:40:28.439  2383  2383 D QImsService: ImsMultiEndpointImpl : Message received: what = 2
05-17 10:40:28.439  2383  2383 D QImsService: ImsMultiEndpointImpl : EVENT_CAPABILITIES_CHANGED
05-17 10:40:28.439  2383  2383 D QImsService: ImsMultiEndpointImpl : updateCapabilities:: Video = false, Voice = true
05-17 10:40:28.439  2383  2569 D Slot1DC-1: updateLinkProperty config setHttpProxy
05-17 10:40:28.439  2383  2569 D Slot1DC-1: MTU set by call response to: 1430
05-17 10:40:28.439  2383  2569 D Dcc     : onDataStateChanged: no change
05-17 10:40:28.439  2383  2569 D Dcc     : onDataStateChanged: Found ConnId=1 newState=DataCallResponse: {version=11 status=0 retry=-1 cid=1 active=2 type=IPV6 ifname=rmnet_data6 mtu=1280 addresses=[2a01:04c8:c10b:c7dc:d875:724f:a3b7:b809/64] dnses=[] gateways=[fe80:0000:0000:0000:250d:afea:9d8b:19b2] pcscf=[2a01:4c8:f000:f4b::4,2a01:4c8:f000:fc2::5]}
05-17 10:40:28.439  2383  2731 I QImsService: ImsSenderRxr : isValid = true type = 2 status = 0 userdata = null[SUB0]
05-17 10:40:28.439  2383  2569 D Slot1DC-2: isIgnoreDnsMcc: IMSI=234, Operator=234, Ignore=false, Proxy=false
05-17 10:40:28.439  2383  2731 I QImsService: ImsSenderRxr :  networkMode = -1 status = 0 restrictCause = 0 registered = 2[SUB0]
05-17 10:40:28.439  2383  2569 D Slot1DC-2: isDnsOkExt: dns=[0.0.0.0(invalid) 0.0.0.0(invalid) ], len=2, type=SystemProperty, result=true, reason=Ignore null DNS for IMS apn type
05-17 10:40:28.439  2383  2731 I QImsService: ImsSenderRxr : isValid = true type = 11 status = 0 userdata = null[SUB0]
05-17 10:40:28.440  2383  2731 I QImsService: ImsSenderRxr :  networkMode = -1 status = 0 restrictCause = 0 registered = 2[SUB0]
05-17 10:40:28.440  2383  2569 D Slot1DC-2: isIgnoreDnsMcc: IMSI=234, Operator=234, Ignore=false, Proxy=false
05-17 10:40:28.440  2383  2569 D Slot1DC-2: isDnsOkExt: dns=[], len=0, type=DataCallResponse, result=true, reason=Ignore null DNS for IMS apn type
05-17 10:40:28.440  2383  2731 I QImsService: ImsSenderRxr : [UNSL]< UNSOL_SRV_STATUS_UPDATE [org.codeaurora.ims.ServiceStatus@fe01721, org.codeaurora.ims.ServiceStatus@dfc1746, org.codeaurora.ims.ServiceStatus@9916d07, org.codeaurora.ims.ServiceStatus@c8dbe34, org.codeaurora.ims.ServiceStatus@886045d, org.codeaurora.ims.ServiceStatus@35261d2][SUB0]
05-17 10:40:28.440  2383  2569 D DataCallResponse: addr/pl=2a01:04c8:c10b:c7dc:d875:724f:a3b7:b809/64
05-17 10:40:28.440  2383  2569 D Slot1DC-2: updateLinkProperty config setHttpProxy
05-17 10:40:28.440  2383  2732 D ImsManager: registrationFeatureCapabilityChanged :: serviceClass=1
05-17 10:40:28.440  2383  2569 D Slot1DC-2: MTU set by call response to: 1280
05-17 10:40:28.440  2383  2732 D ImsPhoneCallTracker: [ImsPhoneCallTracker] onFeatureCapabilityChanged: VoLTE:true ViLTE:false VoWiFi:false ViWiFi:false UTLTE:false UTWiFi:false SMSLTE:false SMSWiFi:true 
05-17 10:40:28.440  2383  2732 D ImsPhoneCallTracker: [ImsPhoneCallTracker] onFeatureCapabilityChanged: isVolteEnabled=true, isVideoCallEnabled=false, isVowifiEnabled=false, isUtEnabled=false, isSMSLteEnabled=false, isSMSWifiEnabled=true
05-17 10:40:28.440  2383  2569 D Slot1DC-2: updateLinkProperty old LP={InterfaceName: rmnet_data6 LinkAddresses: [2a01:4c8:c10b:c7dc:d875:724f:a3b7:b809/64,]  Routes: [::/0 -> fe80::250d:afea:9d8b:19b2 rmnet_data6,] DnsAddresses: [] Domains: null MTU: 1430 TcpBufferSizes: 1048576,2097152,10485760,262144,524288,3461120}
05-17 10:40:28.440  2383  2569 D Slot1DC-2: updateLinkProperty new LP={InterfaceName: rmnet_data6 LinkAddresses: [2a01:4c8:c10b:c7dc:d875:724f:a3b7:b809/64,]  Routes: [::/0 -> fe80::250d:afea:9d8b:19b2 rmnet_data6,] DnsAddresses: [] Domains: null MTU: 1280 TcpBufferSizes: 1048576,2097152,10485760,262144,524288,3461120}
05-17 10:40:28.440  2383  2532 D RILJ    : Oem ID in RIL_UNSOL_OEM_HOOK_RAW is QOEMHOOK
05-17 10:40:28.440  2383  2532 D RILJ    : OEM ID check Passed
05-17 10:40:28.440  2383  2532 D RILJ    : Response ID in RIL_UNSOL_OEM_HOOK_RAW is 525303
05-17 10:40:28.440  2383  2532 D RILJ    : Response ID 525303 is not served in this process.
05-17 10:40:28.441  2383  2383 I QImsService: ImsServiceSubHandler : Message received: what = 4
05-17 10:40:28.441  2383  2383 I QImsService: ImsServiceSubHandler : Received event: EVENT_SRV_STATUS_UPDATE
05-17 10:40:28.441  2383  2383 I QImsService: ImsServiceSub : type = 10 status = 0 isValid = true
05-17 10:40:28.441  2383  2383 I QImsService: ImsServiceSub : Call Type 10has num updates = 1
05-17 10:40:28.441  2383  2569 D Dcc     : onDataStateChanged: no changes
05-17 10:40:28.441  2383  2383 I QImsService: ImsServiceSub : StatusForAccessTech networkMode = 18 registered = 1 status = 2 restrictCause = 0
05-17 10:40:28.441  2383  2569 D Dcc     : onDataStateChanged: Data Activity updated to NONE. isAnyDataCallActive = true isAnyDataCallDormant = false
05-17 10:40:28.441  2383  2383 I QImsService: ImsServiceSub : enabledFeature = 7
05-17 10:40:28.441  2383  2569 D Dcc     : onDataStateChanged: dcsToRetry=[] apnsToCleanup=[]
05-17 10:40:28.441  2383  2383 I QImsService: ImsServiceSub : type = 0 status = 0 isValid = true
05-17 10:40:28.441  2383  2383 I QImsService: ImsServiceSub : Call Type 0has num updates = 1
05-17 10:40:28.441  2383  2383 I QImsService: ImsServiceSub : StatusForAccessTech networkMode = 18 registered = 1 status = 2 restrictCause = 0
05-17 10:40:28.441  2383  2383 I QImsService: ImsServiceSub : enabledFeature = 2
05-17 10:40:28.441  2383  2383 D WfcController: handleSrvStatusUpdate mRegistrationErrorCode=-1
05-17 10:40:28.441  2383  2383 D WfcController: handleSrvStatusUpdate isWifiRatFound=true, registered=true
05-17 10:40:28.441  2383  2383 I QImsService: ImsServiceSub : type = 3 status = 0 isValid = true
05-17 10:40:28.441  2383  2383 I QImsService: ImsServiceSub : Call Type 3has num updates = 1
05-17 10:40:28.441  2383  2383 I QImsService: ImsServiceSub : StatusForAccessTech networkMode = -1 registered = 2 status = 0 restrictCause = 0
05-17 10:40:28.441  2383  2383 I QImsService: ImsServiceSub : disabledFeature = 1
05-17 10:40:28.441  2383  2383 I QImsService: ImsServiceSub : type = 1 status = 0 isValid = true
05-17 10:40:28.441  2383  2383 I QImsService: ImsServiceSub : Call Type 1has num updates = 1
05-17 10:40:28.441  2383  2383 I QImsService: ImsServiceSub : StatusForAccessTech networkMode = -1 registered = 2 status = 0 restrictCause = 0
05-17 10:40:28.441  2383  2383 I QImsService: ImsServiceSub : disabledFeature = 1
05-17 10:40:28.441  2383  2383 I QImsService: ImsServiceSub : type = 2 status = 0 isValid = true
05-17 10:40:28.441  2383  2383 I QImsService: ImsServiceSub : Call Type 2has num updates = 1
05-17 10:40:28.441  2383  2383 I QImsService: ImsServiceSub : StatusForAccessTech networkMode = -1 registered = 2 status = 0 restrictCause = 0
05-17 10:40:28.441  2383  2383 I QImsService: ImsServiceSub : disabledFeature = 1
05-17 10:40:28.441  2383  2383 I QImsService: ImsServiceSub : type = 11 status = 0 isValid = true
05-17 10:40:28.441  2383  2383 I QImsService: ImsServiceSub : Call Type 11has num updates = 1
05-17 10:40:28.442  2383  2383 I QImsService: ImsServiceSub : StatusForAccessTech networkMode = -1 registered = 2 status = 0 restrictCause = 0
05-17 10:40:28.442  2383  2383 I QImsService: ImsServiceSub : disabledFeature = 4
05-17 10:40:28.442  2383  2383 I QImsService: ImsServiceClassTracker : updateFeatureCapabilities video false voice true
05-17 10:40:28.442  2383  2732 D ImsManager: registrationFeatureCapabilityChanged :: serviceClass=1
//05-17 10:40:28.442  2383  2732 D ImsPhoneCallTracker: [ImsPhoneCallTracker] onFeatureCapabilityChanged: VoLTE:false ViLTE:false VoWiFi:true ViWiFi:false UTLTE:false UTWiFi:false SMSLTE:false SMSWiFi:true 
05-17 10:40:28.442  2383  2732 D ImsPhoneCallTracker: [ImsPhoneCallTracker] onFeatureCapabilityChanged: isVolteEnabled=false, isVideoCallEnabled=false, isVowifiEnabled=true, isUtEnabled=false, isSMSLteEnabled=false, isSMSWifiEnabled=true
05-17 10:40:28.442  2383  2383 D SST(0)  : EVENT_IMS_CAPABILITY_CHANGED
05-17 10:40:28.444  2383  2383 D SST(0)  : SPN_STRINGS_UPDATED_ACTION serviceStatus: 0 rejectCause:0
05-17 10:40:28.444  2383  2383 D SIMRecords: [SIMRecords] getServiceProviderName: no brandOverride, providerName=null
05-17 10:40:28.444  2383  2383 D SIMRecords: [SIMRecords] getServiceProviderName: no brandOverride, providerName=null
05-17 10:40:28.444  2383  2383 D SIMRecords: [SIMRecords] getServiceProviderName: no brandOverride, providerName=null
05-17 10:40:28.444  2383  2383 D TelephonyManager: setTelephonyProperty: success phoneId=0 property=gsm.operator.alpha value: EE propVal=EE
05-17 10:40:28.445  2383  2532 D RILJ    : Oem ID in RIL_UNSOL_OEM_HOOK_RAW is QOEMHOOK
05-17 10:40:28.445  2383  2532 D RILJ    : OEM ID check Passed
05-17 10:40:28.445  2383  2532 D RILJ    : Response ID in RIL_UNSOL_OEM_HOOK_RAW is 525303
05-17 10:40:28.445  2383  2532 D RILJ    : Response ID 525303 is not served in this process.
05-17 10:40:28.449  2383  2383 D DCT     : [0]setActivity = NONE
05-17 10:40:28.452  2383  2383 D SST(0)  : EVENT_IMS_CAPABILITY_CHANGED
05-17 10:40:28.455  2383  2731 V QImsService: IFMsg_Rxr : Read packet: 31 bytes
05-17 10:40:28.455  2383  2731 V QImsService: ImsSenderRxr : processResponse[SUB0]
05-17 10:40:28.455  2383  2731 I QImsService: ImsSenderRxr : Response data: [12, 13, -1, -1, -1, -1, 16, 3, 24, -40, 1, 32, 0, 9, 22, 72, -102, -119, 51, -63, 73, 64, 17, -96, 55, -53, 27, 22, -39, -30, -65][SUB0]
05-17 10:40:28.455  2383  2731 I QImsService: ImsSenderRxr :  Tag -1 3 216 0[SUB0]
05-17 10:40:28.455  2383  2731 I QImsService: ImsSenderRxr : [UNSL]< UNSOL_REQUEST_GEOLOCATION org.codeaurora.ims.ImsQmiIF$GeoLocationInfo@e4dd2a3[SUB0]
05-17 10:40:28.457  2383  2383 D SST(0)  : SPN_STRINGS_UPDATED_ACTION serviceStatus: 0 rejectCause:0
05-17 10:40:28.457  2383  2383 D SIMRecords: [SIMRecords] getServiceProviderName: no brandOverride, providerName=null
05-17 10:40:28.457  2383  2383 D SIMRecords: [SIMRecords] getServiceProviderName: no brandOverride, providerName=null
05-17 10:40:28.457  2383  2383 D SIMRecords: [SIMRecords] getServiceProviderName: no brandOverride, providerName=null
05-17 10:40:28.457  2383  2383 D TelephonyManager: setTelephonyProperty: success phoneId=0 property=gsm.operator.alpha value: EE propVal=EE
05-17 10:40:28.459  2383  2383 D QImsService: ImsMultiEndpointImpl : Message received: what = 2
05-17 10:40:28.459  2383  2383 D QImsService: ImsMultiEndpointImpl : EVENT_CAPABILITIES_CHANGED
05-17 10:40:28.459  2383  2383 D QImsService: ImsMultiEndpointImpl : updateCapabilities:: Video = false, Voice = true
05-17 10:40:28.459  2383  2383 I QImsService: ImsServiceSubHandler : Message received: what = 22
05-17 10:40:28.460  2383 11054 I QImsService: GeocoderTask : Executing GeocoderTask [lat=51.509385300000005 | long=-0.5889997999999999]
05-17 10:40:28.461  2383  2569 D Dcc     : onDataStateChanged: dcsList=[DataCallResponse: {version=11 status=0 retry=-1 cid=0 active=2 type=IPV4V6 ifname=rmnet_data0 mtu=1430 addresses=[31.64.108.92/29] dnses=[109.249.185.228,109.249.185.229] gateways=[31.64.108.93] pcscf=[]}, DataCallResponse: {version=11 status=0 retry=-1 cid=1 active=2 type=IPV6 ifname=rmnet_data6 mtu=1280 addresses=[2a01:04c8:c10b:c7dc:d875:724f:a3b7:b809/64] dnses=[] gateways=[fe80:0000:0000:0000:250d:afea:9d8b:19b2] pcscf=[2a01:4c8:f000:f4b::4,2a01:4c8:f000:fc2::5]}] mDcListActiveByCid={1={Slot1DC-2: State=DcActiveState mApnSetting=[ApnSettingV3] Carrier=ims, Id=3, Numeric=23433, Apn=i**, Proxy=, MMSC=, MMSProxy=, MMSPort=, AuthType=1, Types=ims, Protocol=IPV6, RoamingProtocol=IPV6, CarrierEnabled=true, Bearer=0, BearerBitmask=, ProfileId=0, ModemCognitive=false, MaxConns=0, WaitTime=0, MaxConnsTime=0, Mtu=0, MvnoType=, MvnoMatchData=, PermanentFailed=false, ApnProfileID=0, Dns1=null, Dns2=null RefCount=1 mCid=1 mCreateTime=-1 mLastastFailTime=-1 mLastFailCause=NONE mTag=2 mLinkProperties={InterfaceName: rmnet_data6 LinkAddresses: [2a01:4c8:c10b:c7dc:d875:724f:a3b7:b809/64,]  Routes: [::/0 -> fe80::250d:afea:9d8b:19b2 rmnet_data6,] DnsAddresses: [] Domains: null MTU: 1280 TcpBufferSizes: 1048576,2097152,10485760,262144,524288,3461120} linkCapabilities=[ Transports: CELLULAR Capabilities: IMS&NOT_METERED&TRUSTED&NOT_VPN LinkUpBandwidth>=51200Kbps LinkDnBandwidth>=102400Kbps Specifier: <1>] mRestrictedNetworkOverride=false mApnContexts={{mApnType=ims mState=CONNECTED mWaitingApns={[[ApnSettingV3] Carrier=ims, Id=3, Numeric=23433, Apn=i**, Proxy=, MMSC=, MMSProxy=, MMSPort=, AuthType=1, Types=ims, Protocol=IPV6, RoamingProtocol=IPV6, CarrierEnabled=true, Bearer=0, BearerBitmask=, ProfileId=0, ModemCognitive=false, MaxConns=0, WaitTime=0, MaxConnsTime=0, Mtu=0, MvnoType=, MvnoMatchData=, PermanentFailed=false, ApnProfileID=0, Dns1=null, Dns2=null]} mApnSetting={[ApnSettingV3] Carrier=ims, Id=3, Numeric=23433, Apn=i**, Proxy=, MMSC=, MMSProxy=, MMSPort=, AuthType=1, Types=ims, Protocol=IPV6, RoamingProtocol=IPV6, CarrierEnabled=true, Bearer=0, BearerBitmask=, ProfileId=0, ModemCognitive=false, MaxConns=0, WaitTime=0, MaxConnsTime=0, Mtu=0, MvnoType=, MvnoMatchData=, PermanentFailed=false, ApnProfileID=0, Dns1=null, Dns2=null} mReason=connected mDataEnabled=true mDependencyMet=true}={mTag=2 mApnContext={mApnType=ims mState=CONNECTED mWaitingApns={[[ApnSettingV3] Carrier=ims, Id=3, Numeric=23433, Apn=i**, Proxy=, MMSC=, MMSProxy=, MMSPort=, AuthType=1, Types=ims, Protocol=IPV6, RoamingProtocol=IPV6, CarrierEnabled=true, Bearer=0, BearerBitmask=, ProfileId=0, ModemCognitive=false, MaxConns=0, WaitTime=0, MaxConnsTime=0, Mtu=0, MvnoType=, MvnoMatchData=, PermanentFailed=false, ApnProfileID=0, Dns1=null, Dns2=null]} mApnSetting={[ApnSettingV3] Carrier=ims, Id=3, Numeric=23433, Apn=i**, Proxy=, MMSC=, MMSProxy=, MMSPort=, AuthType=1, Types=ims, Protocol=IPV6, RoamingProtocol=IPV6, CarrierEnabled=true, Bearer=0, BearerBitmask=, ProfileId=0, ModemCognitive=false, MaxConns=0, WaitTime=0, MaxConnsTime=0, Mtu=0, MvnoType=, MvnoMatchData=, PermanentFailed=false, ApnProfileID=0, Dns1=null, Dns2=null} mReason=connected mDataEnabled=true mDependencyMet=true} mProfileId=0 mRat=14 mOnCompletedMsg={what=0x42000 when=-6m40s833ms obj=Pair{{mApnType=ims mState=CONNECTED mWaitingApns={[[ApnSettingV3] Carrier=ims, Id=3, Numeric=23433, Apn=i**, Proxy=, MMSC=, MMSProxy=, MMSPort=, AuthType=1, Types=ims, Protocol=IPV6, RoamingProtocol=IPV6, CarrierEnabled=true, Bearer=0, BearerBitmask=, ProfileId=0, ModemCognitive=false, MaxConns=0, WaitTime=0, MaxConnsTime=0, Mtu=0, MvnoType=, MvnoMatchData=, PermanentFailed=false, ApnProfileID=0, Dns1=null, Dns2=null]} mApnSetting={[ApnSettingV3] Carrier=ims, Id=3, Numeric=23433, Apn=i**, Proxy=, MMSC=, MMSProxy=, MMSPort=, AuthType=1, Types=ims, Protocol=IPV6, RoamingProtocol=IPV6, CarrierEnabled=true, Bearer=0, BearerBitmask=, ProfileId=0, ModemCognitive=false, MaxConns=0, WaitTime=0, MaxConnsTime=0, Mtu=0, MvnoType=, MvnoMatchData=, PermanentFailed=
05-17 10:40:28.461  2383  2569 D Dcc     : onDataStateChanged: dcsToRetry=[]
05-17 10:40:28.461  2383  2569 D Dcc     : onDataStateChanged: Found ConnId=0 newState=DataCallResponse: {version=11 status=0 retry=-1 cid=0 active=2 type=IPV4V6 ifname=rmnet_data0 mtu=1430 addresses=[31.64.108.92/29] dnses=[109.249.185.228,109.249.185.229] gateways=[31.64.108.93] pcscf=[]}
05-17 10:40:28.461  2383  2397 D DCT     : [0]setPolicyDataEnabled: true
05-17 10:40:28.461  2383  2569 D Slot1DC-1: isDnsOkExt: dns=[109.249.185.228(valid) 109.249.185.229(valid) ], len=2, type=SystemProperty, result=true, reason=Valid dns
05-17 10:40:28.462  2383  2569 D Slot1DC-1: isDnsOkExt: dns=[109.249.185.228(valid) 109.249.185.229(valid) ], len=2, type=DataCallResponse, result=true, reason=Valid dns
05-17 10:40:28.462  2383  2569 D DataCallResponse: addr/pl=31.64.108.92/29
05-17 10:40:28.462  2383  2569 D Slot1DC-1: updateLinkProperty config setHttpProxy
05-17 10:40:28.462  2383  2569 D Slot1DC-1: MTU set by call response to: 1430
05-17 10:40:28.462  2383  2569 D Dcc     : onDataStateChanged: no change
05-17 10:40:28.462  2383  2569 D Dcc     : onDataStateChanged: Found ConnId=1 newState=DataCallResponse: {version=11 status=0 retry=-1 cid=1 active=2 type=IPV6 ifname=rmnet_data6 mtu=1280 addresses=[2a01:04c8:c10b:c7dc:d875:724f:a3b7:b809/64] dnses=[] gateways=[fe80:0000:0000:0000:250d:afea:9d8b:19b2] pcscf=[2a01:4c8:f000:f4b::4,2a01:4c8:f000:fc2::5]}
05-17 10:40:28.462  2383  2569 D Slot1DC-2: isIgnoreDnsMcc: IMSI=234, Operator=234, Ignore=false, Proxy=false
05-17 10:40:28.463  2383  2569 D Slot1DC-2: isDnsOkExt: dns=[0.0.0.0(invalid) 0.0.0.0(invalid) ], len=2, type=SystemProperty, result=true, reason=Ignore null DNS for IMS apn type
05-17 10:40:28.463  2383  2569 D Slot1DC-2: isIgnoreDnsMcc: IMSI=234, Operator=234, Ignore=false, Proxy=false
05-17 10:40:28.463  2383  2569 D Slot1DC-2: isDnsOkExt: dns=[], len=0, type=DataCallResponse, result=true, reason=Ignore null DNS for IMS apn type
05-17 10:40:28.463  2383  2569 D DataCallResponse: addr/pl=2a01:04c8:c10b:c7dc:d875:724f:a3b7:b809/64
05-17 10:40:28.463  2383  2569 D Slot1DC-2: updateLinkProperty config setHttpProxy
05-17 10:40:28.463  2383  2569 D Slot1DC-2: MTU set by call response to: 1280
05-17 10:40:28.463  2383  2569 D Dcc     : onDataStateChanged: no change
05-17 10:40:28.463  2383  2569 D Dcc     : onDataStateChanged: Data Activity updated to NONE. isAnyDataCallActive = true isAnyDataCallDormant = false
05-17 10:40:28.463  2383  2569 D Dcc     : onDataStateChanged: dcsToRetry=[] apnsToCleanup=[]
05-17 10:40:28.470  2383  2383 D DCT     : [0]setActivity = NONE
05-17 10:40:28.659  2383  2530 D RILJ    : ACK_WAKE_LOCK_TIMEOUT
05-17 10:40:30.099  2383 11054 V QImsService: ImsSenderRxr : sendGeolocationInfo [Lat=51.509385300000005 | Lon=-0.5889997999999999] Address=Slough Country=United Kingdom Postal Code=SL1 Country Code=GB[SUB0]
05-17 10:40:30.099  2383 11054 I QImsService: ImsSenderRxr : [0018]> REQUEST_SEND_GEOLOCATION_INFO[SUB0]
05-17 10:40:30.099  2383 11054 I QImsService: ImsSenderRxr : Message data: [0, 0, 0, 65, 11, 13, 18, 0, 0, 0, 16, 1, 24, 46, 32, 0, 9, 22, 72, -102, -119, 51, -63, 73, 64, 17, -96, 55, -53, 27, 22, -39, -30, -65, 26, 33, 10, 6, 83, 108, 111, 117, 103, 104, 26, 14, 85, 110, 105, 116, 101, 100, 32, 75, 105, 110, 103, 100, 111, 109, 34, 3, 83, 76, 49, 42, 2, 71, 66][SUB0]
05-17 10:40:30.107  2383  2731 V QImsService: IFMsg_Rxr : Read packet: 12 bytes
05-17 10:40:30.107  2383  2731 V QImsService: ImsSenderRxr : processResponse[SUB0]
05-17 10:40:30.107  2383  2731 I QImsService: ImsSenderRxr : Response data: [11, 13, 18, 0, 0, 0, 16, 2, 24, 46, 32, 0][SUB0]
05-17 10:40:30.107  2383  2731 I QImsService: ImsSenderRxr :  Tag 18 2 46 0[SUB0]
05-17 10:40:30.107  2383  2731 I QImsService: ImsSenderRxr : [0018]< REQUEST_SEND_GEOLOCATION_INFO [SUB0]
05-17 10:40:30.107  2383  2383 I QImsService: ImsServiceSubHandler : Message received: what = 23
05-17 10:40:31.115  2383  2731 V QImsService: IFMsg_Rxr : Read packet: 67 bytes
05-17 10:40:31.115  2383  2731 V QImsService: ImsSenderRxr : processResponse[SUB0]
05-17 10:40:31.115  2383  2731 I QImsService: ImsSenderRxr : Response data: [12, 13, -1, -1, -1, -1, 16, 3, 24, -52, 1, 32, 0, 8, 1, 32, 18, 42, 48, 115, 105, 112, 58, 43, 52, 52, 55, 55, 57, 50, 55, 49, 49, 50, 49, 51, 64, 105, 109, 115, 46, 101, 101, 46, 99, 111, 46, 117, 107, 124, 116, 101, 108, 58, 43, 52, 52, 55, 55, 57, 50, 55, 49, 49, 50, 49, 51][SUB0]
05-17 10:40:31.115  2383  2731 I QImsService: ImsSenderRxr :  Tag -1 3 204 0[SUB0]
05-17 10:40:31.115  2383  2731 I QImsService: ImsSenderRxr :  responseImsRegistration[SUB0]
05-17 10:40:31.115  2383  2731 I QImsService: ImsSenderRxr : Ims registrationorg.codeaurora.ims.ImsQmiIF$Registration@3a38959[SUB0]
05-17 10:40:31.115  2383  2731 I QImsService: ImsSenderRxr : [UNSL]< UNSOL_RESPONSE_IMS_NETWORK_STATE_CHANGED[SUB0]
05-17 10:40:31.115  2383  2383 I QImsService: ImsServiceSubHandler : Message received: what = 2
05-17 10:40:31.116  2383  2383 I QImsService: ImsServiceSubHandler : handleImsStateChanged
05-17 10:40:31.116  2383  2383 I QImsService: ImsSenderRxr : [0019]> REQUEST_QUERY_SERVICE_STATUS[SUB0]
05-17 10:40:31.116  2383  2383 I QImsService: ImsSenderRxr : Message data: [0, 0, 0, 12, 11, 13, 19, 0, 0, 0, 16, 1, 24, 29, 32, 0][SUB0]
05-17 10:40:31.118  2383  2383 I QImsService: ImsServiceSubHandler : regState = 1, imsRat = 18
05-17 10:40:31.118  2383  2383 I QImsService: ImsServiceSubHandler : errorCode = 0,errorMessage = null
05-17 10:40:31.118  2383  2383 D WfcController: setRegistered
05-17 10:40:31.118  2383  2383 D WfcController: handleRegistration: new reg state: 1, previous reg state: 2
05-17 10:40:31.118  2383  2732 D ImsManager: registrationConnectedWithRadioTech :: imsRadioTech=18
05-17 10:40:31.118  2383  2383 D WfcController: handleRegistration: mRegistrationErrorCode: -1
05-17 10:40:31.118  2383  2732 D ImsPhoneCallTracker: [ImsPhoneCallTracker] onImsConnected
05-17 10:40:31.118  2383  2383 D WfcController: sendWfcIntent: 1, -1
05-17 10:40:31.119  2383  2808 D ImsPhone: updateDataServiceState: defSs = 0 0 voice home data home EE EE 23430 EE EE 23430  LTE LTE CSS not supported -1 -1 RoamInd=-1 DefRoamInd=-1 EmergOnly=false IsDataRoamingFromRegistration=false IsUsingCarrierAggregation=falseEriInd= -1EriMode= -1RadioPowerSv: false EmergOnly=false PhoneType: 1 IMSRegState: 1 imsSs = 0 0 voice home data home null null null null null null  Unknown LTE CSS not supported -1 -1 RoamInd=-1 DefRoamInd=-1 EmergOnly=false IsDataRoamingFromRegistration=false IsUsingCarrierAggregation=falseEriInd= -1EriMode= -1RadioPowerSv: false EmergOnly=false PhoneType: 0 IMSRegState: -1
05-17 10:40:31.119  2383  2808 D ImsPhone: IMS registration state is: true,attached: true
05-17 10:40:31.119  2383  2808 D ImsPhone: mImsRadioTech: 18,mPreImsRAT: 14, preDataRat: 14
05-17 10:40:31.119  2383  2808 D ImsPhone: Broadcast IMS Notification state : true
05-17 10:40:31.121 10029 10029 D ImsManager: [getNetworkSwitchProp] NETWORK_SWITCH : 0
05-17 10:40:31.121 10029 10029 D ImsManager: [getNetworkSwitchProp] NETWORK_SWITCH : 0
05-17 10:40:31.122  2383  2731 V QImsService: IFMsg_Rxr : Read packet: 100 bytes
05-17 10:40:31.122  2383  2731 V QImsService: ImsSenderRxr : processResponse[SUB0]
05-17 10:40:31.122  2383  2383 D SST(0)  : onReceive(): action = ACTION_WFC_REGISTRATION, mWFCRegistered = true
05-17 10:40:31.122  2383  2731 I QImsService: ImsSenderRxr : Response data: [11, 13, 19, 0, 0, 0, 16, 2, 24, 29, 32, 0, 18, 14, 8, 1, 24, 10, 58, 8, 8, 18, 16, 2, 34, 2, 8, 1, 18, 14, 8, 1, 24, 0, 58, 8, 8, 18, 16, 2, 34, 2, 8, 1, 18, 12, 8, 1, 24, 3, 58, 6, 16, 0, 34, 2, 8, 2, 18, 12, 8, 1, 24, 1, 58, 6, 16, 0, 34, 2, 8, 2, 18, 12, 8, 1, 24, 2, 58, 6, 16, 0, 34, 2, 8, 2, 18, 12, 8, 1, 24, 11, 58, 6, 16, 0, 34, 2, 8, 2][SUB0]
05-17 10:40:31.122  2383  2731 I QImsService: ImsSenderRxr :  Tag 19 2 29 0[SUB0]
05-17 10:40:31.123  2383  2731 I QImsService: ImsSenderRxr : isValid = true type = 10 status = 0 userdata = null[SUB0]
05-17 10:40:31.123  2383  2731 I QImsService: ImsSenderRxr :  networkMode = 18 status = 2 restrictCause = 0 registered = 1[SUB0]
05-17 10:40:31.123  2383  2731 I QImsService: ImsSenderRxr : isValid = true type = 0 status = 0 userdata = null[SUB0]
05-17 10:40:31.123  2383  2731 I QImsService: ImsSenderRxr :  networkMode = 18 status = 2 restrictCause = 0 registered = 1[SUB0]
05-17 10:40:31.123  2383  2731 I QImsService: ImsSenderRxr : isValid = true type = 3 status = 0 userdata = null[SUB0]
05-17 10:40:31.123  2383  2731 I QImsService: ImsSenderRxr :  networkMode = -1 status = 0 restrictCause = 0 registered = 2[SUB0]
05-17 10:40:31.123  2383  2731 I QImsService: ImsSenderRxr : isValid = true type = 1 status = 0 userdata = null[SUB0]
05-17 10:40:31.123  2383  2731 I QImsService: ImsSenderRxr :  networkMode = -1 status = 0 restrictCause = 0 registered = 2[SUB0]
05-17 10:40:31.123  2383  2383 D SST(0)  : SPN_STRINGS_UPDATED_ACTION serviceStatus: 0 rejectCause:0
05-17 10:40:31.123  2383  2731 I QImsService: ImsSenderRxr : isValid = true type = 2 status = 0 userdata = null[SUB0]
05-17 10:40:31.123  2383  2731 I QImsService: ImsSenderRxr :  networkMode = -1 status = 0 restrictCause = 0 registered = 2[SUB0]
05-17 10:40:31.123  2383  2383 D SIMRecords: [SIMRecords] getServiceProviderName: no brandOverride, providerName=null
05-17 10:40:31.123  2383  2731 I QImsService: ImsSenderRxr : isValid = true type = 11 status = 0 userdata = null[SUB0]
05-17 10:40:31.123  2383  2731 I QImsService: ImsSenderRxr :  networkMode = -1 status = 0 restrictCause = 0 registered = 2[SUB0]
05-17 10:40:31.123  2383  2383 D SIMRecords: [SIMRecords] getServiceProviderName: no brandOverride, providerName=null
05-17 10:40:31.123  2383  2731 I QImsService: ImsSenderRxr : [0019]< REQUEST_QUERY_SERVICE_STATUS [org.codeaurora.ims.ServiceStatus@450c91e, org.codeaurora.ims.ServiceStatus@ee0f5ff, org.codeaurora.ims.ServiceStatus@2f69fcc, org.codeaurora.ims.ServiceStatus@b7a6215, org.codeaurora.ims.ServiceStatus@e3c592a, org.codeaurora.ims.ServiceStatus@358f31b][SUB0]
05-17 10:40:31.123  2383  2383 D SIMRecords: [SIMRecords] getServiceProviderName: no brandOverride, providerName=null
05-17 10:40:31.123  2383  2383 D TelephonyManager: setTelephonyProperty: success phoneId=0 property=gsm.operator.alpha value: EE propVal=EE
05-17 10:40:31.124  2383  2383 I QImsService: ImsServiceSubHandler : Message received: what = 5
05-17 10:40:31.124  2383  2383 I QImsService: ImsServiceSubHandler : Received event: EVENT_GET_STATUS_UPDATE
05-17 10:40:31.124  2383  2383 I QImsService: ImsServiceSub : type = 10 status = 0 isValid = true
05-17 10:40:31.124  2383  2383 I QImsService: ImsServiceSub : Call Type 10has num updates = 1
05-17 10:40:31.124  2383  2383 I QImsService: ImsServiceSub : StatusForAccessTech networkMode = 18 registered = 1 status = 2 restrictCause = 0
05-17 10:40:31.124  2383  2383 I QImsService: ImsServiceSub : enabledFeature = 7
05-17 10:40:31.124  2383  2383 I QImsService: ImsServiceSub : type = 0 status = 0 isValid = true
05-17 10:40:31.124  2383  2383 I QImsService: ImsServiceSub : Call Type 0has num updates = 1
05-17 10:40:31.124  2383  2383 I QImsService: ImsServiceSub : StatusForAccessTech networkMode = 18 registered = 1 status = 2 restrictCause = 0
05-17 10:40:31.124  2383  2383 I QImsService: ImsServiceSub : enabledFeature = 2
05-17 10:40:31.124  2383  2383 D WfcController: handleSrvStatusUpdate mRegistrationErrorCode=-1
05-17 10:40:31.124  2383  2383 D WfcController: handleSrvStatusUpdate isWifiRatFound=true, registered=true
05-17 10:40:31.124  2383  2383 I QImsService: ImsServiceSub : type = 3 status = 0 isValid = true
05-17 10:40:31.124  2383  2383 I QImsService: ImsServiceSub : Call Type 3has num updates = 1
05-17 10:40:31.124  2383  2383 I QImsService: ImsServiceSub : StatusForAccessTech networkMode = -1 registered = 2 status = 0 restrictCause = 0
05-17 10:40:31.124  2383  2383 I QImsService: ImsServiceSub : disabledFeature = 1
05-17 10:40:31.124  2383  2383 I QImsService: ImsServiceSub : type = 1 status = 0 isValid = true
05-17 10:40:31.124  2383  2383 I QImsService: ImsServiceSub : Call Type 1has num updates = 1
05-17 10:40:31.124  2383  2383 I QImsService: ImsServiceSub : StatusForAccessTech networkMode = -1 registered = 2 status = 0 restrictCause = 0
05-17 10:40:31.124  2383  2383 I QImsService: ImsServiceSub : disabledFeature = 1
05-17 10:40:31.124  2383  2383 I QImsService: ImsServiceSub : type = 2 status = 0 isValid = true
05-17 10:40:31.124  2383  2383 I QImsService: ImsServiceSub : Call Type 2has num updates = 1
05-17 10:40:31.125  2383  2383 I QImsService: ImsServiceSub : StatusForAccessTech networkMode = -1 registered = 2 status = 0 restrictCause = 0
05-17 10:40:31.125  2383  2383 I QImsService: ImsServiceSub : disabledFeature = 1
05-17 10:40:31.125  2383  2383 I QImsService: ImsServiceSub : type = 11 status = 0 isValid = true
05-17 10:40:31.125  2383  2383 I QImsService: ImsServiceSub : Call Type 11has num updates = 1
05-17 10:40:31.125  2383  2383 I QImsService: ImsServiceSub : StatusForAccessTech networkMode = -1 registered = 2 status = 0 restrictCause = 0
05-17 10:40:31.125  2383  2383 I QImsService: ImsServiceSub : disabledFeature = 4
05-17 10:40:31.125  2383  2383 I QImsService: ImsServiceClassTracker : updateFeatureCapabilities video false voice true
05-17 10:40:31.125  2383  2732 D ImsManager: registrationFeatureCapabilityChanged :: serviceClass=1
05-17 10:40:31.125  2383  2383 D QImsService: ImsMultiEndpointImpl : Message received: what = 2
05-17 10:40:31.125  2383  2383 D QImsService: ImsMultiEndpointImpl : EVENT_CAPABILITIES_CHANGED
05-17 10:40:31.125  2383  2732 D ImsPhoneCallTracker: [ImsPhoneCallTracker] onFeatureCapabilityChanged: VoLTE:false ViLTE:false VoWiFi:true ViWiFi:false UTLTE:false UTWiFi:false SMSLTE:false SMSWiFi:true 
05-17 10:40:31.125  2383  2383 D QImsService: ImsMultiEndpointImpl : updateCapabilities:: Video = false, Voice = true
05-17 10:40:31.125  2383  2732 D ImsPhoneCallTracker: [ImsPhoneCallTracker] onFeatureCapabilityChanged: isVolteEnabled=false, isVideoCallEnabled=false, isVowifiEnabled=true, isUtEnabled=false, isSMSLteEnabled=false, isSMSWifiEnabled=true
05-17 10:40:31.125  2383  2383 D SST(0)  : EVENT_IMS_CAPABILITY_CHANGED
05-17 10:40:31.127  2383  2383 D SST(0)  : SPN_STRINGS_UPDATED_ACTION serviceStatus: 0 rejectCause:0
05-17 10:40:31.127  2383  2383 D SIMRecords: [SIMRecords] getServiceProviderName: no brandOverride, providerName=null
05-17 10:40:31.127  2383  2383 D SIMRecords: [SIMRecords] getServiceProviderName: no brandOverride, providerName=null
05-17 10:40:31.127  2383  2383 D SIMRecords: [SIMRecords] getServiceProviderName: no brandOverride, providerName=null
05-17 10:40:31.127  2383  2383 D TelephonyManager: setTelephonyProperty: success phoneId=0 property=gsm.operator.alpha value: EE propVal=EE
05-17 10:40:31.150 10029 10029 D ACCCustomizationManager: simMccMnc= 23433 spn=  gid1= 0000 SubId= 1
05-17 10:40:31.150 10029 10029 D ImsManager: [isVolteEnabledByPlatform] Volte Enable : false, support_volte : true
05-17 10:40:31.162 10029 10029 D ImsManager: [getNetworkSwitchProp] NETWORK_SWITCH : 0
05-17 10:40:31.162 10029 10029 D ImsManager: [getNetworkSwitchProp] NETWORK_SWITCH : 0
05-17 10:40:31.166 10029 10029 D ACCCustomizationManager: simMccMnc= 23433 spn=  gid1= 0000 SubId= 1
05-17 10:40:31.166 10029 10029 D ImsManager: [isVolteEnabledByPlatform] Volte Enable : false, support_volte : true
05-17 10:40:31.167 10029 10029 D ImsManager: Mccmnc :23433
05-17 10:40:31.167 10029 10029 D ImsManager: [getNetworkSwitchProp] NETWORK_SWITCH : 0
05-17 10:40:31.171 10029 10029 D ACCCustomizationManager: simMccMnc= 23433 spn=  gid1= 0000 SubId= 1
05-17 10:40:31.318  2383  2530 D RILJ    : ACK_WAKE_LOCK_TIMEOUT
05-17 10:40:35.671  2383  2824 D SubscriptionController: [getPhoneId] asked for default subId=1
05-17 10:40:35.701  2383  7895 D RIL_IccCardProxy-(0): getState: set mPhoneId=0 mExternalState=READY
05-17 10:40:35.757  2383  2865 D RIL_IccCardProxy-(0): getState: set mPhoneId=0 mExternalState=READY
05-17 10:40:35.766  2383  2566 D RIL_IccCardProxy-(0): getState: set mPhoneId=0 mExternalState=READY
05-17 10:40:35.896  2383  2383 D CAT     : k: INTENT_ACTION_NOTIFY_ENTER_HOME mIsHandlingSessionEnd=false
05-17 10:40:35.899  2383  2383 D CAT     : StkAppService: Event :5
05-17 10:40:35.899  2383  2383 E CAT     : StkAppService: SetupEventList is not received. Ignoring the event: 5
05-17 10:40:35.899  2383  2383 E CAT     : StkAppService:  Event does not exist in the EventList
05-17 10:40:36.952  2383  7895 D SubscriptionController: [getPhoneId] asked for default subId=1
05-17 10:40:37.064  2383  2397 D SubscriptionController: [getPhoneId] asked for default subId=1
05-17 10:40:37.123  4100  4100 D ImsManager: [getNetworkSwitchProp] NETWORK_SWITCH : 0
05-17 10:40:37.123  4100  4100 D ImsManager: [getNetworkSwitchProp] NETWORK_SWITCH : 0
05-17 10:40:37.127  4100  4100 D ACCCustomizationManager: simMccMnc= 23433 spn=  gid1= 0000 SubId= 1
05-17 10:40:37.127  4100  4100 D ImsManager: [isWfcEnabledByPlatform] htc sense qctEnabled: true, movialEnabled: false, isWfcEnalbefalse
05-17 10:40:37.148  2383  2397 D SubscriptionController: [getPhoneId] asked for default subId=1
05-17 10:40:37.167  4100  4100 D ImsManager: [getNetworkSwitchProp] NETWORK_SWITCH : 0
05-17 10:40:37.167  4100  4100 D ImsManager: [getNetworkSwitchProp] NETWORK_SWITCH : 0
05-17 10:40:37.171  4100  4100 D ACCCustomizationManager: simMccMnc= 23433 spn=  gid1= 0000 SubId= 1
05-17 10:40:37.171  4100  4100 D ImsManager: [isWfcEnabledByPlatform] htc sense qctEnabled: true, movialEnabled: false, isWfcEnalbefalse
05-17 10:40:37.172  4100  4100 D ImsManager: [getNetworkSwitchProp] NETWORK_SWITCH : 0
05-17 10:40:37.172  4100  4100 D ImsManager: [getNetworkSwitchProp] NETWORK_SWITCH : 0
05-17 10:40:37.184  4100  4100 D ACCCustomizationManager: simMccMnc= 23433 spn=  gid1= 0000 SubId= 1
05-17 10:40:37.184  4100  4100 D ImsManager: [isWfcEnabledByPlatform] htc sense qctEnabled: true, movialEnabled: false, isWfcEnalbefalse
05-17 10:40:37.295  4100  4100 D ImsManager: [getNetworkSwitchProp] NETWORK_SWITCH : 0
05-17 10:40:37.295  4100  4100 D ImsManager: [getNetworkSwitchProp] NETWORK_SWITCH : 0
05-17 10:40:37.300  4100  4100 D ACCCustomizationManager: simMccMnc= 23433 spn=  gid1= 0000 SubId= 1
05-17 10:40:37.300  4100  4100 D ImsManager: [isWfcEnabledByPlatform] htc sense qctEnabled: true, movialEnabled: false, isWfcEnalbefalse
05-17 10:40:37.300  4100  4100 D ImsManager: [getNetworkSwitchProp] NETWORK_SWITCH : 0
05-17 10:40:37.300  4100  4100 D ImsManager: [getNetworkSwitchProp] NETWORK_SWITCH : 0
05-17 10:40:37.302  4100  4100 D ACCCustomizationManager: simMccMnc= 23433 spn=  gid1= 0000 SubId= 1
05-17 10:40:37.303  4100  4100 D ImsManager: [isWfcEnabledByPlatform] htc sense qctEnabled: true, movialEnabled: false, isWfcEnalbefalse
05-17 10:40:37.335  4100  4100 D PhoneNumberUtils: slotId:0 subId:1 country:null emergencyNumbers: 999,112,9999,1122,141999,141112,911
05-17 10:40:37.452  4100  4100 D ImsManager: [getNetworkSwitchProp] NETWORK_SWITCH : 0
05-17 10:40:37.452  4100  4100 D ImsManager: [getNetworkSwitchProp] NETWORK_SWITCH : 0
05-17 10:40:37.454  4100  4100 D ACCCustomizationManager: simMccMnc= 23433 spn=  gid1= 0000 SubId= 1
05-17 10:40:37.454  4100  4100 D ImsManager: [isWfcEnabledByPlatform] htc sense qctEnabled: true, movialEnabled: false, isWfcEnalbefalse
05-17 10:40:37.456  4100  4100 D PhoneNumberUtils: slotId:0 subId:1 country:null emergencyNumbers: 999,112,9999,1122,141999,141112,911
05-17 10:40:37.702  2383  2397 D RIL_IccCardProxy-(0): getState: set mPhoneId=0 mExternalState=READY
05-17 10:40:37.729  2383  7895 D RIL_IccCardProxy-(0): getState: set mPhoneId=0 mExternalState=READY
05-17 10:40:37.906  2383  8314 D RIL_IccCardProxy-(0): getState: set mPhoneId=0 mExternalState=READY
05-17 10:40:37.919  2383  2397 D RIL_IccCardProxy-(0): getState: set mPhoneId=0 mExternalState=READY
05-17 10:40:37.957  2383  2396 D RIL_IccCardProxy-(0): getState: set mPhoneId=0 mExternalState=READY
05-17 10:40:37.959  2383  2823 D RIL_IccCardProxy-(0): getState: set mPhoneId=0 mExternalState=READY
05-17 10:40:38.009  2383  7895 D RIL_IccCardProxy-(0): getState: set mPhoneId=0 mExternalState=READY
05-17 10:40:39.068  4100  4100 D ImsManager: [getNetworkSwitchProp] NETWORK_SWITCH : 0
05-17 10:40:39.068  4100  4100 D ImsManager: [getNetworkSwitchProp] NETWORK_SWITCH : 0
05-17 10:40:39.071  4100  4100 D ACCCustomizationManager: simMccMnc= 23433 spn=  gid1= 0000 SubId= 1
05-17 10:40:39.071  4100  4100 D ImsManager: [isWfcEnabledByPlatform] htc sense qctEnabled: true, movialEnabled: false, isWfcEnalbefalse
05-17 10:40:39.071  4100  4100 D ImsManager: [getNetworkSwitchProp] NETWORK_SWITCH : 0
05-17 10:40:39.071  4100  4100 D ImsManager: [getNetworkSwitchProp] NETWORK_SWITCH : 0
05-17 10:40:39.073  4100  4100 D ACCCustomizationManager: simMccMnc= 23433 spn=  gid1= 0000 SubId= 1
05-17 10:40:39.073  4100  4100 D ImsManager: [isWfcEnabledByPlatform] htc sense qctEnabled: true, movialEnabled: false, isWfcEnalbefalse
05-17 10:40:39.098  4100  4100 D ImsManager: [getNetworkSwitchProp] NETWORK_SWITCH : 0
05-17 10:40:39.098  4100  4100 D ImsManager: [getNetworkSwitchProp] NETWORK_SWITCH : 0
05-17 10:40:39.104  4100  4100 D ACCCustomizationManager: simMccMnc= 23433 spn=  gid1= 0000 SubId= 1
05-17 10:40:39.104  4100  4100 D ImsManager: [isWfcEnabledByPlatform] htc sense qctEnabled: true, movialEnabled: false, isWfcEnalbefalse
05-17 10:40:39.154  2383  2383 D GsmCdmaPhone(0): [GsmCdmaPhone] getvoicemail ,mccmnc:23433 ,isRoaming:false
05-17 10:40:39.155  2383  2383 D GsmCdmaPhone(0): [GsmCdmaPhone] getvoicemail ,mccmnc:23433 ,isRoaming:false
05-17 10:40:39.183  2383  2383 D ImsManager: [getNetworkSwitchProp] NETWORK_SWITCH : 0
05-17 10:40:39.183  2383  2383 D ImsManager: [getNetworkSwitchProp] NETWORK_SWITCH : 0
05-17 10:40:39.186  2383  2383 D ACCCustomizationManager: simMccMnc= 23433 spn=  gid1= 0000 SubId= 1
05-17 10:40:39.186  2383  2383 D ImsManager: [isVolteEnabledByPlatform] Volte Enable : false, support_volte : true
05-17 10:40:39.187  2383  2383 D ImsManager: Mccmnc :23433
05-17 10:40:39.187  2383  2383 D ImsManager: [getNetworkSwitchProp] NETWORK_SWITCH : 0
05-17 10:40:39.188  2383  2383 D ACCCustomizationManager: simMccMnc= 23433 spn=  gid1= 0000 SubId= 1
05-17 10:40:39.188  2383  2383 D RIL_IccCardProxy-(0): getState: set mPhoneId=0 mExternalState=READY
05-17 10:40:39.188  2383  2383 D RIL_IccCardProxy-(0): getState: set mPhoneId=0 mExternalState=READY
05-17 10:40:39.188  2383  2383 D RIL_IccCardProxy-(0): getState: set mPhoneId=0 mExternalState=READY
